Usage: togi watch [--width <columns>] [--height <rows>]

Show the session as a read-only dashboard. It redraws when the journal changes
and once a second for the clock. During an idle trial it holds still, clock
included, until the journal changes, a key is pressed or the terminal is
resized. togi says in plain words what it is doing and why, how far the
current trial and cycle have come, and what each outcome would lead to. Each
CCD's cores show their offsets and limits side by side; below them, the cycle,
hunt or search beside what happened recently. On a terminal, keys switch
views: ? explains the screen, l shows the newest 400 journal events, the arrow
and page keys scroll both, q quits. A journal scrolled back holds its list
still and counts new events until End. Rendered from the journal, which it
reloads only when it changes.
On a terminal it fills the screen until interrupted; otherwise it prints one
frame of --width by --height and exits. An unreadable or incompatible journal
appears in the frame and on stderr, and one-frame watch exits 1; live watch
keeps showing the problem. No session yet is not an error. The tuning boot
shows it on tty1. NO_COLOR turns colour off.

Examples:
  togi watch                                 The session in the default state directory, full screen
  togi --state-dir <dir> watch > frame.txt   One 240x67 frame of the session in <dir>

Flags:
  --height <rows>      frame height in rows when stdout is not a terminal
  --width <columns>    frame width in columns when stdout is not a terminal

Global flags:
  --state-dir <path>   state directory path (default /var/lib/togi)
