Usage: togi run [--cycles <N>] [--tuning-boot <grubenv>] [--no-tui]

Start or resume the tuning session in the foreground: search for each core's
solo limit, hunt the core or combination behind unattributed failures with
parked trials, deepen the profile to the most total depth its failure points
and combinations allow, then keep checking it with full cycles. After a crash,
the next run attributes it from the journal and continues. On resume, known defects
affecting past decisions name the cores; in a terminal run offers to reset them.
An unanswered too-aggressive defect stops an unattended run. It needs root.
A journal from an older ruleset, schema or evidence epoch, and no newer one,
is archived. The new session starts each core from its solo limit and failure point,
carrying eligible same-BIOS trial facts for solo-limit checks, hunts, reruns and
deepening. Passes carry only from the current evidence epoch; cycles still
require live passes. A newer ruleset, schema or evidence epoch stops the run
before another event is written; reset --all archives that session. An older
journal is archived even with unknown event kinds; carry uses only known events.
Unknown kinds in a current-ruleset, current-schema, current-epoch journal stop
both run and reset; install the build that wrote them. Journal lines are colored
on terminals and in the system journal unless NO_COLOR is set.

Only one run or reset can own this machine, even with different state directories.
A busy /run/lock/togi.lock stops the command before any hardware access or event.

When stdin and stderr are terminals, run shows the session as the watch
dashboard instead of one line per event, and prints the outcome when it stops:
the restored offsets and why it stopped, or the dead end or error;
events.jsonl still records every event. --no-tui prints the lines instead.

--cycles N stops after N clean cycles valid for the current
profile once every core is at its limit and deepening can reach no more depth. An
earlier cycle can count after a deepening if its profile was at least as deep
and no failure since the last reset contradicted it.

Without --tuning-boot, run checks the hardware watchdog once and warns if none
is active, then continues. A freeze without reset protection needs a manual
reset; start sessions from the tuning boot, especially after a breaking update.

--tuning-boot runs the unattended service with an armed hardware watchdog.
The first durable journal append resets its consecutive restart-limit count and
records a pending leave reason once. Dead ends and incompatible or unknown-kind
journals persist a short leave reason before clearing the saved GRUB entry.

Examples:
  sudo togi run                     Tune this machine until a signal or a dead end
  sudo togi run --cycles 1            Stop after search finishes and one clean cycle passes
  sudo togi run --no-tui            Print one line per event instead of the dashboard

Flags:
  --config <path>      configuration file path for run and reset (default /etc/togi/config.toml)
  --cycles <N>         stop after N clean cycles valid for the current profile once every core is at its limit and deepening can reach no more depth (default endless)
  --no-tui             print one line per event instead of the dashboard on a terminal
  --tuning-boot <file> run as the tuning boot service: require an armed hardware watchdog within 30s; reset retry count on the first durable journal append; persist a leave reason before clearing saved_entry in this GRUB environment file, and reboot after a boot loop

Global flags:
  --state-dir <path>   state directory path (default /var/lib/togi)
