Usage: togi completion bash|zsh|fish|nushell

Print the completion script for one shell to stdout. It completes command
names, each command's flags, file paths for --config, --state-dir and
--tuning-boot, and the comma-separated kinds and groups for events --kind.
In nushell, --kind completes one kind or group, not the items after a comma;
the script needs nushell 0.115.1 or newer. The Nix package installs all four
scripts; regenerate a script you saved yourself after updating togi.

Examples:
  source <(togi completion bash)              Load completions in bash, such as from ~/.bashrc
  source <(togi completion zsh)               Load completions in zsh after compinit
  togi completion fish | source               Load completions in fish
  togi completion nushell | save -f togi.nu   Write a script for nushell's source command

Global flags:
  --state-dir <path>   state directory path (default /var/lib/togi)
