Usage: togi restart-limit --tuning-boot <grubenv>

Recover after the tuning service reaches its restart limit. Persist the count
and leave reason in the GRUB environment before requesting a reboot. The first
two consecutive restart-limit hits reboot back into the tuning boot; the third
clears and verifies saved_entry so the reboot selects the normal system. The
first durable journal append by run resets this count.

A retry creates /run/togi-retry-tuning-boot after the GRUB write succeeds, so the
shutdown service keeps the tuning entry selected. A failed reboot removes the
marker. Errors exit unsuccessfully so the service can fall back to a normal boot.
This command does not open the journal or access the CPU hardware.

Examples:
  sudo togi restart-limit --tuning-boot /boot/grub/grubenv

Flags:
  --tuning-boot <file> GRUB environment file for retry state and the saved tuning entry (required)

Global flags:
  --state-dir <path>   state directory path (default /var/lib/togi)
