hunt 2, mask 3 | qualified rotations since last deepening: 0, latest rotation 0
session s1 started 1970-01-01T00:01:40Z
in flight: none

CORE  CCD  SLOT  OFFSET  PHASE  FAILED  JOINT  QUEUED  LAST DECISION
03    0    3     -10     done   -       -      -       -
07    0    7     -8      done   -       -      -       -

hunt 2 [#40]: unattributed computation_error in R7 trial 0001; anchor rotation end #20
  candidates 03 07
MASK  CORES                    OUTCOME  STARTS
M3    03 at -10 with 07 at -8  running  2/5
