checking lap 2, steps 14/14 | clean laps since last deepening: 2, latest lap 2
session 20260101T000000Z started 2026-01-01T00:00:00Z
BIOS SIM.1 on togi simulator, Simulated Zen 5 16-Core Processor, microcode 0x0, boost limit 5700 MHz
in flight: none

CORE  CCD  SLOT  OFFSET  PHASE     FAILURE  COMBINATIONS  QUEUED  LAST DECISION
00    0    0     -37     at_limit  -38      -             -       [#4262] core 00 search -> at its limit at -37 (solo limit -37 passed 5 starts of R1 mprime-sse-4k-21k and R2 mprime-avx2-36k-248k; failure point -38 of core 00)
01    0    1     -31     at_limit  -32      -             -       [#6056] core 01 backed off at -32; next -31 (attributed corrected_mce in together R3 trial 0668; failure point -32)
02    0    2     -35     at_limit  -36      -             -       [#4204] core 02 search -> at its limit at -35 (solo limit -35 passed 5 starts of R1 mprime-sse-4k-21k and R2 mprime-avx2-36k-248k; failure point -36 of core 02)
03    0    3     -17     at_limit  -18      -             -       [#4065] core 03 search -> at its limit at -17 (solo limit -17 passed 5 starts of R1 mprime-sse-4k-21k and R2 mprime-avx2-36k-248k; failure point -18 of core 03)
04    0    4     -32     at_limit  -33      -             -       [#4251] core 04 search -> at its limit at -32 (solo limit -32 passed 5 starts of R1 mprime-sse-4k-21k and R2 mprime-avx2-36k-248k; failure point -33 of core 04)
05    0    5     -7      at_limit  -8       -             -       [#4530] core 05 backed off at -8; next -7 (attributed computation_error in together R7 trial 0432; failure point -8)
06    0    6     -27     at_limit  -28      -             -       [#4508] core 06 backed off at -28; next -27 (attributed corrected_mce in together R7 trial 0430; failure point -28)
07    0    7     -30     at_limit  -31      -             -       [#6554] core 07 backed off at -31; next -30 (attributed computation_error in parked R4 trial 0722; failure point -31)
08    1    0     -24     at_limit  -25      -             -       [#5537] core 08 backed off at -25; next -24 (attributed computation_error in together R5 trial 0573; failure point -25)
09    1    1     -16     at_limit  -17      -             -       [#4829] core 09 backed off at -17; next -16 (attributed computation_error in together R7 trial 0451; failure point -17)
10    1    2     -15     at_limit  -16      -             -       [#6104] core 10 backed off at -16; next -15 (attributed corrected_mce in together R3 trial 0676; failure point -16)
11    1    3     -4      at_limit  -5       -             -       [#4798] core 11 backed off at -5; next -4 (attributed unexpected_exit in together R7 trial 0448; failure point -5)
12    1    4     -7      at_limit  -8       -             -       [#5891] core 12 backed off at -8; next -7 (attributed corrected_mce in together R1 trial 0621; failure point -8)
13    1    5     -22     at_limit  -23      -             -       [#4851] core 13 backed off at -23; next -22 (attributed corrected_mce in together R7 trial 0453; failure point -23)
14    1    6     0       at_limit  -1       -             -       [#4840] core 14 backed off at -1; next 0 (attributed corrected_mce in together R7 trial 0452; failure point -1)
15    1    7     -35     at_limit  -36      -             -       [#5828] core 15 backed off at -36; next -35 (attributed computation_error in together R5 trial 0605; failure point -36)

REGIME  WORKLOAD                         STARTS
R1      mprime-sse-4k-21k                36
R1      ycruncher-bkt-sftv4              32
R1      ycruncher-snt-svt                32
R2      mprime-avx2-36k-248k             36
R2      mprime-avx512-36k-248k           32
R2      ycruncher-fftv4-n63-vt3          32
R3      mprime-sse-4k-21k-steps          44
R4      mprime-sse-4k-21k-duty25         36
R5      mprime-sse-4k-21k-smt            40
R6      mprime-sse-4k-21k-idle           7
R6      ycruncher-bkt-sftv4-idle         2
R7      mprime-avx2-36k-248k-allcore     28
R7      mprime-avx512-36k-248k-allcore   24
R7      ycruncher-fftv4-n63-vt3-allcore  24
Tctl max since last profile change 76°C [#6602]
