 togi   GUARD   session 10h15m   last event 40s ago                                                            10:15:17
16/16 done | tier -- | clean 0h00m since tier clock #4274 | 28 failures | 7 crashes
cores 00 01 02 03 04 05 06 07   resident   R7 mprime AVX2 36K-248K all-core   ██████████░░░░░░░░░░░░░░░░░░░░ 40/120s
last failure 3h15m ago   core 00 failure at CO -38: crash in trial 0294 (isolated: attributed to the target)

CCD 0
┌─ 00 > TESTING ───── DONE ─┐ ┌─ 01 > TESTING ───── DONE ─┐ ┌─ 02 > TESTING ───── DONE ─┐ ┌─ 03 > TESTING ───── DONE ─┐
│ -37                       │ │ -34                       │ │ -35                       │ │ -17                       │
│ ██████████████████x...... │ │ █████████████████x....... │ │ █████████████████x....... │ │ ████████x................ │
│ 0                -37  -50 │ │ 0              -34    -50 │ │ 0               -35   -50 │ │ 0      -17            -50 │
└───────────────────────────┘ └───────────────────────────┘ └───────────────────────────┘ └───────────────────────────┘
┌─ 04 > TESTING ───── DONE ─┐ ┌─ 05 > TESTING ───── DONE ─┐ ┌─ 06 > TESTING ───── DONE ─┐ ┌─ 07 > TESTING ───── DONE ─┐
│ -32                       │ │ -10                       │ │ -30                       │ │ -32                       │
│ ████████████████x........ │ │ █████x................... │ │ ███████████████x......... │ │ ████████████████x........ │
│ 0             -32     -50 │ │ 0  -10                -50 │ │ 0            -30      -50 │ │ 0             -32     -50 │
└───────────────────────────┘ └───────────────────────────┘ └───────────────────────────┘ └───────────────────────────┘

CCD 1
┌─ 08 ─────────────── DONE ─┐ ┌─ 09 ─────────────── DONE ─┐ ┌─ 10 ─────────────── DONE ─┐ ┌─ 11 ─────────────── DONE ─┐
│ -27                       │ │ -18                       │ │ -16                       │ │  -7                       │
│ █████████████x........... │ │ █████████x............... │ │ ████████x................ │ │ ███x..................... │
│ 0           -27       -50 │ │ 0      -18            -50 │ │ 0     -16             -50 │ │ 0 -7                  -50 │
└───────────────────────────┘ └───────────────────────────┘ └───────────────────────────┘ └───────────────────────────┘
┌─ 12 ─────────────── DONE ─┐ ┌─ 13 ─────────────── DONE ─┐ ┌─ 14 ─────────────── DONE ─┐ ┌─ 15 ─────────────── DONE ─┐
│ -10                       │ │ -24                       │ │  -4                       │ │ -39                       │
│ █████x................... │ │ ████████████x............ │ │ ██x...................... │ │ ███████████████████x..... │
│ 0  -10                -50 │ │ 0         -24         -50 │ │ -4 -5                 -50 │ │ 0                 -39 -50 │
└───────────────────────────┘ └───────────────────────────┘ └───────────────────────────┘ └───────────────────────────┘
CO 0 -> -50     > trial     x failed mark     j joint mark     · mask anchor     ░ unexplored
Recent
10h14m  guard rotation 1 start: R7 R7 R7 R2 R2 R2 R6 R5 R1 R1 R1 R3 R4 R6
10h14m  trial 0425 cores 00, 01, 02, 03, 04, 05, 06, 07 R7 mprime AVX2 36K-248K all-core 120s resident rotation 1
