 [1;7m togi [m  [1mGUARD[m   [90msession 10h15m   last event 40s ago[m                                                                                                                                                                                   [1m10:15:17[m
 [90m16/16 done | qualified rotations 0 since last deepening, latest 0 | 28 failures | 7 crashes[m

 [1mcores 00 01 02 03 04 05 06 07[m   resident   R7 mprime AVX2 36K-248K all-core   [97m██████████[m[90m░░░░░░░░░░░░░░░░░░░░[m 40/120s
 [90mrotation 1   step 1/14   [m[1mR7[m[90m | [m[90mR7 R7 R2 R2 R2 R6 R5 R1 R1 R1 R3 R4 R6[m
 [90mlast failure 3h15m ago   core 00 failure at CO -38: crash in trial 0294 (isolated: attributed to the target)[m


 [1mCCD 0[m

 [92m┌─ [m[1m00[m [1;30;107m> TESTING[m [92m──────────────────────────────────[m [92mDONE[m[92m ─┐[m  [92m┌─ [m[1m01[m [1;30;107m> TESTING[m [92m──────────────────────────────────[m [92mDONE[m[92m ─┐[m  [92m┌─ [m[1m02[m [1;30;107m> TESTING[m [92m──────────────────────────────────[m [92mDONE[m[92m ─┐[m  [92m┌─ [m[1m03[m [1;30;107m> TESTING[m [92m──────────────────────────────────[m [92mDONE[m[92m ─┐[m
 [92m│[m                      [1;97m    ▀▀█ ▀▀█[m                       [92m│[m  [92m│[m                      [1;97m    ▀▀█ █ █[m                       [92m│[m  [92m│[m                      [1;97m    ▀▀█ █▀▀[m                       [92m│[m  [92m│[m                      [1;97m    ▀█  ▀▀█[m                       [92m│[m
 [92m│[m                      [1;97m▀▀▀  ▀█   █[m                       [92m│[m  [92m│[m                      [1;97m▀▀▀  ▀█ ▀▀█[m                       [92m│[m  [92m│[m                      [1;97m▀▀▀  ▀█ ▀▀█[m                       [92m│[m  [92m│[m                      [1;97m▀▀▀  █    █[m                       [92m│[m
 [92m│[m                      [1;97m    ▀▀▀   ▀[m                       [92m│[m  [92m│[m                      [1;97m    ▀▀▀   ▀[m                       [92m│[m  [92m│[m                      [1;97m    ▀▀▀ ▀▀▀[m                       [92m│[m  [92m│[m                      [1;97m    ▀▀▀   ▀[m                       [92m│[m
 [92m│[m [92m████████████████████████████████████████[m[91mx[m[90m.............[m [92m│[m  [92m│[m [92m█████████████████████████████████████[m[91mx[m[90m................[m [92m│[m  [92m│[m [92m██████████████████████████████████████[m[91mx[m[90m...............[m [92m│[m  [92m│[m [92m███████████████████[m[91mx[m[90m..................................[m [92m│[m
 [92m│[m [90m0[m                                     [1;92m-[m[1;92m3[m[1;92m7[m          [90m-[m[90m5[m[90m0[m [92m│[m  [92m│[m [90m0[m                                  [1;92m-[m[1;92m3[m[1;92m4[m             [90m-[m[90m5[m[90m0[m [92m│[m  [92m│[m [90m0[m                                   [1;92m-[m[1;92m3[m[1;92m5[m            [90m-[m[90m5[m[90m0[m [92m│[m  [92m│[m [90m0[m                [1;92m-[m[1;92m1[m[1;92m7[m                               [90m-[m[90m5[m[90m0[m [92m│[m
 [92m└────────────────────────────────────────────────────────┘[m  [92m└────────────────────────────────────────────────────────┘[m  [92m└────────────────────────────────────────────────────────┘[m  [92m└────────────────────────────────────────────────────────┘[m

 [92m┌─ [m[1m04[m [1;30;107m> TESTING[m [92m──────────────────────────────────[m [92mDONE[m[92m ─┐[m  [92m┌─ [m[1m05[m [1;30;107m> TESTING[m [92m──────────────────────────────────[m [92mDONE[m[92m ─┐[m  [92m┌─ [m[1m06[m [1;30;107m> TESTING[m [92m──────────────────────────────────[m [92mDONE[m[92m ─┐[m  [92m┌─ [m[1m07[m [1;30;107m> TESTING[m [92m──────────────────────────────────[m [92mDONE[m[92m ─┐[m
 [92m│[m                      [1;97m    ▀▀█ ▀▀█[m                       [92m│[m  [92m│[m                      [1;97m    ▀█  █▀█[m                       [92m│[m  [92m│[m                      [1;97m    ▀▀█ █▀█[m                       [92m│[m  [92m│[m                      [1;97m    ▀▀█ ▀▀█[m                       [92m│[m
 [92m│[m                      [1;97m▀▀▀  ▀█ █▀▀[m                       [92m│[m  [92m│[m                      [1;97m▀▀▀  █  █ █[m                       [92m│[m  [92m│[m                      [1;97m▀▀▀  ▀█ █ █[m                       [92m│[m  [92m│[m                      [1;97m▀▀▀  ▀█ █▀▀[m                       [92m│[m
 [92m│[m                      [1;97m    ▀▀▀ ▀▀▀[m                       [92m│[m  [92m│[m                      [1;97m    ▀▀▀ ▀▀▀[m                       [92m│[m  [92m│[m                      [1;97m    ▀▀▀ ▀▀▀[m                       [92m│[m  [92m│[m                      [1;97m    ▀▀▀ ▀▀▀[m                       [92m│[m
 [92m│[m [92m███████████████████████████████████[m[91mx[m[90m..................[m [92m│[m  [92m│[m [92m███████████[m[91mx[m[90m..........................................[m [92m│[m  [92m│[m [92m█████████████████████████████████[m[91mx[m[90m....................[m [92m│[m  [92m│[m [92m███████████████████████████████████[m[91mx[m[90m..................[m [92m│[m
 [92m│[m [90m0[m                                [1;92m-[m[1;92m3[m[1;92m2[m               [90m-[m[90m5[m[90m0[m [92m│[m  [92m│[m [90m0[m        [1;92m-[m[1;92m1[m[1;92m0[m                                       [90m-[m[90m5[m[90m0[m [92m│[m  [92m│[m [90m0[m                              [1;92m-[m[1;92m3[m[1;92m0[m                 [90m-[m[90m5[m[90m0[m [92m│[m  [92m│[m [90m0[m                                [1;92m-[m[1;92m3[m[1;92m2[m               [90m-[m[90m5[m[90m0[m [92m│[m
 [92m└────────────────────────────────────────────────────────┘[m  [92m└────────────────────────────────────────────────────────┘[m  [92m└────────────────────────────────────────────────────────┘[m  [92m└────────────────────────────────────────────────────────┘[m


 [1mCCD 1[m

 [92m┌─ [m[1m08[m [92m────────────────────────────────────────────[m [92mDONE[m[92m ─┐[m  [92m┌─ [m[1m09[m [92m────────────────────────────────────────────[m [92mDONE[m[92m ─┐[m  [92m┌─ [m[1m10[m [92m────────────────────────────────────────────[m [92mDONE[m[92m ─┐[m  [92m┌─ [m[1m11[m [92m────────────────────────────────────────────[m [92mDONE[m[92m ─┐[m
 [92m│[m                      [1;97m    ▀▀█ ▀▀█[m                       [92m│[m  [92m│[m                      [1;97m    ▀█  █▀█[m                       [92m│[m  [92m│[m                      [1;97m    ▀█  █▀▀[m                       [92m│[m  [92m│[m                      [1;97m        ▀▀█[m                       [92m│[m
 [92m│[m                      [1;97m▀▀▀ █▀▀   █[m                       [92m│[m  [92m│[m                      [1;97m▀▀▀  █  █▀█[m                       [92m│[m  [92m│[m                      [1;97m▀▀▀  █  █▀█[m                       [92m│[m  [92m│[m                      [1;97m    ▀▀▀   █[m                       [92m│[m
 [92m│[m                      [1;97m    ▀▀▀   ▀[m                       [92m│[m  [92m│[m                      [1;97m    ▀▀▀ ▀▀▀[m                       [92m│[m  [92m│[m                      [1;97m    ▀▀▀ ▀▀▀[m                       [92m│[m  [92m│[m                      [1;97m          ▀[m                       [92m│[m
 [92m│[m [92m██████████████████████████████[m[91mx[m[90m.......................[m [92m│[m  [92m│[m [92m████████████████████[m[91mx[m[90m.................................[m [92m│[m  [92m│[m [92m██████████████████[m[91mx[m[90m...................................[m [92m│[m  [92m│[m [92m████████[m[91mx[m[90m.............................................[m [92m│[m
 [92m│[m [90m0[m                           [1;92m-[m[1;92m2[m[1;92m7[m                    [90m-[m[90m5[m[90m0[m [92m│[m  [92m│[m [90m0[m                 [1;92m-[m[1;92m1[m[1;92m8[m                              [90m-[m[90m5[m[90m0[m [92m│[m  [92m│[m [90m0[m               [1;92m-[m[1;92m1[m[1;92m6[m                                [90m-[m[90m5[m[90m0[m [92m│[m  [92m│[m [90m0[m     [1;92m-[m[1;92m7[m [91m-[m[91m8[m                                        [90m-[m[90m5[m[90m0[m [92m│[m
 [92m└────────────────────────────────────────────────────────┘[m  [92m└────────────────────────────────────────────────────────┘[m  [92m└────────────────────────────────────────────────────────┘[m  [92m└────────────────────────────────────────────────────────┘[m

 [92m┌─ [m[1m12[m [92m────────────────────────────────────────────[m [92mDONE[m[92m ─┐[m  [92m┌─ [m[1m13[m [92m────────────────────────────────────────────[m [92mDONE[m[92m ─┐[m  [92m┌─ [m[1m14[m [92m────────────────────────────────────────────[m [92mDONE[m[92m ─┐[m  [92m┌─ [m[1m15[m [92m────────────────────────────────────────────[m [92mDONE[m[92m ─┐[m
 [92m│[m                      [1;97m    ▀█  █▀█[m                       [92m│[m  [92m│[m                      [1;97m    ▀▀█ █ █[m                       [92m│[m  [92m│[m                      [1;97m        █ █[m                       [92m│[m  [92m│[m                      [1;97m    ▀▀█ █▀█[m                       [92m│[m
 [92m│[m                      [1;97m▀▀▀  █  █ █[m                       [92m│[m  [92m│[m                      [1;97m▀▀▀ █▀▀ ▀▀█[m                       [92m│[m  [92m│[m                      [1;97m    ▀▀▀ ▀▀█[m                       [92m│[m  [92m│[m                      [1;97m▀▀▀  ▀█ ▀▀█[m                       [92m│[m
 [92m│[m                      [1;97m    ▀▀▀ ▀▀▀[m                       [92m│[m  [92m│[m                      [1;97m    ▀▀▀   ▀[m                       [92m│[m  [92m│[m                      [1;97m          ▀[m                       [92m│[m  [92m│[m                      [1;97m    ▀▀▀ ▀▀▀[m                       [92m│[m
 [92m│[m [92m███████████[m[91mx[m[90m..........................................[m [92m│[m  [92m│[m [92m██████████████████████████[m[91mx[m[90m...........................[m [92m│[m  [92m│[m [92m█████[m[91mx[m[90m................................................[m [92m│[m  [92m│[m [92m███████████████████████████████████████████[m[91mx[m[90m..........[m [92m│[m
 [92m│[m [90m0[m        [1;92m-[m[1;92m1[m[1;92m0[m                                       [90m-[m[90m5[m[90m0[m [92m│[m  [92m│[m [90m0[m                       [1;92m-[m[1;92m2[m[1;92m4[m                        [90m-[m[90m5[m[90m0[m [92m│[m  [92m│[m [90m0[m  [1;92m-[m[1;92m4[m [91m-[m[91m5[m                                           [90m-[m[90m5[m[90m0[m [92m│[m  [92m│[m [90m0[m                                        [1;92m-[m[1;92m3[m[1;92m9[m       [90m-[m[90m5[m[90m0[m [92m│[m
 [92m└────────────────────────────────────────────────────────┘[m  [92m└────────────────────────────────────────────────────────┘[m  [92m└────────────────────────────────────────────────────────┘[m  [92m└────────────────────────────────────────────────────────┘[m


 [90mCO 0 -> -50     [1;97m>[m trial     [91mx[m failed mark     [93mj[m joint mark     [90m·[m mask anchor     [94m░[m unexplored[m


 [1mRecent[m
 [90m10h08m[m  trial 0421 core 00 CO -37 R2 mprime AVX2 36K-248K 90s isolated
 [90m10h10m[m  trial 0421 PASS 90s | Tctl max 69 C
 [90m10h10m[m  trial 0422 core 01 CO -34 R2 mprime AVX2 36K-248K 90s isolated
 [90m10h11m[m  trial 0422 PASS 90s | Tctl max 76 C
 [90m10h11m[m  core 04 search -> done at -32 (edge -32 passed 5 starts of R1 mprime-sse-4k-21k and R2 mprime-avx2-36k-248k; failed mark -33 of core 04)
 [90m10h11m[m  core 07 search -> done at -32 (edge -32 passed 5 starts of R1 mprime-sse-4k-21k and R2 mprime-avx2-36k-248k; failed mark -33 of core 07)
 [90m10h11m[m  trial 0423 core 15 CO -39 R2 mprime AVX2 36K-248K 90s isolated
 [90m10h13m[m  trial 0423 PASS 90s | Tctl max 62 C
 [90m10h13m[m  core 00 search -> done at -37 (edge -37 passed 5 starts of R1 mprime-sse-4k-21k and R2 mprime-avx2-36k-248k; failed mark -38 of core 00)
 [90m10h13m[m  core 01 search -> done at -34 (edge -34 passed 5 starts of R1 mprime-sse-4k-21k and R2 mprime-avx2-36k-248k; failed mark -35 of core 01)
 [90m10h13m[m  trial 0424 core 15 CO -39 R2 mprime AVX2 36K-248K 90s isolated
 [90m10h14m[m  trial 0424 PASS 90s | Tctl max 71 C
 [90m10h14m[m  core 15 search -> done at -39 (edge -39 passed 5 starts of R1 mprime-sse-4k-21k and R2 mprime-avx2-36k-248k; failed mark -40 of core 15)
 [90m10h14m[m  profile for guard: [-37 -34 -35 -17 -32 -10 -30 -32 -27 -18 -16 -7 -10 -24 -4 -39]
 [90m10h14m[m  guard rotation 1 start: R7 R7 R7 R2 R2 R2 R6 R5 R1 R1 R1 R3 R4 R6
 [90m10h14m[m  trial 0425 cores 00, 01, 02, 03, 04, 05, 06, 07 R7 mprime AVX2 36K-248K all-core 120s resident rotation 1
