 [1;7m togi [m  [1mSEARCH[m   [90msession 3h22m   last event 40s ago[m                                                                                                                                                                                   [1m03:22:39[m
 [90msearching 15   confirming 1   confirmed 0/16   8 failures   2 crashes   Tctl last trial max 67 C[m

 [1mcore 05[m   isolated   R1 y-cruncher BKT + SFTv4   [97m█████████████[m[90m░░░░░░░░░░░░░░░░░[m 40/90s
 [90mturn order [m[90m00[m [90m08[m [90m01[m [90m09[m [90m02[m [90m10[m [90m03[m [90m11[m [90m04[m [90m12[m [1m05[m [90m13[m [90m06[m [90m14[m [90m07[m [90m15[m[90m   up next 13, 06, 14[m
 [90mlast failure 40s ago   core 12 failure at CO -11: crash in trial 0140 (isolated: attributed to the target)[m


 [1mCCD 0[m

 [94m┌─ [m[1m00[m [94m───────────────────────────────────────[m [94msearching[m[94m ─┐[m  [94m┌─ [m[1m01[m [94m───────────────────────────────────────[m [94msearching[m[94m ─┐[m  [94m┌─ [m[1m02[m [94m───────────────────────────────────────[m [94msearching[m[94m ─┐[m  [94m┌─ [m[1m03[m [94m───────────────────────────────────────[m [94msearching[m[94m ─┐[m
 [94m│[m                      [1;97m    ▀▀█ █▀█[m                       [94m│[m  [94m│[m                      [1;97m    ▀▀█ █▀█[m                       [94m│[m  [94m│[m                      [1;97m    ▀▀█ █▀█[m                       [94m│[m  [94m│[m                      [1;97m    ▀█  █▀▀[m                       [94m│[m
 [94m│[m                      [1;97m▀▀▀ █▀▀ █ █[m                       [94m│[m  [94m│[m                      [1;97m▀▀▀ █▀▀ █ █[m                       [94m│[m  [94m│[m                      [1;97m▀▀▀ █▀▀ █ █[m                       [94m│[m  [94m│[m                      [1;97m▀▀▀  █  ▀▀█[m                       [94m│[m
 [94m│[m                      [1;97m    ▀▀▀ ▀▀▀[m                       [94m│[m  [94m│[m                      [1;97m    ▀▀▀ ▀▀▀[m                       [94m│[m  [94m│[m                      [1;97m    ▀▀▀ ▀▀▀[m                       [94m│[m  [94m│[m                      [1;97m    ▀▀▀ ▀▀▀[m                       [94m│[m
 [94m│[m [94m██████████████████████[m[90m................................[m [94m│[m  [94m│[m [94m██████████████████████[m[90m................................[m [94m│[m  [94m│[m [94m██████████████████████[m[90m................................[m [94m│[m  [94m│[m [94m█████████████████[m[94m░░░░[m[91mx[m[90m................................[m [94m│[m
 [94m│[m [90m0[m                                                  [90m-[m[90m5[m[90m0[m [94m│[m  [94m│[m [90m0[m                                                  [90m-[m[90m5[m[90m0[m [94m│[m  [94m│[m [90m0[m                                                  [90m-[m[90m5[m[90m0[m [94m│[m  [94m│[m [90m0[m                   [91m-[m[91m2[m[91m0[m                            [90m-[m[90m5[m[90m0[m [94m│[m
 [94m└────────────────────────────────────────────────────────┘[m  [94m└────────────────────────────────────────────────────────┘[m  [94m└────────────────────────────────────────────────────────┘[m  [94m└────────────────────────────────────────────────────────┘[m

 [94m┌─ [m[1m04[m [94m───────────────────────────────────────[m [94msearching[m[94m ─┐[m  [94m┌─ [m[1m05[m [1;30;107m> TESTING[m [94m─────────────────────────────[m [94msearching[m[94m ─┐[m  [94m┌─ [m[1m06[m [94m───────────────────────────────────────[m [94msearching[m[94m ─┐[m  [94m┌─ [m[1m07[m [94m───────────────────────────────────────[m [94msearching[m[94m ─┐[m
 [94m│[m                      [1;97m    ▀▀█ █▀█[m                       [94m│[m  [94m│[m                      [1;97m    ▀█  █▀█[m                       [94m│[m  [94m│[m                      [1;97m    ▀█  █▀▀[m                       [94m│[m  [94m│[m                      [1;97m    ▀█  █▀▀[m                       [94m│[m
 [94m│[m                      [1;97m▀▀▀ █▀▀ █ █[m                       [94m│[m  [94m│[m                      [1;97m▀▀▀  █  █ █[m                       [94m│[m  [94m│[m                      [1;97m▀▀▀  █  ▀▀█[m                       [94m│[m  [94m│[m                      [1;97m▀▀▀  █  ▀▀█[m                       [94m│[m
 [94m│[m                      [1;97m    ▀▀▀ ▀▀▀[m                       [94m│[m  [94m│[m                      [1;97m    ▀▀▀ ▀▀▀[m                       [94m│[m  [94m│[m                      [1;97m    ▀▀▀ ▀▀▀[m                       [94m│[m  [94m│[m                      [1;97m    ▀▀▀ ▀▀▀[m                       [94m│[m
 [94m│[m [94m██████████████████████[m[90m................................[m [94m│[m  [94m│[m [94m███████████[m[1;97m>[m[94m░░░░[m[91mx[m[90m.....................................[m [94m│[m  [94m│[m [94m█████████████████[m[90m.....................................[m [94m│[m  [94m│[m [94m█████████████████[m[90m.....................................[m [94m│[m
 [94m│[m [90m0[m                                                  [90m-[m[90m5[m[90m0[m [94m│[m  [94m│[m [90m0[m         [1;97m-[m[1;97m1[m[1;97m1[m  [91m-[m[91m1[m[91m5[m                                 [90m-[m[90m5[m[90m0[m [94m│[m  [94m│[m [90m0[m                                                  [90m-[m[90m5[m[90m0[m [94m│[m  [94m│[m [90m0[m                                                  [90m-[m[90m5[m[90m0[m [94m│[m
 [94m└────────────────────────────────────────────────────────┘[m  [94m└────────────────────────────────────────────────────────┘[m  [94m└────────────────────────────────────────────────────────┘[m  [94m└────────────────────────────────────────────────────────┘[m


 [1mCCD 1[m

 [94m┌─ [m[1m08[m [94m───────────────────────────────────────[m [94msearching[m[94m ─┐[m  [94m┌─ [m[1m09[m [94m───────────────────────────────────────[m [94msearching[m[94m ─┐[m  [94m┌─ [m[1m10[m [94m───────────────────────────────────────[m [94msearching[m[94m ─┐[m  [94m┌─ [m[1m11[m [94m───────────────────────────────────────[m [94msearching[m[94m ─┐[m
 [94m│[m                      [1;97m    ▀▀█ █▀█[m                       [94m│[m  [94m│[m                      [1;97m    ▀█  █▀▀[m                       [94m│[m  [94m│[m                      [1;97m    ▀█  █▀▀[m                       [94m│[m  [94m│[m                      [1;97m        ▀▀█[m                       [94m│[m
 [94m│[m                      [1;97m▀▀▀ █▀▀ █ █[m                       [94m│[m  [94m│[m                      [1;97m▀▀▀  █  ▀▀█[m                       [94m│[m  [94m│[m                      [1;97m▀▀▀  █  ▀▀█[m                       [94m│[m  [94m│[m                      [1;97m    ▀▀▀   █[m                       [94m│[m
 [94m│[m                      [1;97m    ▀▀▀ ▀▀▀[m                       [94m│[m  [94m│[m                      [1;97m    ▀▀▀ ▀▀▀[m                       [94m│[m  [94m│[m                      [1;97m    ▀▀▀ ▀▀▀[m                       [94m│[m  [94m│[m                      [1;97m          ▀[m                       [94m│[m
 [94m│[m [94m██████████████████████[m[90m................................[m [94m│[m  [94m│[m [94m█████████████████[m[94m░░░░[m[91mx[m[90m................................[m [94m│[m  [94m│[m [94m█████████████████[m[94m░░░░[m[91mx[m[90m................................[m [94m│[m  [94m│[m [94m████████[m[94m░░[m[91mx[m[90m...........................................[m [94m│[m
 [94m│[m [90m0[m                                                  [90m-[m[90m5[m[90m0[m [94m│[m  [94m│[m [90m0[m                   [91m-[m[91m2[m[91m0[m                            [90m-[m[90m5[m[90m0[m [94m│[m  [94m│[m [90m0[m                   [91m-[m[91m2[m[91m0[m                            [90m-[m[90m5[m[90m0[m [94m│[m  [94m│[m [90m0[m        [91m-[m[91m1[m[91m0[m                                       [90m-[m[90m5[m[90m0[m [94m│[m
 [94m└────────────────────────────────────────────────────────┘[m  [94m└────────────────────────────────────────────────────────┘[m  [94m└────────────────────────────────────────────────────────┘[m  [94m└────────────────────────────────────────────────────────┘[m

 [95m┌─ [m[1m12[m [95m──────────────────────────────────[m [95mconfirming 0/9[m[95m ─┐[m  [94m┌─ [m[1m13[m [94m───────────────────────────────────────[m [94msearching[m[94m ─┐[m  [94m┌─ [m[1m14[m [94m───────────────────────────────────────[m [94msearching[m[94m ─┐[m  [94m┌─ [m[1m15[m [94m───────────────────────────────────────[m [94msearching[m[94m ─┐[m
 [95m│[m                      [1;97m    ▀█  █▀█[m                       [95m│[m  [94m│[m                      [1;97m    ▀█  █▀▀[m                       [94m│[m  [94m│[m                      [1;97m        ▀▀█[m                       [94m│[m  [94m│[m                      [1;97m    ▀█  █▀▀[m                       [94m│[m
 [95m│[m                      [1;97m▀▀▀  █  █ █[m                       [95m│[m  [94m│[m                      [1;97m▀▀▀  █  ▀▀█[m                       [94m│[m  [94m│[m                      [1;97m    ▀▀▀ █▀▀[m                       [94m│[m  [94m│[m                      [1;97m▀▀▀  █  ▀▀█[m                       [94m│[m
 [95m│[m                      [1;97m    ▀▀▀ ▀▀▀[m                       [95m│[m  [94m│[m                      [1;97m    ▀▀▀ ▀▀▀[m                       [94m│[m  [94m│[m                      [1;97m        ▀▀▀[m                       [94m│[m  [94m│[m                      [1;97m    ▀▀▀ ▀▀▀[m                       [94m│[m
 [95m│[m [95m███████████[m[91mx[m[90m..........................................[m [95m│[m  [94m│[m [94m█████████████████[m[90m.....................................[m [94m│[m  [94m│[m [94m███[m[94m░░[m[91mx[m[90m................................................[m [94m│[m  [94m│[m [94m█████████████████[m[90m.....................................[m [94m│[m
 [95m│[m [90m0[m         [91m-[m[91m1[m[91m1[m                                      [90m-[m[90m5[m[90m0[m [95m│[m  [94m│[m [90m0[m                                                  [90m-[m[90m5[m[90m0[m [94m│[m  [94m│[m [90m0[m   [91m-[m[91m5[m                                             [90m-[m[90m5[m[90m0[m [94m│[m  [94m│[m [90m0[m                                                  [90m-[m[90m5[m[90m0[m [94m│[m
 [95m└────────────────────────────────────────────────────────┘[m  [94m└────────────────────────────────────────────────────────┘[m  [94m└────────────────────────────────────────────────────────┘[m  [94m└────────────────────────────────────────────────────────┘[m


 [90mCO 0 -> -50     [1;97m>[m trial     [91mx[m failed mark     [94m░[m unexplored[m


 [1mRecent[m
 [90m3h14m[m  trial 0136 core 11 CO -7 R1 y-cruncher BKT + SFTv4 90s isolated
 [90m3h15m[m  trial 0136 PASS 90s | Tctl max 72 C
 [90m3h15m[m  trial 0137 core 11 CO -7 R2 mprime AVX2 36K-248K 90s isolated
 [90m3h17m[m  trial 0137 PASS 90s | Tctl max 63 C
 [90m3h17m[m  core 11 passed R1+R2 at -7; next -8 (fine, failed mark -10)
 [90m3h17m[m  trial 0138 core 04 CO -20 R1 y-cruncher BKT + SFTv4 90s isolated
 [90m3h18m[m  trial 0138 PASS 90s | Tctl max 69 C
 [90m3h18m[m  trial 0139 core 04 CO -20 R2 mprime AVX-512 36K-248K 90s isolated
 [90m3h20m[m  trial 0139 PASS 90s | Tctl max 67 C
 [90m3h20m[m  core 04 passed R1+R2 at -20; next -25 (coarse, no failed mark yet)
 [90m3h20m[m  trial 0140 core 12 CO -11 R1 y-cruncher BKT + SFTv4 90s isolated
 [90m3h21m[m  crash: boot 543c371d ended without a clean shutdown; in flight: seq 1229
 [90m3h21m[m  trial 0140 FAIL crash, last evidence 0s after start
 [90m3h21m[m  core 12 failure at CO -11: crash in trial 0140 (isolated: attributed to the target)
 [90m3h21m[m  core 12 search -> confirmation at -10 (candidate edge: -11 is the failed mark)
 [90m3h21m[m  trial 0141 core 05 CO -11 R1 y-cruncher BKT + SFTv4 90s isolated
