  togi   GUARD   session 15h09m   last event 40s ago                                                                                                                                                                                   15:09:24
 16/16 done | tier bronze | clean 7h16m since tier clock #3671 | Tctl profile max 76 C | 39 failures | 39 crashes

 no trial running
 rotation 1 done   R7 R7 R7 R2 R2 R2 R6 R5 R1 R1 R1 R3 R4 R6
 last failure 7h16m ago   unattributed crash failure in masked R7 trial 0310: the mask fails, no evidence names a single core


 CCD 0

 ┌─ 00 ──────────────────────────────────────────── DONE ─┐  ┌─ 01 ──────────────────────────────────────────── DONE ─┐  ┌─ 02 ──────────────────────────────────────────── DONE ─┐  ┌─ 03 ──────────────────────────────────────────── DONE ─┐
 │                          ▀█  █▀█                       │  │                          ▀█  █▀█                       │  │                          ▀█  █▀█                       │  │                          ▀█  █▀█                       │
 │                      ▀▀▀  █  █ █                       │  │                      ▀▀▀  █  █ █                       │  │                      ▀▀▀  █  █ █                       │  │                      ▀▀▀  █  █ █                       │
 │                          ▀▀▀ ▀▀▀                       │  │                          ▀▀▀ ▀▀▀                       │  │                          ▀▀▀ ▀▀▀                       │  │                          ▀▀▀ ▀▀▀                       │
 │ ███████████x.......................................... │  │ ███████████x.......................................... │  │ ███████████x.......................................... │  │ ██████████jx.......................................... │
 │ 0        -10                                       -50 │  │ 0        -10                                       -50 │  │ 0        -10                                       -50 │  │ 0        -10                                       -50 │
 └────────────────────────────────────────────────────────┘  └────────────────────────────────────────────────────────┘  └────────────────────────────────────────────────────────┘  └────────────────────────────────────────────────────────┘

 ┌─ 04 ──────────────────────────────────────────── DONE ─┐  ┌─ 05 ──────────────────────────────────────────── DONE ─┐  ┌─ 06 ──────────────────────────────────────────── DONE ─┐  ┌─ 07 ──────────────────────────────────────────── DONE ─┐
 │                          ▀█  █▀█                       │  │                          ▀█  █▀█                       │  │                          ▀█  █▀█                       │  │                          ▀█  █▀█                       │
 │                      ▀▀▀  █  █ █                       │  │                      ▀▀▀  █  █ █                       │  │                      ▀▀▀  █  █ █                       │  │                      ▀▀▀  █  █ █                       │
 │                          ▀▀▀ ▀▀▀                       │  │                          ▀▀▀ ▀▀▀                       │  │                          ▀▀▀ ▀▀▀                       │  │                          ▀▀▀ ▀▀▀                       │
 │ ███████████x.......................................... │  │ ███████████x.......................................... │  │ ███████████x.......................................... │  │ ███████████x.......................................... │
 │ 0        -10                                       -50 │  │ 0        -10                                       -50 │  │ 0        -10                                       -50 │  │ 0        -10                                       -50 │
 └────────────────────────────────────────────────────────┘  └────────────────────────────────────────────────────────┘  └────────────────────────────────────────────────────────┘  └────────────────────────────────────────────────────────┘


 CCD 1

 ┌─ 08 ──────────────────────────────────────────── DONE ─┐  ┌─ 09 ──────────────────────────────────────────── DONE ─┐  ┌─ 10 ──────────────────────────────────────────── DONE ─┐  ┌─ 11 ──────────────────────────────────────────── DONE ─┐
 │                          ▀█  █▀█                       │  │                          ▀█  █▀█                       │  │                          ▀█  █▀█                       │  │                              █▀█                       │
 │                      ▀▀▀  █  █ █                       │  │                      ▀▀▀  █  █ █                       │  │                      ▀▀▀  █  █ █                       │  │                          ▀▀▀ ▀▀█                       │
 │                          ▀▀▀ ▀▀▀                       │  │                          ▀▀▀ ▀▀▀                       │  │                          ▀▀▀ ▀▀▀                       │  │                              ▀▀▀                       │
 │ ███████████x.......................................... │  │ ███████████x.......................................... │  │ ███████████x.......................................... │  │ ██████████jx.......................................... │
 │ 0        -10                                       -50 │  │ 0        -10                                       -50 │  │ 0        -10                                       -50 │  │ 0       -9 -10                                     -50 │
 └────────────────────────────────────────────────────────┘  └────────────────────────────────────────────────────────┘  └────────────────────────────────────────────────────────┘  └────────────────────────────────────────────────────────┘

 ┌─ 12 ──────────────────────────────────────────── DONE ─┐  ┌─ 13 ──────────────────────────────────────────── DONE ─┐  ┌─ 14 ──────────────────────────────────────────── DONE ─┐  ┌─ 15 ──────────────────────────────────────────── DONE ─┐
 │                          ▀█  █▀█                       │  │                          ▀█  █▀█                       │  │                          ▀█  █▀█                       │  │                          ▀█  █▀█                       │
 │                      ▀▀▀  █  █ █                       │  │                      ▀▀▀  █  █ █                       │  │                      ▀▀▀  █  █ █                       │  │                      ▀▀▀  █  █ █                       │
 │                          ▀▀▀ ▀▀▀                       │  │                          ▀▀▀ ▀▀▀                       │  │                          ▀▀▀ ▀▀▀                       │  │                          ▀▀▀ ▀▀▀                       │
 │ ███████████x.......................................... │  │ ███████████x.......................................... │  │ ███████████x.......................................... │  │ ███████████x.......................................... │
 │ 0        -10                                       -50 │  │ 0        -10                                       -50 │  │ 0        -10                                       -50 │  │ 0        -10                                       -50 │
 └────────────────────────────────────────────────────────┘  └────────────────────────────────────────────────────────┘  └────────────────────────────────────────────────────────┘  └────────────────────────────────────────────────────────┘


 CO 0 -> -50     > trial     x failed mark     j joint mark     · mask anchor     ░ unexplored


 Recent
 14h43m  trial 0488 PASS 120s | Tctl max 75 C
 14h43m  trial 0489 core 13 CO -10 R4 mprime SSE 4K-21K 25% duty 120s resident rotation 1
 14h45m  trial 0489 PASS 120s | Tctl max 71 C
 14h45m  trial 0490 core 06 CO -10 R4 mprime SSE 4K-21K 25% duty 120s resident rotation 1
 14h47m  trial 0490 PASS 120s | Tctl max 67 C
 14h47m  trial 0491 core 14 CO -10 R4 mprime SSE 4K-21K 25% duty 120s resident rotation 1
 14h49m  trial 0491 PASS 120s | Tctl max 75 C
 14h49m  trial 0492 core 07 CO -10 R4 mprime SSE 4K-21K 25% duty 120s resident rotation 1
 14h51m  trial 0492 PASS 120s | Tctl max 64 C
 14h51m  trial 0493 core 15 CO -10 R4 mprime SSE 4K-21K 25% duty 120s resident rotation 1
 14h53m  trial 0493 PASS 120s | Tctl max 74 C
 14h53m  trial 0494 cores 00, 01, 02, 03, 04, 05, 06, 07, 08, 09, 10, 11, 12, 13, 14, 15 R6 y-cruncher BKT + SFTv4 idle then bursts 900s resident rotation 1
 15h08m  trial 0494 PASS 900s | Tctl max 62 C
 15h08m  guard rotation 1 end clean
 15h08m  tier none -> bronze: every core is done and the profile passed a clean qualifying rotation
 15h08m  every core is done and the profile passed the requested clean qualifying rotation; stopping
