  togi   GUARD   session 28h01m   last event 40s ago                                                                                                                                                                                   04:01:38
 16/16 done | tier bronze | clean 7h39m since tier clock #6350 | Tctl profile max 76 C | 70 failures | 13 crashes

 no trial running
 rotation 2 done   R7 R7 R7 R2 R2 R2 R6 R5 R1 R1 R1 R3 R4 R6
 dead end no_evidence: five trials in a row proved nothing                                                                                                                                                                                     


 CCD 0

 ┌─ 00 ──────────────────────────────────────────── DONE ─┐  ┌─ 01 ──────────────────────────────────────────── DONE ─┐  ┌─ 02 ──────────────────────────────────────────── DONE ─┐  ┌─ 03 ──────────────────────────────────────────── DONE ─┐
 │                          ▀▀█ ▀▀█                       │  │                          ▀▀█ ▀█                        │  │                          ▀▀█ █▀▀                       │  │                          ▀█  ▀▀█                       │
 │                      ▀▀▀  ▀█   █                       │  │                      ▀▀▀  ▀█  █                        │  │                      ▀▀▀  ▀█ ▀▀█                       │  │                      ▀▀▀  █    █                       │
 │                          ▀▀▀   ▀                       │  │                          ▀▀▀ ▀▀▀                       │  │                          ▀▀▀ ▀▀▀                       │  │                          ▀▀▀   ▀                       │
 │ ████████████████████████████████████████x............. │  │ ██████████████████████████████████x................... │  │ ██████████████████████████████████████x............... │  │ ███████████████████x.................................. │
 │ 0                                     -37          -50 │  │ 0                               -31                -50 │  │ 0                                   -35            -50 │  │ 0                -17                               -50 │
 └────────────────────────────────────────────────────────┘  └────────────────────────────────────────────────────────┘  └────────────────────────────────────────────────────────┘  └────────────────────────────────────────────────────────┘

 ┌─ 04 ──────────────────────────────────────────── DONE ─┐  ┌─ 05 ──────────────────────────────────────────── DONE ─┐  ┌─ 06 ──────────────────────────────────────────── DONE ─┐  ┌─ 07 ──────────────────────────────────────────── DONE ─┐
 │                          ▀▀█ ▀▀█                       │  │                              ▀▀█                       │  │                          ▀▀█ ▀▀█                       │  │                          ▀▀█ █▀█                       │
 │                      ▀▀▀  ▀█ █▀▀                       │  │                          ▀▀▀   █                       │  │                      ▀▀▀ █▀▀   █                       │  │                      ▀▀▀  ▀█ █ █                       │
 │                          ▀▀▀ ▀▀▀                       │  │                                ▀                       │  │                          ▀▀▀   ▀                       │  │                          ▀▀▀ ▀▀▀                       │
 │ ███████████████████████████████████x.................. │  │ ████████x............................................. │  │ ██████████████████████████████x....................... │  │ █████████████████████████████████x.................... │
 │ 0                                -32               -50 │  │ 0     -7 -8                                        -50 │  │ 0                           -27                    -50 │  │ 0                              -30                 -50 │
 └────────────────────────────────────────────────────────┘  └────────────────────────────────────────────────────────┘  └────────────────────────────────────────────────────────┘  └────────────────────────────────────────────────────────┘


 CCD 1

 ┌─ 08 ──────────────────────────────────────────── DONE ─┐  ┌─ 09 ──────────────────────────────────────────── DONE ─┐  ┌─ 10 ──────────────────────────────────────────── DONE ─┐  ┌─ 11 ──────────────────────────────────────────── DONE ─┐
 │                          ▀▀█ █ █                       │  │                          ▀█  █▀▀                       │  │                          ▀█  █▀▀                       │  │                              █ █                       │
 │                      ▀▀▀ █▀▀ ▀▀█                       │  │                      ▀▀▀  █  █▀█                       │  │                      ▀▀▀  █  ▀▀█                       │  │                          ▀▀▀ ▀▀█                       │
 │                          ▀▀▀   ▀                       │  │                          ▀▀▀ ▀▀▀                       │  │                          ▀▀▀ ▀▀▀                       │  │                                ▀                       │
 │ ██████████████████████████x........................... │  │ ██████████████████x................................... │  │ █████████████████x.................................... │  │ █████x................................................ │
 │ 0                       -24                        -50 │  │ 0               -16                                -50 │  │ 0              -15                                 -50 │  │ 0  -4 -5                                           -50 │
 └────────────────────────────────────────────────────────┘  └────────────────────────────────────────────────────────┘  └────────────────────────────────────────────────────────┘  └────────────────────────────────────────────────────────┘

 ┌─ 12 ──────────────────────────────────────────── DONE ─┐  ┌─ 13 ──────────────────────────────────────────── DONE ─┐  ┌─ 14 ──────────────────────────────────────────── DONE ─┐  ┌─ 15 ──────────────────────────────────────────── DONE ─┐
 │                              ▀▀█                       │  │                          ▀▀█ ▀▀█                       │  │                              █▀█                       │  │                          ▀▀█ █▀▀                       │
 │                          ▀▀▀   █                       │  │                      ▀▀▀ █▀▀ █▀▀                       │  │                              █ █                       │  │                      ▀▀▀  ▀█ ▀▀█                       │
 │                                ▀                       │  │                          ▀▀▀ ▀▀▀                       │  │                              ▀▀▀                       │  │                          ▀▀▀ ▀▀▀                       │
 │ ████████x............................................. │  │ ████████████████████████x............................. │  │ x..................................................... │  │ ██████████████████████████████████████x............... │
 │ 0     -7 -8                                        -50 │  │ 0                     -22                          -50 │  │ 0 -1                                               -50 │  │ 0                                   -35            -50 │
 └────────────────────────────────────────────────────────┘  └────────────────────────────────────────────────────────┘  └────────────────────────────────────────────────────────┘  └────────────────────────────────────────────────────────┘


 CO 0 -> -50     > trial     x failed mark     j joint mark     · mask anchor     ░ unexplored


 Recent
 27h34m  trial 0905 PASS 120s | Tctl max 69 C
 27h34m  trial 0906 core 13 CO -22 R4 mprime SSE 4K-21K 25% duty 120s resident rotation 2
 27h36m  trial 0906 PASS 120s | Tctl max 71 C
 27h36m  trial 0907 core 06 CO -27 R4 mprime SSE 4K-21K 25% duty 120s resident rotation 2
 27h38m  trial 0907 PASS 120s | Tctl max 76 C
 27h38m  trial 0908 core 14 CO 0 R4 mprime SSE 4K-21K 25% duty 120s resident rotation 2
 27h40m  trial 0908 PASS 120s | Tctl max 73 C
 27h40m  trial 0909 core 07 CO -30 R4 mprime SSE 4K-21K 25% duty 120s resident rotation 2
 27h42m  trial 0909 PASS 120s | Tctl max 67 C
 27h42m  trial 0910 core 15 CO -35 R4 mprime SSE 4K-21K 25% duty 120s resident rotation 2
 27h44m  trial 0910 PASS 120s | Tctl max 65 C
 27h44m  trial 0911 cores 00, 01, 02, 03, 04, 05, 06, 07, 08, 09, 10, 11, 12, 13, 14, 15 R6 y-cruncher BKT + SFTv4 idle then bursts 900s resident rotation 2
 27h59m  trial 0911 PASS 900s | Tctl max 69 C
 27h59m  guard rotation 2 end clean
 27h59m  the profile survived the requested 2 clean rotation(s); stopping
 28h00m  dead end no_evidence: five trials in a row proved nothing
