  togi   SEARCH   session 1h28m   last event 40s ago                                                                                                                                                                                   01:28:09
 0/16 done | 1 failure | 0 crashes | Tctl last trial max 76 C

 core 07   isolated   R1 y-cruncher BKT + SFTv4   █████████████░░░░░░░░░░░░░░░░░ 40/90s
 turn order 00 08 01 09 02 10 03 11 04 12 05 13 06 14 07 15   up next 15, 00, 08
 last failure 40s ago   core 14 failure at CO -5: computation_error in trial 0059 (isolated: attributed to the target)


 CCD 0

 ┌─ 00 ─────────────────────────────────────── searching ─┐  ┌─ 01 ─────────────────────────────────────── searching ─┐  ┌─ 02 ─────────────────────────────────────── searching ─┐  ┌─ 03 ─────────────────────────────────────── searching ─┐
 │                              █▀▀                       │  │                              █▀▀                       │  │                              █▀▀                       │  │                              █▀▀                       │
 │                          ▀▀▀ ▀▀█                       │  │                          ▀▀▀ ▀▀█                       │  │                          ▀▀▀ ▀▀█                       │  │                          ▀▀▀ ▀▀█                       │
 │                              ▀▀▀                       │  │                              ▀▀▀                       │  │                              ▀▀▀                       │  │                              ▀▀▀                       │
 │ ██████................................................ │  │ ██████................................................ │  │ ██████................................................ │  │ ██████................................................ │
 │ 0                                                  -50 │  │ 0                                                  -50 │  │ 0                                                  -50 │  │ 0                                                  -50 │
 └────────────────────────────────────────────────────────┘  └────────────────────────────────────────────────────────┘  └────────────────────────────────────────────────────────┘  └────────────────────────────────────────────────────────┘

 ┌─ 04 ─────────────────────────────────────── searching ─┐  ┌─ 05 ─────────────────────────────────────── searching ─┐  ┌─ 06 ─────────────────────────────────────── searching ─┐  ┌─ 07 > TESTING ───────────────────────────── searching ─┐
 │                              █▀▀                       │  │                              █▀▀                       │  │                              █▀▀                       │  │                              █▀█                       │
 │                          ▀▀▀ ▀▀█                       │  │                          ▀▀▀ ▀▀█                       │  │                          ▀▀▀ ▀▀█                       │  │                              █ █                       │
 │                              ▀▀▀                       │  │                              ▀▀▀                       │  │                              ▀▀▀                       │  │                              ▀▀▀                       │
 │ ██████................................................ │  │ ██████................................................ │  │ ██████................................................ │  │ .....>................................................ │
 │ 0                                                  -50 │  │ 0                                                  -50 │  │ 0                                                  -50 │  │ 0   -5                                             -50 │
 └────────────────────────────────────────────────────────┘  └────────────────────────────────────────────────────────┘  └────────────────────────────────────────────────────────┘  └────────────────────────────────────────────────────────┘


 CCD 1

 ┌─ 08 ─────────────────────────────────────── searching ─┐  ┌─ 09 ─────────────────────────────────────── searching ─┐  ┌─ 10 ─────────────────────────────────────── searching ─┐  ┌─ 11 ─────────────────────────────────────── searching ─┐
 │                              █▀▀                       │  │                              █▀▀                       │  │                              █▀▀                       │  │                              █▀▀                       │
 │                          ▀▀▀ ▀▀█                       │  │                          ▀▀▀ ▀▀█                       │  │                          ▀▀▀ ▀▀█                       │  │                          ▀▀▀ ▀▀█                       │
 │                              ▀▀▀                       │  │                              ▀▀▀                       │  │                              ▀▀▀                       │  │                              ▀▀▀                       │
 │ ██████................................................ │  │ ██████................................................ │  │ ██████................................................ │  │ ██████................................................ │
 │ 0                                                  -50 │  │ 0                                                  -50 │  │ 0                                                  -50 │  │ 0                                                  -50 │
 └────────────────────────────────────────────────────────┘  └────────────────────────────────────────────────────────┘  └────────────────────────────────────────────────────────┘  └────────────────────────────────────────────────────────┘

 ┌─ 12 ─────────────────────────────────────── searching ─┐  ┌─ 13 ─────────────────────────────────────── searching ─┐  ┌─ 14 ─────────────────────────────────────── searching ─┐  ┌─ 15 ─────────────────────────────────────── searching ─┐
 │                              █▀▀                       │  │                              █▀▀                       │  │                              █▀█                       │  │                              █▀█                       │
 │                          ▀▀▀ ▀▀█                       │  │                          ▀▀▀ ▀▀█                       │  │                              █ █                       │  │                              █ █                       │
 │                              ▀▀▀                       │  │                              ▀▀▀                       │  │                              ▀▀▀                       │  │                              ▀▀▀                       │
 │ ██████................................................ │  │ ██████................................................ │  │ ░░░░░x................................................ │  │ ...................................................... │
 │ 0                                                  -50 │  │ 0                                                  -50 │  │ 0   -5                                             -50 │  │ 0                                                  -50 │
 └────────────────────────────────────────────────────────┘  └────────────────────────────────────────────────────────┘  └────────────────────────────────────────────────────────┘  └────────────────────────────────────────────────────────┘


 CO 0 -> -50     > trial     x failed mark     j joint mark     · mask anchor     ░ unexplored


 Recent
 1h21m  core 05 passed R1+R2 at -5; next -10 (coarse, no failed mark yet)
 1h21m  trial 0055 core 13 CO -5 R1 y-cruncher BKT + SFTv4 90s isolated
 1h22m  trial 0055 PASS 90s | Tctl max 65 C
 1h22m  trial 0056 core 13 CO -5 R2 mprime AVX-512 36K-248K 90s isolated
 1h24m  trial 0056 PASS 90s | Tctl max 72 C
 1h24m  core 13 passed R1+R2 at -5; next -10 (coarse, no failed mark yet)
 1h24m  trial 0057 core 06 CO -5 R1 y-cruncher BKT + SFTv4 90s isolated
 1h25m  trial 0057 PASS 90s | Tctl max 69 C
 1h25m  trial 0058 core 06 CO -5 R2 mprime AVX-512 36K-248K 90s isolated
 1h27m  trial 0058 PASS 90s | Tctl max 71 C
 1h27m  core 06 passed R1+R2 at -5; next -10 (coarse, no failed mark yet)
 1h27m  trial 0059 core 14 CO -5 R1 y-cruncher BKT + SFTv4 90s isolated
 1h27m  trial 0059 FAIL computation_error after 29s | Tctl max 76 C
 1h27m  core 14 failure at CO -5: computation_error in trial 0059 (isolated: attributed to the target)
 1h27m  core 14 failed at -5; next -1 (fine, deepest pass 0)
 1h27m  trial 0060 core 07 CO -5 R1 y-cruncher BKT + SFTv4 90s isolated
