  togi   GUARD   session 27h03m   last event 40s ago                                                                                                   03:03:04
 confirmed 16/16   tier --   clean 0h00m since profile #5495   regainable 8 on 8 cores
 core 00   resident   R2 mprime AVX2 36K-248K   ██████████░░░░░░░░░░░░░░░░░░░░ 40/120s
 last failure 40s ago   unattributed crash failure in resident R7 trial 0593: no evidence names a single core

 CCD 0
 ┌─ 00 > TESTING ───────── confirmed ─┐  ┌─ 01 ─────────────────── confirmed ─┐  ┌─ 02 ─────────────────── confirmed ─┐  ┌─ 03 ─────────────────── confirmed ─┐
 │                ▀▀█ ▀▀█             │  │                ▀▀█ ▀▀█             │  │                ▀▀█ █▀▀             │  │                ▀█  ▀▀█             │
 │            ▀▀▀  ▀█   █             │  │            ▀▀▀  ▀█  ▀█             │  │            ▀▀▀  ▀█ ▀▀█             │  │            ▀▀▀  █    █             │
 │                ▀▀▀   ▀             │  │                ▀▀▀ ▀▀▀             │  │                ▀▀▀ ▀▀▀             │  │                ▀▀▀   ▀             │
 │ █████████████████████████x........ │  │ ███████████████████████x.......... │  │ ████████████████████████x......... │  │ ████████████x..................... │
 │ 0                       -38    -50 │  │ 0                     -34      -50 │  │ 0                      -36     -50 │  │ 0          -18                 -50 │
 └────────────────────────────────────┘  └────────────────────────────────────┘  └────────────────────────────────────┘  └────────────────────────────────────┘
 ┌─ 04 ─────────────────── confirmed ─┐  ┌─ 05 ─────────────────── confirmed ─┐  ┌─ 06 ─────────────────── confirmed ─┐  ┌─ 07 ─────────────────── confirmed ─┐
 │                ▀▀█ ▀▀█             │  │                    ▀▀█             │  │                ▀▀█ ▀▀█             │  │                ▀▀█ ▀▀█             │
 │            ▀▀▀  ▀█ █▀▀             │  │                ▀▀▀   █             │  │            ▀▀▀ █▀▀   █             │  │            ▀▀▀  ▀█ █▀▀             │
 │                ▀▀▀ ▀▀▀             │  │                      ▀             │  │                ▀▀▀   ▀             │  │                ▀▀▀ ▀▀▀             │
 │ ██████████████████████x........... │  │ █████x............................ │  │ ███████████████████x.............. │  │ ██████████████████████x........... │
 │ 0                    -33       -50 │  │ 0   -8                         -50 │  │ 0                 -28          -50 │  │ 0                    -33       -50 │
 └────────────────────────────────────┘  └────────────────────────────────────┘  └────────────────────────────────────┘  └────────────────────────────────────┘

 CCD 1
 ┌─ 08 ~ BACKOFF ───────── confirmed ─┐  ┌─ 09 ~ BACKOFF ───────── confirmed ─┐  ┌─ 10 ~ BACKOFF ───────── confirmed ─┐  ┌─ 11 ~ BACKOFF ───────── confirmed ─┐
 │                ▀▀█ █▀▀             │  │                ▀█  █▀▀             │  │                ▀█  █▀▀             │  │                    █▀▀             │
 │            ▀▀▀ █▀▀ ▀▀█             │  │            ▀▀▀  █  ▀▀█             │  │            ▀▀▀  █  ▀▀█             │  │                ▀▀▀ ▀▀█             │
 │                ▀▀▀ ▀▀▀             │  │                ▀▀▀ ▀▀▀             │  │                ▀▀▀ ▀▀▀             │  │                    ▀▀▀             │
 │ █████████████████▒x............... │  │ ██████████▒x...................... │  │ ██████████▒x...................... │  │ ████x............................. │
 │ 0              -25 -27         -50 │  │ 0        -15                   -50 │  │ 0        -15                   -50 │  │ 0 -5 -7                        -50 │
 └────────────────────────────────────┘  └────────────────────────────────────┘  └────────────────────────────────────┘  └────────────────────────────────────┘
 ┌─ 12 ~ BACKOFF ───────── confirmed ─┐  ┌─ 13 ~ BACKOFF ───────── confirmed ─┐  ┌─ 14 ~ BACKOFF ───────── confirmed ─┐  ┌─ 15 ~ BACKOFF ───────── confirmed ─┐
 │                    █▀█             │  │                ▀▀█ ▀▀█             │  │                    ▀█              │  │                ▀▀█ ▀▀█             │
 │                ▀▀▀ ▀▀█             │  │            ▀▀▀ █▀▀ █▀▀             │  │                ▀▀▀  █              │  │            ▀▀▀  ▀█   █             │
 │                    ▀▀▀             │  │                ▀▀▀ ▀▀▀             │  │                    ▀▀▀             │  │                ▀▀▀   ▀             │
 │ ██████▒x.......................... │  │ ███████████████▒x................. │  │ █▒x............................... │  │ █████████████████████████▒x....... │
 │ 0    -9 -11                    -50 │  │ 0            -22 -24           -50 │  │ -1 -3                          -50 │  │ 0                       -37    -50 │
 └────────────────────────────────────┘  └────────────────────────────────────┘  └────────────────────────────────────┘  └────────────────────────────────────┘
 CO 0 -> -50     > trial     x failed mark     ▒ regainable     : settled
 Recent
 27h02m  core 14 backed off on suspicion at -2; next -1 (unattributed crash failure in resident R7 trial 0593; R7 loaded only CCD 1: its cores back off; unp...
 27h02m  core 15 backed off on suspicion at -38; next -37 (unattributed crash failure in resident R7 trial 0593; R7 loaded only CCD 1: its cores back off; u...
 27h02m  guard rotation 8 end, not clean: the profile changed
 27h02m  profile changed [-37 -33 -35 -17 -32 -7 -27 -32 -26 -16 -16 -6 -10 -23 -2 -38] -> [-37 -33 -35 -17 -32 -7 -27 -32 -25 -15 -15 -5 -9 -22 -1 -37]
 27h02m  guard rotation 9 start: R2 R7 R6 R5 R1 R3 R4 R6
 27h02m  trial 0594 core 00 CO -37 R2 mprime AVX2 36K-248K 120s resident rotation 9
