session 20260101T000000Z started 2026-01-01T00:00:00Z
BIOS SIM.1 on shycler simulator, Simulated Zen 5 16-Core Processor, microcode 0x0, boost limit 5700 MHz
phase guard | tier bronze [#10078] | rotation 24, 8 of 8 steps
in flight: none

CORE  CCD  OFFSET  PHASE      FAILED  REGAINABLE  SETTLED  QUEUED  LAST DECISION
00    0    -37     confirmed  -38     0           0        -       [#8397] core 00 regained one count at -36; next -37 (rotation 17 completed clean: one of 1 suspect counts regained, its retry at -37 spent; unproven depth 0)
01    0    -31     confirmed  -32     0           0        -       [#5708] core 01 failed in guard at -32; next -31 (proven backoff; isolated confirmation at or deeper than -32 covers -31; the failed mark cancels unproven depth 1)
02    0    -35     confirmed  -36     0           0        -       [#8399] core 02 regained one count at -34; next -35 (rotation 17 completed clean: one of 1 suspect counts regained, its retry at -35 spent; unproven depth 0)
03    0    -17     confirmed  -18     0           0        -       [#8401] core 03 regained one count at -16; next -17 (rotation 17 completed clean: one of 1 suspect counts regained, its retry at -17 spent; unproven depth 0)
04    0    -32     confirmed  -33     0           0        -       [#8402] core 04 regained one count at -31; next -32 (rotation 17 completed clean: one of 1 suspect counts regained, its retry at -32 spent; unproven depth 0)
05    0    -7      confirmed  -8      0           0        -       [#9382] core 05 failed in guard at -8; next -7 (proven backoff; isolated confirmation at or deeper than -8 covers -7; the failed mark cancels unproven depth 1)
06    0    -27     confirmed  -28     0           0        -       [#9701] core 06 failed in guard at -28; next -27 (proven backoff; isolated confirmation at or deeper than -28 covers -27)
07    0    -30     confirmed  -31     0           0        -       [#9064] core 07 failed in guard at -31; next -30 (proven backoff; isolated confirmation at or deeper than -31 covers -30; passed step at -32 discarded, the failure contradicts it; the failed mark cancels unproven depth 1)
08    1    -24     confirmed  -25     0           0        -       [#7276] core 08 failed in guard at -25; next -24 (proven backoff; isolated confirmation at or deeper than -25 covers -24; the failed mark cancels unproven depth 1)
09    1    -16     confirmed  -17     0           0        -       [#8398] core 09 regained one count at -15; next -16 (rotation 17 completed clean: one of 1 suspect counts regained, its retry at -16 spent; unproven depth 0)
10    1    -15     confirmed  -17     0           1        -       [#8754] core 10 backed off on suspicion at -16; next -15 (unattributed crash failure in resident R3 trial 1291; the only loaded core; unproven depth 1; the retry at -16 was spent, so the step is settled until reset --core)
11    1    -4      confirmed  -5      0           0        -       [#6946] core 11 failed in guard at -5; next -4 (proven backoff; isolated confirmation at or deeper than -5 covers -4)
12    1    -7      confirmed  -8      0           0        -       [#8403] core 12 regained one count at -6; next -7 (rotation 17 completed clean: one of 1 suspect counts regained, its retry at -7 spent; unproven depth 0)
13    1    -22     confirmed  -23     0           0        -       [#8560] core 13 failed in guard at -23; next -22 (proven backoff; isolated confirmation at or deeper than -23 covers -22)
14    1    0       confirmed  -1      0           0        -       [#6625] core 14 failed in guard at -1; next 0 (proven backoff; isolated confirmation at or deeper than -1 covers 0)
15    1    -35     confirmed  -36     0           0        -       [#8020] core 15 failed in guard at -36; next -35 (proven backoff; isolated confirmation at or deeper than -36 covers -35)

clean hours since profile.change [#9703]: 7.0 h, failure rate < 0.43/h at 95%
REGIME  CLEAN H  RATE BOUND
R1      1.1      < 2.82/h
R2      1.1      < 2.82/h
R3      1.1      < 2.82/h
R4      1.1      < 2.82/h
R5      1.1      < 2.82/h
R6      1.0      < 3.00/h
R7      0.7      < 4.50/h
Tctl max 76°C [#9825]
