  shycler   SEARCH   session 12h22m   last event 40s ago                                                                                                                                                                               12:22:24
 searching 0   confirming 15   confirmed 1/16   29 failures   8 crashes   Tctl last trial max 65 C

 core 05   isolated   R5 mprime SSE 4K-21K SMT pair   ████░░░░░░░░░░░░░░░░░░░░░░░░░░ 40/300s
 turn order 00 08 01 09 02 10 03 11 04 12 05 13 06 14 07 15   up next 13, 06, 14
 last failure 58m40s ago   core 14 failure at CO -4: crash in trial 0325 (isolated: attributed to the target)


 CCD 0

 ┌─ 00 ────────────────────────────────── confirming 2/9 ─┐  ┌─ 01 ────────────────────────────────── confirming 2/9 ─┐  ┌─ 02 ────────────────────────────────── confirming 4/9 ─┐  ┌─ 03 ────────────────────────────────── confirming 6/9 ─┐
 │                          ▀▀█ ▀▀█                       │  │                          ▀▀█ █ █                       │  │                          ▀▀█ █▀▀                       │  │                          ▀█  ▀▀█                       │
 │                      ▀▀▀  ▀█   █                       │  │                      ▀▀▀  ▀█ ▀▀█                       │  │                      ▀▀▀  ▀█ ▀▀█                       │  │                      ▀▀▀  █    █                       │
 │                          ▀▀▀   ▀                       │  │                          ▀▀▀   ▀                       │  │                          ▀▀▀ ▀▀▀                       │  │                          ▀▀▀   ▀                       │
 │ ████████████████████████████████████████x............. │  │ █████████████████████████████████████x................ │  │ ██████████████████████████████████████x............... │  │ ███████████████████x.................................. │
 │ 0                                      -38         -50 │  │ 0                                   -35            -50 │  │ 0                                    -36           -50 │  │ 0                 -18                              -50 │
 └────────────────────────────────────────────────────────┘  └────────────────────────────────────────────────────────┘  └────────────────────────────────────────────────────────┘  └────────────────────────────────────────────────────────┘

 ┌─ 04 ────────────────────────────────── confirming 3/9 ─┐  ┌─ 05 > TESTING ──────────────────────── confirming 8/9 ─┐  ┌─ 06 ────────────────────────────────── confirming 4/9 ─┐  ┌─ 07 ────────────────────────────────── confirming 2/9 ─┐
 │                          ▀▀█ ▀▀█                       │  │                          ▀█  █▀█                       │  │                          ▀▀█ █▀█                       │  │                          ▀▀█ ▀▀█                       │
 │                      ▀▀▀  ▀█ █▀▀                       │  │                      ▀▀▀  █  █ █                       │  │                      ▀▀▀  ▀█ █ █                       │  │                      ▀▀▀  ▀█ █▀▀                       │
 │                          ▀▀▀ ▀▀▀                       │  │                          ▀▀▀ ▀▀▀                       │  │                          ▀▀▀ ▀▀▀                       │  │                          ▀▀▀ ▀▀▀                       │
 │ ███████████████████████████████████x.................. │  │ ██████████>x.......................................... │  │ █████████████████████████████████x.................... │  │ ███████████████████████████████████x.................. │
 │ 0                                 -33              -50 │  │ 0        -10                                       -50 │  │ 0                               -31                -50 │  │ 0                                 -33              -50 │
 └────────────────────────────────────────────────────────┘  └────────────────────────────────────────────────────────┘  └────────────────────────────────────────────────────────┘  └────────────────────────────────────────────────────────┘


 CCD 1

 ┌─ 08 ────────────────────────────────── confirming 4/9 ─┐  ┌─ 09 ────────────────────────────────── confirming 5/9 ─┐  ┌─ 10 ────────────────────────────────── confirming 7/9 ─┐  ┌─ 11 ────────────────────────────────── confirming 8/9 ─┐
 │                          ▀▀█ ▀▀█                       │  │                          ▀█  █▀█                       │  │                          ▀█  █▀▀                       │  │                              ▀▀█                       │
 │                      ▀▀▀ █▀▀   █                       │  │                      ▀▀▀  █  █▀█                       │  │                      ▀▀▀  █  █▀█                       │  │                          ▀▀▀   █                       │
 │                          ▀▀▀   ▀                       │  │                          ▀▀▀ ▀▀▀                       │  │                          ▀▀▀ ▀▀▀                       │  │                                ▀                       │
 │ ██████████████████████████████x....................... │  │ ████████████████████x................................. │  │ ██████████████████x................................... │  │ ████████x............................................. │
 │ 0                            -28                   -50 │  │ 0                  -19                             -50 │  │ 0                -17                               -50 │  │ 0      -8                                          -50 │
 └────────────────────────────────────────────────────────┘  └────────────────────────────────────────────────────────┘  └────────────────────────────────────────────────────────┘  └────────────────────────────────────────────────────────┘

 ┌─ 12 ─────────────────────────────────────── confirmed ─┐  ┌─ 13 ────────────────────────────────── confirming 3/9 ─┐  ┌─ 14 ────────────────────────────────── confirming 0/9 ─┐  ┌─ 15 ────────────────────────────────── confirming 0/9 ─┐
 │                          ▀█  █▀█                       │  │                          ▀▀█ █ █                       │  │                                                        │  │                          ▀▀█ █▀█                       │
 │                      ▀▀▀  █  █ █                       │  │                      ▀▀▀ █▀▀ ▀▀█                       │  │                          ▀▀▀ ▀▀▀                       │  │                      ▀▀▀  ▀█ ▀▀█                       │
 │                          ▀▀▀ ▀▀▀                       │  │                          ▀▀▀   ▀                       │  │                                                        │  │                          ▀▀▀ ▀▀▀                       │
 │ ███████████x.......................................... │  │ ██████████████████████████x........................... │  │ ....x................................................. │  │ ███████████████████████████████████████████x.......... │
 │ 0         -11                                      -50 │  │ 0                        -25                       -50 │  │ 0  -4                                              -50 │  │ 0                                         -40      -50 │
 └────────────────────────────────────────────────────────┘  └────────────────────────────────────────────────────────┘  └────────────────────────────────────────────────────────┘  └────────────────────────────────────────────────────────┘


 CO 0 -> -50     > trial     x failed mark     ░ unexplored


 Recent
 11h46m  trial 0332 core 09 CO -18 R2 mprime AVX-512 36K-248K 300s isolated
 11h51m  trial 0332 PASS 300s | Tctl max 76 C
 11h51m  trial 0333 core 02 CO -35 R2 mprime AVX2 36K-248K 300s isolated
 11h56m  trial 0333 PASS 300s | Tctl max 65 C
 11h56m  trial 0334 core 10 CO -16 R3 mprime SSE 4K-21K load steps 300s isolated
 12h01m  trial 0334 PASS 300s | Tctl max 62 C
 12h01m  trial 0335 core 03 CO -17 R2 y-cruncher FFTv4 + N63 + VT3 300s isolated
 12h06m  trial 0335 PASS 300s | Tctl max 73 C
 12h06m  trial 0336 core 11 CO -7 R4 mprime SSE 4K-21K 25% duty 300s isolated
 12h11m  trial 0336 PASS 300s | Tctl max 73 C
 12h11m  trial 0337 core 04 CO -32 R1 y-cruncher SNT + SVT 300s isolated
 12h16m  trial 0337 PASS 300s | Tctl max 73 C
 12h16m  trial 0338 core 12 CO -10 R5 mprime SSE 4K-21K SMT pair 300s isolated
 12h21m  trial 0338 PASS 300s | Tctl max 65 C
 12h21m  core 12 confirmation -> confirmed at -10 (every R1 and R2 workload, R3, R4 and R5 passed)
 12h21m  trial 0339 core 05 CO -10 R5 mprime SSE 4K-21K SMT pair 300s isolated
