  shycler   GUARD   session 67h36m   last event 40s ago                                                                                                                                                                                19:36:51
 confirmed 16/16   tier bronze   clean 7h00m since profile #9703   settled 1 on 1 core   Tctl profile max 76 C

 no trial running
 rotation 24 done   R1 R2 R6 R3 R4 R7 R5 R6
 dead end no_evidence: five trials in a row proved nothing                                                                                                                                                                                     


 CCD 0

 ┌─ 00 ─────────────────────────────────────── confirmed ─┐  ┌─ 01 ─────────────────────────────────────── confirmed ─┐  ┌─ 02 ─────────────────────────────────────── confirmed ─┐  ┌─ 03 ─────────────────────────────────────── confirmed ─┐
 │                          ▀▀█ ▀▀█                       │  │                          ▀▀█ ▀█                        │  │                          ▀▀█ █▀▀                       │  │                          ▀█  ▀▀█                       │
 │                      ▀▀▀  ▀█   █                       │  │                      ▀▀▀  ▀█  █                        │  │                      ▀▀▀  ▀█ ▀▀█                       │  │                      ▀▀▀  █    █                       │
 │                          ▀▀▀   ▀                       │  │                          ▀▀▀ ▀▀▀                       │  │                          ▀▀▀ ▀▀▀                       │  │                          ▀▀▀   ▀                       │
 │ ████████████████████████████████████████x............. │  │ ██████████████████████████████████x................... │  │ ██████████████████████████████████████x............... │  │ ███████████████████x.................................. │
 │ 0                                      -38         -50 │  │ 0                                -32               -50 │  │ 0                                    -36           -50 │  │ 0                 -18                              -50 │
 └────────────────────────────────────────────────────────┘  └────────────────────────────────────────────────────────┘  └────────────────────────────────────────────────────────┘  └────────────────────────────────────────────────────────┘

 ┌─ 04 ─────────────────────────────────────── confirmed ─┐  ┌─ 05 ─────────────────────────────────────── confirmed ─┐  ┌─ 06 ─────────────────────────────────────── confirmed ─┐  ┌─ 07 ─────────────────────────────────────── confirmed ─┐
 │                          ▀▀█ ▀▀█                       │  │                              ▀▀█                       │  │                          ▀▀█ ▀▀█                       │  │                          ▀▀█ █▀█                       │
 │                      ▀▀▀  ▀█ █▀▀                       │  │                          ▀▀▀   █                       │  │                      ▀▀▀ █▀▀   █                       │  │                      ▀▀▀  ▀█ █ █                       │
 │                          ▀▀▀ ▀▀▀                       │  │                                ▀                       │  │                          ▀▀▀   ▀                       │  │                          ▀▀▀ ▀▀▀                       │
 │ ███████████████████████████████████x.................. │  │ ████████x............................................. │  │ ██████████████████████████████x....................... │  │ █████████████████████████████████x.................... │
 │ 0                                 -33              -50 │  │ 0      -8                                          -50 │  │ 0                            -28                   -50 │  │ 0                               -31                -50 │
 └────────────────────────────────────────────────────────┘  └────────────────────────────────────────────────────────┘  └────────────────────────────────────────────────────────┘  └────────────────────────────────────────────────────────┘


 CCD 1

 ┌─ 08 ─────────────────────────────────────── confirmed ─┐  ┌─ 09 ─────────────────────────────────────── confirmed ─┐  ┌─ 10 SETTLED ─────────────────────────────── confirmed ─┐  ┌─ 11 ─────────────────────────────────────── confirmed ─┐
 │                          ▀▀█ █ █                       │  │                          ▀█  █▀▀                       │  │                          ▀█  █▀▀                       │  │                              █ █                       │
 │                      ▀▀▀ █▀▀ ▀▀█                       │  │                      ▀▀▀  █  █▀█                       │  │                      ▀▀▀  █  ▀▀█                       │  │                          ▀▀▀ ▀▀█                       │
 │                          ▀▀▀   ▀                       │  │                          ▀▀▀ ▀▀▀                       │  │                          ▀▀▀ ▀▀▀                       │  │                                ▀                       │
 │ ██████████████████████████x........................... │  │ ██████████████████x................................... │  │ █████████████████:x................................... │  │ █████x................................................ │
 │ 0                        -25                       -50 │  │ 0                -17                               -50 │  │ 0              -15 -17                             -50 │  │ 0   -5                                             -50 │
 └────────────────────────────────────────────────────────┘  └────────────────────────────────────────────────────────┘  └────────────────────────────────────────────────────────┘  └────────────────────────────────────────────────────────┘

 ┌─ 12 ─────────────────────────────────────── confirmed ─┐  ┌─ 13 ─────────────────────────────────────── confirmed ─┐  ┌─ 14 ─────────────────────────────────────── confirmed ─┐  ┌─ 15 ─────────────────────────────────────── confirmed ─┐
 │                              ▀▀█                       │  │                          ▀▀█ ▀▀█                       │  │                              █▀█                       │  │                          ▀▀█ █▀▀                       │
 │                          ▀▀▀   █                       │  │                      ▀▀▀ █▀▀ █▀▀                       │  │                              █ █                       │  │                      ▀▀▀  ▀█ ▀▀█                       │
 │                                ▀                       │  │                          ▀▀▀ ▀▀▀                       │  │                              ▀▀▀                       │  │                          ▀▀▀ ▀▀▀                       │
 │ ████████x............................................. │  │ ████████████████████████x............................. │  │ x..................................................... │  │ ██████████████████████████████████████x............... │
 │ 0      -8                                          -50 │  │ 0                      -23                         -50 │  │ -1                                                 -50 │  │ 0                                    -36           -50 │
 └────────────────────────────────────────────────────────┘  └────────────────────────────────────────────────────────┘  └────────────────────────────────────────────────────────┘  └────────────────────────────────────────────────────────┘


 CO 0 -> -50     > trial     x failed mark     ▒ regainable     : settled


 Recent
 67h10m  trial 1651 PASS 120s | Tctl max 69 C
 67h10m  trial 1652 core 13 CO -22 R5 y-cruncher FFTv4 + N63 + VT3 SMT pair 120s resident rotation 24
 67h12m  trial 1652 PASS 120s | Tctl max 65 C
 67h12m  trial 1653 core 06 CO -27 R5 y-cruncher FFTv4 + N63 + VT3 SMT pair 120s resident rotation 24
 67h14m  trial 1653 PASS 120s | Tctl max 69 C
 67h14m  trial 1654 core 14 CO 0 R5 y-cruncher FFTv4 + N63 + VT3 SMT pair 120s resident rotation 24
 67h16m  trial 1654 PASS 120s | Tctl max 76 C
 67h16m  trial 1655 core 07 CO -30 R5 y-cruncher FFTv4 + N63 + VT3 SMT pair 120s resident rotation 24
 67h18m  trial 1655 PASS 120s | Tctl max 70 C
 67h18m  trial 1656 core 15 CO -35 R5 mprime SSE 4K-21K SMT pair 120s resident rotation 24
 67h20m  trial 1656 PASS 120s | Tctl max 71 C
 67h20m  trial 1657 cores 00, 01, 02, 03, 04, 05, 06, 07, 08, 09, 10, 11, 12, 13, 14, 15 R6 y-cruncher SNT + SVT idle then bursts 900s resident rotation 24
 67h35m  trial 1657 PASS 900s | Tctl max 69 C
 67h35m  guard rotation 24 end clean
 67h35m  the profile survived the requested 2 clean rotation(s); stopping
 67h36m  dead end no_evidence: five trials in a row proved nothing
