gate test: judged against ruleset 10 at abc on every dev seed; quantiles of worst_r7_hazard_per_h fail only when the 95% interval of candidate minus baseline (10000 paired resamples, PCG(1,1)) lies above 0; time is the geometric mean ratio over pairs both concluded.
gate conclusion adv baseline_concluded=24 candidate_concluded=24 lost=0 lost_seeds=[] threshold=lost==0 PASS
gate conclusion hand baseline_concluded=2 candidate_concluded=2 lost=0 lost_seeds=[] threshold=lost==0 PASS
gate median adv baseline=12.500000 candidate=11.500000 change=-1.000000 ci=[-1.000000,-1.000000] threshold=ci_low<=0 PASS
gate p90 adv baseline=21.700000 candidate=20.700000 change=-1.000000 ci=[-1.000000,-1.000000] threshold=ci_low<=0 PASS
gate time adv ratio=1.0000 timed=24 threshold=ratio<=2 PASS
gate hazard_bar adv median candidate=11.500000 threshold=<=12 PASS
gate hazard_bar adv p90 candidate=20.700000 threshold=<=21 PASS
gate crash_bar adv median candidate=3 threshold=<5 PASS
gate pooled_median adv baseline=12.500000 candidate=11.500000 change=-1.000000 threshold=change<0 PASS
gate test: PASS 9 criteria

gate test: judged against ruleset 10 at abc on every dev seed; quantiles of worst_r7_hazard_per_h fail only when the 95% interval of candidate minus baseline (10000 paired resamples, PCG(1,1)) lies above 0; time is the geometric mean ratio over pairs both concluded.
gate conclusion adv baseline_concluded=24 candidate_concluded=23 lost=1 lost_seeds=[6] threshold=lost==0 FAIL
gate conclusion hand baseline_concluded=2 candidate_concluded=2 lost=0 lost_seeds=[] threshold=lost==0 PASS
gate median adv baseline=12.500000 candidate=14.000000 change=+1.500000 ci=[+1.000000,+2.000000] threshold=ci_low<=0 FAIL
gate p90 adv baseline=21.700000 candidate=23.400000 change=+1.700000 ci=[+1.000000,+2.000000] threshold=ci_low<=0 FAIL
gate time adv ratio=1.0000 timed=23 threshold=ratio<=2 PASS
gate hazard_bar adv median candidate=14.000000 threshold=<=12 FAIL
gate hazard_bar adv p90 candidate=23.400000 threshold=<=21 FAIL
gate crash_bar adv median candidate=3 threshold=<5 PASS
gate pooled_median adv baseline=12.500000 candidate=14.000000 change=+1.500000 threshold=change<0 FAIL
gate test: FAIL 6 of 9 criteria

gate test: judged against ruleset 10 at abc on every dev seed; quantiles of worst_r7_hazard_per_h fail only when the 95% interval of candidate minus baseline (10000 paired resamples, PCG(1,1)) lies above 0; time is the geometric mean ratio over pairs both concluded.
gate test: FAIL refused: incomplete pairing: adv seed 1 has no candidate run; the gate needs every dev seed of its scenarios

