Session
field     value
id        20260101T000000Z
rulesets  5
builds    test+fixed
first     2026-01-01T00:00:00Z
last      2026-01-01T18:00:30Z

Runs
run  start                 end                   build       trials  crashes  ended
1    2026-01-01T00:00:00Z  2026-01-01T18:00:30Z  test+fixed  483     3        laps

Time
phase / condition / regime / outcome         trial seconds  hours
checking / together / R1 / pass              2880           0.800
checking / together / R2 / pass              2880           0.800
checking / together / R3 / pass              960            0.267
checking / together / R4 / pass              960            0.267
checking / together / R5 / pass              960            0.267
checking / together / R6 / pass              3600           1.000
checking / together / R7 / failure           0              0.000
checking / together / R7 / pass              13920          3.867
deepening / together / R1 / pass             10800          3.000
deepening / together / R2 / pass             10800          3.000
deepening / together / R7 / pass             10800          3.000
hunt / parked / R7 / failure                 0              0.000
hunt / parked / R7 / pass                    2400           0.667
search / alone / R1 / pass                   1800           0.500
search / alone / R2 / pass                   1800           0.500
crash downtime (last evidence to next boot)  270.338        0.075

Failures
regime  workload                      signal  attribution   count
R7      mprime-avx2-36k-248k-allcore  crash   unattributed  3

Exposure
regime  workload                         starts  hours  failures
R1      mprime-sse-4k-21k                58      1.767  0
R1      ycruncher-bkt-sftv4              38      1.267  0
R1      ycruncher-snt-svt                38      1.267  0
R2      mprime-avx2-36k-248k             58      1.767  0
R2      mprime-avx512-36k-248k           38      1.267  0
R2      ycruncher-fftv4-n63-vt3          38      1.267  0
R3      mprime-sse-4k-21k-steps          8       0.267  0
R4      mprime-sse-4k-21k-duty25         8       0.267  0
R5      mprime-sse-4k-21k-smt            8       0.267  0
R6      mprime-sse-4k-21k-idle           2       0.500  0
R6      ycruncher-bkt-sftv4-idle         2       0.500  0
R7      mprime-avx2-36k-248k-allcore     79      3.000  3
R7      mprime-avx512-36k-248k-allcore   54      2.267  0
R7      ycruncher-fftv4-n63-vt3-allcore  54      2.267  0

Unattributed crashes by loaded CCD
CCD(s)  count
0       3

Crash timing (last evidence)
seconds  count
0        3
1-29     0
30-59    0
60-119   0
120+     0

Reset reasons
reason    count
watchdog  3

Recovery gap
count  min seconds  median seconds  max seconds
3      90.082       90.106          90.150

Hunts
hunt  start                 hours  failing trial  parked offsets  candidates  planned/run/inferred/skipped  trials  crashes  result       members/culprit  commitment
1     2026-01-01T01:01:30Z  0.717  0041           all-zero        4           16/6/10/0                     22      2        combination  01:-10,03:-10    03 -10->-9

Checking
metric                      count
laps started                2
laps ended                  2
full laps                   2
reruns                      1
reruns failing first start  0

Checking steps and together outcomes
lap   regime  loaded cores  outcome  trials
0000  R7      00,01         pass     5
0001  R1      00            pass     3
0001  R1      01            pass     3
0001  R1      02            pass     3
0001  R1      03            pass     3
0001  R2      00            pass     3
0001  R2      01            pass     3
0001  R2      02            pass     3
0001  R2      03            pass     3
0001  R3      00            pass     1
0001  R3      01            pass     1
0001  R3      02            pass     1
0001  R3      03            pass     1
0001  R4      00            pass     1
0001  R4      01            pass     1
0001  R4      02            pass     1
0001  R4      03            pass     1
0001  R5      00            pass     1
0001  R5      01            pass     1
0001  R5      02            pass     1
0001  R5      03            pass     1
0001  R6      00,01,02,03   pass     2
0001  R7      00,01         failure  1
0001  R7      00,01         pass     9
0001  R7      00,01,02,03   pass     12
0001  R7      02,03         pass     12
0002  R1      00            pass     3
0002  R1      01            pass     3
0002  R1      02            pass     3
0002  R1      03            pass     3
0002  R2      00            pass     3
0002  R2      01            pass     3
0002  R2      02            pass     3
0002  R2      03            pass     3
0002  R3      00            pass     1
0002  R3      01            pass     1
0002  R3      02            pass     1
0002  R3      03            pass     1
0002  R4      00            pass     1
0002  R4      01            pass     1
0002  R4      02            pass     1
0002  R4      03            pass     1
0002  R5      00            pass     1
0002  R5      01            pass     1
0002  R5      02            pass     1
0002  R5      03            pass     1
0002  R6      00,01,02,03   pass     2
0002  R7      00,01         pass     12
0002  R7      00,01,02,03   pass     12
0002  R7      02,03         pass     12

Evidence quality
warning                                        count
decisions resting on a single carried failure  0

Failures after prior passes
trial class  failures with prior passes

Prior evidence per hunt group
hunt  group  stage       prior passes  required  established  passes again  failures again  trials  hours
1     1      part        0             5         false        5             0               5       0.167
1     2      part        0             5         false        5             0               5       0.167
1     7      complement  0             5         false        0             1               1       0.000
1     12     complement  0             5         false        0             1               1       0.000
1     15     probe       0             5         false        5             0               5       0.167
1     16     probe       0             5         false        5             0               5       0.167

Prior evidence by hunt and stage
hunt  stage       ran groups  established groups  passed again  failed again  redundant trials  redundant hours
0001  complement  2           0                   0             0             0                 0.000
0001  part        2           0                   0             0             0                 0.000
0001  probe       2           0                   0             0             0                 0.000

Failure rate by depth
regime / workload / loaded cores / duration  shallowest offset  starts  failures  rate
R7/mprime-avx2-36k-248k-allcore/00,01/120s   -50                3       0         0.0%
R7/mprime-avx2-36k-248k-allcore/00,01/120s   -48                5       0         0.0%
R7/mprime-avx2-36k-248k-allcore/00,01/120s   -30                5       0         0.0%
R7/mprime-avx2-36k-248k-allcore/00,01/120s   -10                11      1         9.1%
R7/mprime-avx2-36k-248k-allcore/00,01/120s   0                  17      2         11.8%

Inconclusive trials
trial  condition  reason

Tctl
regime  max C  passing trials
R1      62     10
R1      63     9
R1      64     6
R1      65     10
R1      66     8
R1      67     8
R1      68     12
R1      69     12
R1      70     6
R1      71     3
R1      72     4
R1      73     9
R1      74     13
R1      75     9
R1      76     15
R2      62     13
R2      63     6
R2      64     9
R2      65     4
R2      66     10
R2      67     16
R2      68     10
R2      69     4
R2      70     11
R2      71     4
R2      72     9
R2      73     7
R2      74     15
R2      75     8
R2      76     8
R3      66     1
R3      70     1
R3      74     2
R3      75     1
R3      76     3
R4      64     1
R4      67     2
R4      69     1
R4      70     2
R4      71     1
R4      74     1
R5      62     1
R5      63     2
R5      67     2
R5      72     1
R5      74     2
R6      62     1
R6      70     2
R6      71     1
R7      62     9
R7      63     15
R7      64     13
R7      65     9
R7      66     20
R7      67     9
R7      68     9
R7      69     12
R7      70     7
R7      71     14
R7      72     9
R7      73     11
R7      74     14
R7      75     12
R7      76     21
