 togi   SEARCH   session 1m40s   last event 1m37s ago 00...
0/3 done | 1 failure | 0 crashes
no trial running
dead end failure_at_zero: core 00 failed at CO 0           

CCD 0
┌─ 00 ────────── searching ─┐ ┌─ 01 ────────── searching ─┐
│  --                       │ │  --                       │
│ ......................... │ │ ......................... │
│ 0 0                   -50 │ │ 0                     -50 │
└───────────────────────────┘ └───────────────────────────┘

CCD 1
┌─ 02 ────────── searching ─┐
│  --                       │
│ ......................... │
│ 0                     -50 │
└───────────────────────────┘
CO 0 -> -50     > trial     x failed mark     j joint ma...
Recent
0h00m  core 00 failure at CO 0: computation_error in tri...
0h00m  core 00 starts search at 0 ()
0h00m  dead end failure_at_zero: core 00 failed at CO 0
