   togi   00:18:20  running 1m40s  0 failures  0 crashes

  █  GOING DEEPER
  █  
  █  Deciding what to test next.
  
  
  ■ Find limits   ■ Test together ► Go deeper     ○ Clean lap     ∞ Keep checking
  █████████████   █████████████   ░░░░░░░░░░░░░   ░░░░░░░░░░░░░   ░░░░░░░░░░░░░
  3/3 cores       lap passed      round 2         the goal        until stopped
                                                                  
  
   HUNT      no hunt running
  
  
  CCD 0                                -10       -20       -30       -40       -50
  00  -20  can go deeper        ▒▒▒▒▒▒▒▒▒▒▒▒▒▒▒▒▒▒▒▒······························
  01  -30  limit found          ▒▒▒▒▒▒▒▒▒▒▒▒▒▒▒▒▒▒▒▒▒▒▒▒▒▒▒▒▒▒▌···················

  CCD 1                                -10       -20       -30       -40       -50
  02  -10  can go deeper        ▒▒▒▒▒▒▒▒▒▒········································
  
  Coming up
  If the round passes, I keep deepening while more depth is reachable, then return
  to checking laps. If not, I handle the failure first.

  What happened
    0h00m  round    #2: core 00 goes deeper to -21
    0h00m  start    session started on 3 cores






























