   togi   00:18:20  stopped at a dead end after 3s  1 failure  0 crashes

  █  I STOPPED
  █  
  █  A core failed even at offset 0, so the problem isn't Curve Optimizer. Check
  █  the rest of the system before tuning again.
  █  
  █  Details: dead end failure_at_zero: core 00 failed at CO 0
  
  
  ► Find limits   ○ Test together ○ Go deeper     ○ Clean lap     ∞ Keep checking
  █████████░░░░   ░░░░░░░░░░░░░   ░░░░░░░░░░░░░   ░░░░░░░░░░░░░   ░░░░░░░░░░░░░
  2/3 cores       all together    after a full    the goal        until stopped
                                  passed lap                      
  
   HUNT      no hunt running
  
  
  CCD 0                                -10       -20       -30       -40       -50
  00    0  searching            ▌·················································
  01    0  held back by others  ··················································

  CCD 1                                -10       -20       -30       -40       -50
  02    0  held back by others  ··················································

  What happened
    0h00m  stop     dead end: core 00 failed at CO 0
    0h00m  cause    core 00 fails at 0
    0h00m  start    session started on 3 cores










