┌─ 02 > TESTING HUNT MASK ───────────────── resident ─┐
│                         ▀▀█ █▀█                     │
│                     ▀▀▀ █▀▀ █ █                     │
│                         ▀▀▀ ▀▀▀                     │
│ █████████████████████j>.......j.........x.......... │
│ 0                -20 -22     -30       -40      -50 │
└─────────────────────────────────────────────────────┘
