  togi   08:22:00   session 8h22m   8 failures · 8 crashes   last observed failure 08:22   screen paused until 08:24

  ■ SOLO LIMITS  16/16  ───  ○ CYCLE 1  paused at step 7 of 14  ───  ►  HUNT 1   member probes · member 1 of 2  ───  ○ DEEPEN  ───  CLEAN CYCLES 0  · repeats until stopped  ───  screen paused until 08:24

  │ 08:16:00  skip                  hunt 1 group 18: cores 00, 01 pass inferred: passing trials already establish the group
  │ 08:16:00  skip                  hunt 1 group 19: cores 02, 03 pass inferred: passing trials already establish the group
  │ 08:16:00  skip                  hunt 1 group 20: cores 08, 09 pass inferred: passing trials already establish the group
  │ 08:16:00  skip                  hunt 1 group 21: cores 10, 11 pass inferred: passing trials already establish the group
  │ 08:16:00  group                 hunt 1 group 22: cores 02, 03, 08, 09, 10, 11 at failing offsets, the rest parked; trials of 120s; testing the part of the failing profile
  │ 08:16:00  profile applied       group profile applied: [0 0 -10 -10 0 0 0 0 -10 -10 -10 -10 0 0 0 0]
  │ 08:16:00  trial intent          trial 0269 cores 00, 01, 02, 03, 04, 05, 06, 07, 08, 09, 10, 11, 12, 13, 14, 15 R6 mprime SSE 4K-21K idle then bursts 120s parked hunt 1 group 22
  │ 08:16:00  trial start           trial 0269 started pid 1269 in scope togi-trial-0269 on cpus 0,1,2,3,4,5,6,7,8,9,10,11,12,13,14,15
  │ 08:16:00  trial progress        trial 0269 bursts: 0 continues, 16 stops
  │ 08:17:30  config loaded         no config at /etc/togi/config.toml; using defaults with togi 0.0.0+dev (schema 4, ruleset 9, fixes 1)
  │ 08:17:30  crash                 crash: boot 27869679 ended without a clean shutdown; in flight: seq 2327; reset reason: x86/amd: Previous system reset reason [0x00000001]: hardware watchdog timer expired
  │ 08:17:30  crash                 trial 0269 FAIL crash, last evidence 0s after start
  │ 08:17:30  fail                  unattributed crash failure in parked R6 trial 0269: the group fails, no evidence names a single core
  │ 08:17:30  skip                  hunt 1 group 23: cores 02, 03 pass inferred: passing trials already establish the group
  │ 08:17:30  skip                  hunt 1 group 24: cores 08, 09 pass inferred: passing trials already establish the group
  │ 08:17:30  skip                  hunt 1 group 25: cores 10, 11 pass inferred: passing trials already establish the group
  │ 08:17:30  skip                  hunt 1 group 26: cores 08, 09, 10, 11 pass inferred: passing trials already establish the group
  │ 08:17:30  group                 hunt 1 group 27: cores 02, 03, 10, 11 at failing offsets, the rest parked; trials of 120s; testing the part of the failing profile
  │ 08:17:30  profile applied       group profile applied: [0 0 -10 -10 0 0 0 0 0 0 -10 -10 0 0 0 0]
  │ 08:17:30  trial intent          trial 0270 cores 00, 01, 02, 03, 04, 05, 06, 07, 08, 09, 10, 11, 12, 13, 14, 15 R6 mprime SSE 4K-21K idle then bursts 120s parked hunt 1 group 27
  │ 08:17:30  trial start           trial 0270 started pid 1270 in scope togi-trial-0270 on cpus 0,1,2,3,4,5,6,7,8,9,10,11,12,13,14,15
  │ 08:17:30  trial progress        trial 0270 bursts: 0 continues, 16 stops
  │ 08:19:00  config loaded         no config at /etc/togi/config.toml; using defaults with togi 0.0.0+dev (schema 4, ruleset 9, fixes 1)
  │ 08:19:00  crash                 crash: boot 1c0d76e4 ended without a clean shutdown; in flight: seq 2380; reset reason: x86/amd: Previous system reset reason [0x00000001]: hardware watchdog timer expired
  │ 08:19:00  crash                 trial 0270 FAIL crash, last evidence 0s after start
  │ 08:19:00  fail                  unattributed crash failure in parked R6 trial 0270: the group fails, no evidence names a single core
  │ 08:19:00  skip                  hunt 1 group 28: cores 02, 03 pass inferred: passing trials already establish the group
  │ 08:19:00  skip                  hunt 1 group 29: cores 10, 11 pass inferred: passing trials already establish the group
  │ 08:19:00  skip                  hunt 1 group 30: cores 02 pass inferred: passing trials already establish the group
  │ 08:19:00  skip                  hunt 1 group 31: cores 03 pass inferred: passing trials already establish the group
  │ 08:19:00  skip                  hunt 1 group 32: cores 10 pass inferred: passing trials already establish the group
  │ 08:19:00  skip                  hunt 1 group 33: cores 11 pass inferred: passing trials already establish the group
  │ 08:19:00  group                 hunt 1 group 34: cores 03, 10, 11 at failing offsets, the rest parked; trials of 120s; testing the part of the failing profile
  │ 08:19:00  profile applied       group profile applied: [0 0 0 -10 0 0 0 0 0 0 -10 -10 0 0 0 0]
  │ 08:19:00  trial intent          trial 0271 cores 00, 01, 02, 03, 04, 05, 06, 07, 08, 09, 10, 11, 12, 13, 14, 15 R6 mprime SSE 4K-21K idle then bursts 120s parked hunt 1 group 34
  │ 08:19:00  trial start           trial 0271 started pid 1271 in scope togi-trial-0271 on cpus 0,1,2,3,4,5,6,7,8,9,10,11,12,13,14,15
  │ 08:19:00  trial progress        trial 0271 bursts: 0 continues, 16 stops
  │ 08:20:30  config loaded         no config at /etc/togi/config.toml; using defaults with togi 0.0.0+dev (schema 4, ruleset 9, fixes 1)
  │ 08:20:30  crash                 crash: boot 641f0b8e ended without a clean shutdown; in flight: seq 2432; reset reason: x86/amd: Previous system reset reason [0x00000001]: hardware watchdog timer expired
  │ 08:20:30  crash                 trial 0271 FAIL crash, last evidence 0s after start
  │ 08:20:30  fail                  unattributed crash failure in parked R6 trial 0271: the group fails, no evidence names a single core
  │ 08:20:30  skip                  hunt 1 group 35: cores 03 pass inferred: passing trials already establish the group
  │ 08:20:30  skip                  hunt 1 group 36: cores 10 pass inferred: passing trials already establish the group
  │ 08:20:30  skip                  hunt 1 group 37: cores 11 pass inferred: passing trials already establish the group
  │ 08:20:30  skip                  hunt 1 group 38: cores 10, 11 pass inferred: passing trials already establish the group
  │ 08:20:30  group                 hunt 1 group 39: cores 03, 11 at failing offsets, the rest parked; trials of 120s; testing the part of the failing profile
  │ 08:20:30  profile applied       group profile applied: [0 0 0 -10 0 0 0 0 0 0 0 -10 0 0 0 0]
  │ 08:20:30  trial intent          trial 0272 cores 00, 01, 02, 03, 04, 05, 06, 07, 08, 09, 10, 11, 12, 13, 14, 15 R6 mprime SSE 4K-21K idle then bursts 120s parked hunt 1 group 39
  │ 08:20:30  trial start           trial 0272 started pid 1272 in scope togi-trial-0272 on cpus 0,1,2,3,4,5,6,7,8,9,10,11,12,13,14,15
  │ 08:20:30  trial progress        trial 0272 bursts: 0 continues, 16 stops
  │ 08:22:00  config loaded         no config at /etc/togi/config.toml; using defaults with togi 0.0.0+dev (schema 4, ruleset 9, fixes 1)
  │ 08:22:00  crash                 crash: boot 6fc4ec6c ended without a clean shutdown; in flight: seq 2479; reset reason: x86/amd: Previous system reset reason [0x00000001]: hardware watchdog timer expired
  █ 08:22:00  crash                 trial 0272 FAIL crash, last evidence 0s after start
  █ 08:22:00  fail                  unattributed crash failure in parked R6 trial 0272: the group fails, no evidence names a single core
  █ 08:22:00  skip                  hunt 1 group 40: cores 03 pass inferred: passing trials already establish the group
  █ 08:22:00  skip                  hunt 1 group 41: cores 11 pass inferred: passing trials already establish the group
  █ 08:22:00  probe                 hunt 1 group 42: core 03 at -9 with core 11 -10, the rest parked; trials of 120s; probing how shallow core 03 must be for the combination to pass
  █ 08:22:00  profile applied       group profile applied: [0 0 0 -9 0 0 0 0 0 0 0 -10 0 0 0 0]
  █ 08:22:00  trial intent          trial 0273 cores 00, 01, 02, 03, 04, 05, 06, 07, 08, 09, 10, 11, 12, 13, 14, 15 R6 mprime SSE 4K-21K idle then bursts 120s parked hunt 1 group 42
  █ 08:22:00  trial start           trial 0273 started pid 1273 in scope togi-trial-0273 on cpus 0,1,2,3,4,5,6,7,8,9,10,11,12,13,14,15

   ?  help    l  log    esc  back    q  close view
