 togi   08:22:00   paused until 08:24   session 8h22m   8 failures · 8 crashes
 ■ SOLO ─ ►  HUNT 1   member 1 of 2 ─ ○ P1 ─ ○ P2 ─ CLEAN 0 ─ ○ CYCLE 1...

 │ 08:20:30  skip                  hunt 1 group 36: cores 10 pass inferred...
 │ 08:20:30  skip                  hunt 1 group 37: cores 11 pass inferred...
 │ 08:20:30  skip                  hunt 1 group 38: cores 10, 11 pass...
 │ 08:20:30  group                 hunt 1 group 39: cores 03, 11 at failing...
 │ 08:20:30  profile applied       group profile applied: [0 0 0 -10 0 0 0...
 │ 08:20:30  trial intent          trial 0272 cores 00, 01, 02, 03, 04, 05...
 │ 08:20:30  trial start           trial 0272 started pid 1272 in scope...
 │ 08:20:30  trial progress        trial 0272 bursts: 0 continues, 16 stops
 │ 08:22:00  config loaded         no config at /etc/togi/config.json...
 │ 08:22:00  crash                 crash: boot 6fc4ec6c ended without a...
 │ 08:22:00  crash                 trial 0272 FAIL crash, last evidence 0s...
 │ 08:22:00  fail                  unattributed crash failure in parked R6...
 │ 08:22:00  skip                  hunt 1 group 40: cores 03 pass inferred...
 │ 08:22:00  skip                  hunt 1 group 41: cores 11 pass inferred...
 │ 08:22:00  probe                 hunt 1 group 42: core 03 at -9 with core...
 │ 08:22:00  profile applied       group profile applied: [0 0 0 -9 0 0 0 0...
 │ 08:22:00  trial intent          trial 0273 cores 00, 01, 02, 03, 04, 05...
 █ 08:22:00  trial start           trial 0273 started pid 1273 in scope...

  ?  help    l  log    esc  back    q  close view
