   togi   00:18:20  running 1m40s  0 failures  0 crashes

  TESTING TOGETHER  cycle 1, step 1 of 3  ███████████████████░░░░░  0m27s left

  Event log, as the journal records it
  
    0h00m  session dashboard started by a togi build from before version stamps (schema 0, ruleset 0, fixes 0, 3 cores)
    0h00m  core 00 starts at its limit at -20 ()
    0h00m  core 01 starts at its limit at -30 ()
    0h00m  core 02 starts at its limit at -50 ()
    0h00m  profile for checking: [-20 -30 -50]
    0h00m  checking cycle 1 start: R1 R2 R7
    0h00m  trial checking core 01 R2 mprime AVX2 36K-248K 120s together cycle 1
    0h00m  trial checking started pid 0 in scope  on cpu 






















































  L or Esc back    ? what is all this    q quit
