 togi   04:51:10   session 4h51m   7 failures · 7 crashes   last observed
 ■ SOLO ─ ○ CYCLE 1 paused at 1/14 ─ ►  HUNT 1   member 1 of 2 ─ ○ DEEPEN ─

 █ READING THE SCREEN ────────────────────────────────────────────────────────
 █ 
 │ ► 04  -28  AT LIMIT ▄▄▄▄▄▄▄▄▄▄▄▄▄▄▄▄▄▄▄▄▄▄▄▄▄▄▄▄░░░░░░░█                -36
 │                     at its limit: one count deeper reaches C5
 │ 
 │ ► 00  -26  HAS ROOM ▄▄▄▄▄▄▄▄▄▄▄▄▄▄▄▄▄▄▄▄▄▄▄▄▄▄·····█                    -32
 │                     has room: backed off after a hunt, may deepen
 │ 
 │   09    0  PARKED   ···············································█    -48
 │                     parked at 0 by a hunt; returns to -47
 │ 
 │ ► 00  -26  PROBE    ▄▄▄▄▄▄▄▄▄▄▄▄▄▄▄▄▄▄▄▄▄▄▄▄▄▄▀ ▀▀ █                    -32
 │                     probe: the group failed with core 00 at -30, -29, -27
 │ 
 │ ►         the core carries load in this trial
 │ ▄▄▄       offset applied now, or saved after a stop restored the hardware;
 │           white when this trial judges the core
 │ grey ▄▄▄  the same depth, grey when the core is not judged

  ?  help    l  log    esc  back    q  close view
