 togi   04:51:10   session 4h51m   7 failures · 7 crashes   last observed failure 04:50, a moment ago
 ■ SOLO ─ ○ CYCLE 1 paused at 1/14 ─ ►  HUNT 1   member 1 of 2 ─ ○ DEEPEN ─ CLEAN 0

 ▌  Probing members of 03 11: core 03 at -9.

  R7   all-core load  on 00-07 · 11 at failing offsets, core 03 at -9, 00-02         HUNT 1 · GROUP 41 · CORE 03 AT -9
 ███████████████████████████████████████████████████████████████████████████████████████████  1:20 left  0/5 ► · · · ·

 5/5 pass → group 42   none named → group 42   core named → hunt ends · a core at 0: tuning stops

 CCD 0 all loaded 0  2 counts/cell       -50 fail  back      CCD 1 idle       0  2 counts/cell       -50 fail  back
 ► 00   0 PARKED   ····▀                            -10        08   0 PARKED   ····▀                            -10
 ► 01   0 PARKED   ····▀                            -10        09   0 PARKED   ····▀                            -10
 ► 02   0 PARKED   ····▀                            -10        10   0 PARKED   ····▀                            -10
 ► 03  -9 PROBE    ▄▄▄▄▀                           -10         11 -10 MEMBER   ▄▄▄▄▀                    
 ► 04   0 PARKED   ·····                            -10        12   0 PARKED   ····▀                            -10
 ► 05   0 PARKED   ·····                            -10        13   0 PARKED   ····▀                            -10
 ► 06   0 PARKED   ·····                            -10        14   0 PARKED   ····▀                            -10
 ► 07   0 PARKED   ·····                            -10        15   0 PARKED   ····▀                            -10

 HUNT 1 ─────────────────────────────────── 04:01 · 49m40s   WHAT HAPPENED ──────────────────────────────────── l: all

 cause  crash in R7 all-core on 00-07, no core named         04:50  group    hunt 1 groups 39-40 · parts of 03 11
                                                             04:50  crash    hunt 1 group 38 · 03 11 at failing
 groups 1-7   parts of 00-15 and      all passed             04:49  group    hunt 1 groups 34-37 · parts of 03 10 11
 group 8      00-03 08-15 at failing  crashed                04:49  crash    hunt 1 group 33 · 03 10 11 at failing
 groups 9-13  parts of 00-03 08-15    all passed             04:47  group    hunt 1 groups 27-32 · parts of 02 03 10
 group 14     00-03 08-11 at failing  crashed                04:47  crash    hunt 1 group 26 · 02 03 10 11 at failing
 groups 15-20 parts of 00-03 08-11    all passed             04:46  group    hunt 1 groups 22-25 · parts of 02 03
 +16 more                                                    +16 more

  ?  help    l  log    esc  back    q  close view
