  togi   00:03:28   session 48h02m   53 failures · 9 crashes   last observed failure 20:04, 3h58m ago

  ■ SOLO LIMITS  16/16  ───  ■ PHASE 1  ───  ■ PHASE 2  concluded  ───  CLEAN CYCLES 1  ───  ■ CYCLE 2

  ▌  STOPPED   The requested clean cycles are complete, so I restored safer offsets and stopped. togi run picks up        last trial      PASS  15:00 on 00-15 · Tctl max 67°C
  ▌            where I left off.

  STOPPED ───────────────────────────────────────────────────────────────────────────────────────────────────────────────────────────────────────────────────────────────────────────────────────────────────────────────────────────────────
  00:02:48 · requested clean cycles completed
  Rows show the saved profile, not applied now.

  CCD 0               0       -10       -20       -30       -40       -50 fail pt  not under load                         CCD 1               0       -10       -20       -30       -40       -50 fail pt  not under load
    00  -37  AT LIMIT  ▄▄▄▄▄▄▄▄▄▄▄▄▄▄▄▄▄▄▄▄▄▄▄▄▄▄▄▄▄▄▄▄▄▄▄▄▄█                -38                                            08  -24  AT LIMIT  ▄▄▄▄▄▄▄▄▄▄▄▄▄▄▄▄▄▄▄▄▄▄▄▄█··                           -25
    01  -31  AT LIMIT  ▄▄▄▄▄▄▄▄▄▄▄▄▄▄▄▄▄▄▄▄▄▄▄▄▄▄▄▄▄▄▄█··                    -32                                            09  -16  AT LIMIT  ▄▄▄▄▄▄▄▄▄▄▄▄▄▄▄▄█·                                    -17
    02  -35  AT LIMIT  ▄▄▄▄▄▄▄▄▄▄▄▄▄▄▄▄▄▄▄▄▄▄▄▄▄▄▄▄▄▄▄▄▄▄▄█                  -36                                            10  -15  AT LIMIT  ▄▄▄▄▄▄▄▄▄▄▄▄▄▄▄█                                      -16
    03  -17  AT LIMIT  ▄▄▄▄▄▄▄▄▄▄▄▄▄▄▄▄▄█                                    -18                                            11   -4  AT LIMIT  ▄▄▄▄█··                                                -5
    04  -32  AT LIMIT  ▄▄▄▄▄▄▄▄▄▄▄▄▄▄▄▄▄▄▄▄▄▄▄▄▄▄▄▄▄▄▄▄█                     -33                                            12   -7  AT LIMIT  ▄▄▄▄▄▄▄█··                                             -8
    05   -7  AT LIMIT  ▄▄▄▄▄▄▄█··                                             -8                                            13  -22  AT LIMIT  ▄▄▄▄▄▄▄▄▄▄▄▄▄▄▄▄▄▄▄▄▄▄█·                              -23
    06  -27  AT LIMIT  ▄▄▄▄▄▄▄▄▄▄▄▄▄▄▄▄▄▄▄▄▄▄▄▄▄▄▄█··                        -28                                            14    0  AT LIMIT  █···                                                   -1
    07  -30  AT LIMIT  ▄▄▄▄▄▄▄▄▄▄▄▄▄▄▄▄▄▄▄▄▄▄▄▄▄▄▄▄▄▄█·                      -31                                            15  -35  AT LIMIT  ▄▄▄▄▄▄▄▄▄▄▄▄▄▄▄▄▄▄▄▄▄▄▄▄▄▄▄▄▄▄▄▄▄▄▄█···               -36

  BIOS PROFILE ────────────────────────────────────────────────────────────────── confirmed by the cycle ending #9129     WHAT HAPPENED ─────────────────────────────────────────────────────────────────── newest first · l: last 400 events
  slot      0    1    2    3    4    5    6    7 
  CCD 0   -37  -31  -35  -17  -32   -7  -27  -30                                                                          00:02  stop     stopped
  CCD 1   -24  -16  -15   -4   -7  -22    0  -35                                                                          00:02  cycle    cycle 2 passed, a full cycle of every kind of test
                                                                                                                          00:02  pass     R6 idle + bursts on 00-15 · passed · Tctl max 67°C
  CYCLE 2 ──────────────────────────────────────────────────────────────────────────────────────── 18 steps · 18 done     23:47  pass     R4 partial load on core 15 at -35 · passed · Tctl max 73°C
                                                                                                                          23:45  pass     R4 partial load on core 07 at -30 · passed · Tctl max 64°C
    #   kind                  where                   workload                      schedule       result                 23:43  pass     R4 partial load on core 14 at 0 · passed · Tctl max 62°C
  ■  1  R7 all-core           2 CCDs · 15 parts       mprime AVX2 36K-248K          15 parts       done                   23:41  pass     R4 partial load on core 06 at -27 · passed · Tctl max 69°C
  ■  2  R7 all-core           2 CCDs · 15 parts       mprime AVX-512 36K-248K       15 parts       done                   23:39  pass     R4 partial load on core 13 at -22 · passed · Tctl max 63°C
  ■  3  R7 all-core           2 CCDs · 15 parts       y-cruncher FFTv4 + N63 + VT3  15 parts       done                   23:37  pass     R4 partial load on core 05 at -7 · passed · Tctl max 72°C
  ■  4  R2 heavy vector       one core at a time      mprime AVX2 36K-248K          16 x 2m        done                   23:35  pass     R4 partial load on core 12 at -7 · passed · Tctl max 74°C
  ■  5  R2 heavy vector       one core at a time      mprime AVX-512 36K-248K       16 x 2m        done                   23:33  pass     R4 partial load on core 04 at -32 · passed · Tctl max 75°C
  ■  6  R2 heavy vector       one core at a time      y-cruncher FFTv4 + N63 + VT3  16 x 2m        done                   23:31  pass     R4 partial load on core 11 at -4 · passed · Tctl max 69°C
  ■  7  R6 idle + bursts      all cores idle          mprime SSE 4K-21K             15m            done                   23:29  pass     R4 partial load on core 03 at -17 · passed · Tctl max 72°C
  ■  8  R5 both threads       one core at a time      mprime SSE 4K-21K             16 x 2m        done                   23:27  pass     R4 partial load on core 10 at -15 · passed · Tctl max 70°C
  ■  9  R1 light              one core at a time      mprime SSE 4K-21K             16 x 2m        done                   23:25  pass     R4 partial load on core 02 at -35 · passed · Tctl max 75°C
  ■ 10  R1 light              one core at a time      y-cruncher BKT + SFTv4        16 x 2m        done                   23:23  pass     R4 partial load on core 09 at -16 · passed · Tctl max 74°C
  ■ 11  R1 light              one core at a time      y-cruncher SNT + SVT          16 x 2m        done                   23:21  pass     R4 partial load on core 01 at -31 · passed · Tctl max 69°C
  ■ 12  R3 load steps         one core at a time      mprime SSE 4K-21K             16 x 2m        done                   23:19  pass     R4 partial load on core 08 at -24 · passed · Tctl max 76°C
  ■ 13  R3 load steps         one core at a time      y-cruncher BKT + SFTv4        16 x 2m        done                   23:17  pass     R4 partial load on core 00 at -37 · passed · Tctl max 67°C
  ■ 14  R3 load steps         one core at a time      y-cruncher SNT + SVT          16 x 2m        done                   23:15  pass     R4 partial load on core 15 at -35 · passed · Tctl max 62°C
  ■ 15  R4 partial load       one core at a time      mprime SSE 4K-21K             16 x 2m        done                   23:13  pass     R4 partial load on core 07 at -30 · passed · Tctl max 65°C
  ■ 16  R4 partial load       one core at a time      y-cruncher BKT + SFTv4        16 x 2m        done                   23:11  pass     R4 partial load on core 14 at 0 · passed · Tctl max 64°C
  ■ 17  R4 partial load       one core at a time      y-cruncher SNT + SVT          16 x 2m        done                   23:09  pass     R4 partial load on core 06 at -27 · passed · Tctl max 64°C
  ■ 18  R6 idle + bursts      all cores idle          y-cruncher BKT + SFTv4        15m            done                   23:07  pass     R4 partial load on core 13 at -22 · passed · Tctl max 63°C
                                                                                                                          23:05  pass     R4 partial load on core 05 at -7 · passed · Tctl max 67°C
  R7 ─────────────────────────── top requesters ───────── self-sufficient ───────────────── observed, not a guarantee     23:03  pass     R4 partial load on core 12 at -7 · passed · Tctl max 72°C
  mprime AVX2 36K-248K           05 14 by offset          01-14                                                           23:01  pass     R4 partial load on core 04 at -32 · passed · Tctl max 75°C
  mprime AVX-512 36K-248K        05 14 by offset          01-14                                                           22:59  pass     R4 partial load on core 11 at -4 · passed · Tctl max 76°C
  y-cruncher FFTv4 + N63 + VT3   05 14 by offset          01-14                                                           22:57  pass     R4 partial load on core 03 at -17 · passed · Tctl max 69°C
                                                                                                                          22:55  pass     R4 partial load on core 10 at -15 · passed · Tctl max 72°C
                                                                                                                          22:53  pass     R4 partial load on core 02 at -35 · passed · Tctl max 71°C
                                                                                                                          22:51  pass     R4 partial load on core 09 at -16 · passed · Tctl max 69°C
                                                                                                                          22:49  pass     R4 partial load on core 01 at -31 · passed · Tctl max 62°C
                                                                                                                          22:47  pass     R4 partial load on core 08 at -24 · passed · Tctl max 73°C
                                                                                                                          22:45  pass     R4 partial load on core 00 at -37 · passed · Tctl max 62°C
                                                                                                                          22:43  pass     R4 partial load on core 15 at -35 · passed · Tctl max 75°C
                                                                                                                          22:41  pass     R4 partial load on core 07 at -30 · passed · Tctl max 74°C
                                                                                                                          22:39  pass     R4 partial load on core 14 at 0 · passed · Tctl max 76°C
                                                                                                                          22:37  pass     R4 partial load on core 06 at -27 · passed · Tctl max 69°C
                                                                                                                          22:35  pass     R4 partial load on core 13 at -22 · passed · Tctl max 65°C
                                                                                                                          +1118 more

   ?  help    l  log    esc  back    q  close view
