  togi   18:13:55   session 18h13m   51 failures · 14 crashes   last observed failure 18:13, a moment ago

  ■ SOLO LIMITS  16/16  ───  ○ CYCLE 1  paused at step 4 of 14, part 3  ───  ►  HUNT 1   parts · part 1 of 2  ───  ○ DEEPEN  ───  CLEAN CYCLES 0  · repeats until stopped

  ▌  HUNT 1   The machine crashed early in the 2-minute heavy vector trial on 01 and rebooted.                            last trial      CRASH  on core 01
  ▌           No core was named: I rerun that load with 00 02-13 15 at their failing offsets, 01 14 parked at 0.

  NOW ──────────────────────────────────────────────────────────────────────────────────────────────────────────────────────────────────────────────────────────────────────────────────────────────────────────────────────────── trial 0610
   R2   heavy vector load  on 01 · 00 02-13 15 at failing offsets, 01 parked at 0   mprime AVX2 36K-248K · 1 worker                                                                                                      HUNT 1 · PART 1 OF 2

  ████████████████████████████████████████████████████████████████████████████████████████████████████████████████████████████████████████████████████████████████████████████████████████████████████████████████████          ▀█    ▀▀█ █▀█
  ████████████████████████████████████████████████████████████████████████████████████████████████████████████████████████████████████████████████████████████████████████████████████████████████████████████████████           █  ▀ █▀▀ █ █
  ▀▀▀▀▀▀▀▀▀▀▀▀▀▀▀▀▀▀▀▀▀▀▀▀▀▀▀▀▀▀▀▀▀▀▀▀▀▀▀▀▀▀▀▀▀▀▀▀▀▀▀▀▀▀▀▀▀▀▀▀▀▀▀▀▀▀▀▀▀▀▀▀▀▀▀▀▀▀▀▀▀▀▀▀▀▀▀▀▀▀▀▀▀▀▀▀▀▀▀▀▀▀▀▀▀▀▀▀▀▀▀▀▀▀▀▀▀▀▀▀▀▀▀▀▀▀▀▀▀▀▀▀▀▀▀▀▀▀▀▀▀▀▀▀▀▀▀▀▀▀▀▀▀▀▀▀▀▀▀▀▀▀▀▀▀▀▀▀▀▀▀▀▀▀▀▀▀▀▀▀▀▀▀▀▀▀▀▀▀▀▀▀▀▀▀▀▀▀▀▀▀▀▀▀▀▀▀▀▀▀▀▀          ▀▀▀ ▀ ▀▀▀ ▀▀▀
  0:40 of 2:00                                                                                                                                                                      0 passed · trial 1 of 5  ► · · · ·                   left

  if 5 of 5 pass       next: part 2: 00 02-13 15 parked at 0, idle
  if none is named     next: hunt 1 group 2: R2 heavy vector on 01 · 08-13 15 at failing offsets, 00-07 parked at 0
  if a core is named   its failure point is recorded → tuning stops: failure at zero

  CCD 0               0       -10       -20       -30       -40       -50 fail pt  one core under load at a time          CCD 1               0       -10       -20       -30       -40       -50 fail pt  not under load
    00  -37  MEMBER    ▄▄▄▄▄▄▄▄▄▄▄▄▄▄▄▄▄▄▄▄▄▄▄▄▄▄▄▄▄▄▄▄▄▄▄▄▄█                -38                                            08  -26  MEMBER    ▄▄▄▄▄▄▄▄▄▄▄▄▄▄▄▄▄▄▄▄▄▄▄▄▄▄█                           -27
  ► 01    0  PARKED    ··································█                   -35   returns to -34                           09  -16  MEMBER    ▄▄▄▄▄▄▄▄▄▄▄▄▄▄▄▄█·                                    -17
    02  -35  MEMBER    ▄▄▄▄▄▄▄▄▄▄▄▄▄▄▄▄▄▄▄▄▄▄▄▄▄▄▄▄▄▄▄▄▄▄▄█                  -36                                            10  -16  MEMBER    ▄▄▄▄▄▄▄▄▄▄▄▄▄▄▄▄█                                     -17
    03  -17  MEMBER    ▄▄▄▄▄▄▄▄▄▄▄▄▄▄▄▄▄█                                    -18                                            11   -1  MEMBER    ▄█·····                                                -2
    04  -32  MEMBER    ▄▄▄▄▄▄▄▄▄▄▄▄▄▄▄▄▄▄▄▄▄▄▄▄▄▄▄▄▄▄▄▄█                     -33                                            12  -10  MEMBER    ▄▄▄▄▄▄▄▄▄▄█                                           -11
    05   -7  MEMBER    ▄▄▄▄▄▄▄█··                                             -8                                            13  -22  MEMBER    ▄▄▄▄▄▄▄▄▄▄▄▄▄▄▄▄▄▄▄▄▄▄█·                              -23
    06  -27  MEMBER    ▄▄▄▄▄▄▄▄▄▄▄▄▄▄▄▄▄▄▄▄▄▄▄▄▄▄▄█··                        -28                                            14    0  AT LIMIT  █···                                                   -1
    07  -32  MEMBER    ▄▄▄▄▄▄▄▄▄▄▄▄▄▄▄▄▄▄▄▄▄▄▄▄▄▄▄▄▄▄▄▄█                     -33                                            15  -38  MEMBER    ▄▄▄▄▄▄▄▄▄▄▄▄▄▄▄▄▄▄▄▄▄▄▄▄▄▄▄▄▄▄▄▄▄▄▄▄▄▄█               -39

  HUNT 1 ───────────────────────────────────────────────────────────────────────────────── started 18:13 · 40s so far     WHAT HAPPENED ─────────────────────────────────────────────────────────────────────── newest first · l: every event

  cause       crash in R2 heavy vector on 01 · cycle 1 step 4, part 3, trial 1 of 1 · no core named                       18:13  hunt     #1 started · part 1: 00 02-13 15 at failing offsets, 01 parked
  evidence    the last sample came 0:06 into the trial · not enough to attribute                                          18:13  crash    R2 heavy vector on core 01 at -34 · rebooted · early in trial 1 of 1 · no core named
  candidates  00-13 15, every core with an offset in the failing profile                                                  18:11  pass     R2 heavy vector on core 08 at -26 · passed · Tctl max 67°C
                                                                                                                          18:09  pass     R2 heavy vector on core 00 at -37 · passed · Tctl max 64°C
  parts       part        at failing offsets   parked at 0   schedule   state                                             18:07  pass     R7 full CCD 0+1 on 00-15 · 4 of 4 passed · Tctl max 70°C
            ► 1 of 2      00 02-13 15          01 14         5 x 2m     trial 1 of 5                                      17:51  note     cycle 1 step 3 CCD 1 ycruncher-fftv4-n63-vt3-allcore: partial 6 idles top group [8] from offset
              2 of 2      01                   00 02-15      5 x 2m     if part 1 passes                                  17:51  pass     R7 partial CCD 1 on 08 15 · 4 of 4 passed · Tctl max 75°C
              then finer parts and their complements, until one fails or none does                                        17:40  note     cycle 1 step 3 CCD 1 ycruncher-fftv4-n63-vt3-allcore: partial 5 idles top group [13] from offset
                                                                                                                          17:40  pass     R7 partial CCD 1 on 08 13 15 · 4 of 4 passed · Tctl max 75°C
  then        if the hunt resolves and the rerun passes:                                                                  17:29  note     cycle 1 step 3 CCD 1 ycruncher-fftv4-n63-vt3-allcore: partial 4 idles top group [9 10] from offset
              1  record what it found: one core's failure point, or a combination                                         17:29  pass     R7 partial CCD 1 on 08-10 13 15 · 4 of 4 passed · Tctl max 69°C
              2  back off past it                                                                                         17:18  note     cycle 1 step 3 CCD 1 ycruncher-fftv4-n63-vt3-allcore: partial 3 idles top group [12] from offset
              3  rerun R2 heavy vector on 01: 5 trials of 2m, its original length                                         17:18  pass     R7 partial CCD 1 on 08-10 12 13 15 · 4 of 4 passed · Tctl max 76°C
              4  resume cycle 1                                                                                           17:07  note     cycle 1 step 3 CCD 1 ycruncher-fftv4-n63-vt3-allcore: partial 2 idles top group [11] from offset
                                                                                                                          17:07  pass     R7 partial CCD 1 on 08-13 15 · 4 of 4 passed · Tctl max 72°C
                                                                                                                          16:56  note     cycle 1 step 3 CCD 1 ycruncher-fftv4-n63-vt3-allcore: partial 1 idles top group [14] from offset
                                                                                                                          16:56  pass     R7 full CCD 1 on 08-15 · 4 of 4 passed · Tctl max 71°C
                                                                                                                          16:45  note     cycle 1 step 3 CCD 0 ycruncher-fftv4-n63-vt3-allcore: partial 6 idles top group [2] from offset
                                                                                                                          16:45  pass     R7 partial CCD 0 on 00 02 · 4 of 4 passed · Tctl max 76°C
                                                                                                                          16:34  note     cycle 1 step 3 CCD 0 ycruncher-fftv4-n63-vt3-allcore: partial 5 idles top group [1] from offset
                                                                                                                          16:34  pass     R7 partial CCD 0 on 00-02 · 4 of 4 passed · Tctl max 69°C
                                                                                                                          16:23  note     cycle 1 step 3 CCD 0 ycruncher-fftv4-n63-vt3-allcore: partial 4 idles top group [4 7] from offset
                                                                                                                          16:23  pass     R7 partial CCD 0 on 00-02 04 07 · 4 of 4 passed · Tctl max 75°C
                                                                                                                          16:12  note     cycle 1 step 3 CCD 0 ycruncher-fftv4-n63-vt3-allcore: partial 3 idles top group [6] from offset
                                                                                                                          16:12  pass     R7 partial CCD 0 on 00-02 04 06 07 · 4 of 4 passed · Tctl max 72°C
                                                                                                                          16:01  note     cycle 1 step 3 CCD 0 ycruncher-fftv4-n63-vt3-allcore: partial 2 idles top group [3] from offset
                                                                                                                          16:01  pass     R7 partial CCD 0 on 00-04 06 07 · 4 of 4 passed · Tctl max 75°C
                                                                                                                          15:50  note     cycle 1 step 3 CCD 0 ycruncher-fftv4-n63-vt3-allcore: partial 1 idles top group [5] from offset
                                                                                                                          15:50  pass     R7 full CCD 0 on 00-07 · 4 of 4 passed · Tctl max 74°C
                                                                                                                          15:39  step     cycle 1 step 3: R7 all-core, y-cruncher FFTv4 + N63 + VT3
                                                                                                                          15:39  pass     R7 full CCD 0+1 on 00-15 · 4 of 4 passed · Tctl max 72°C
                                                                                                                          15:23  note     cycle 1 step 2 CCD 1 mprime-avx512-36k-248k-allcore: partial 6 idles top group [8] from offset
                                                                                                                          +168 more

   ?  help    l  log    esc  back    q  close view
