 togi   10:16:57   session 10h16m   31 failures · 8 crashes   last observed failure 10:16, a moment ago
 ■ SOLO ─ ○ CYCLE 1 paused at 1/18 ─ ►  HUNT 1   locate ─ ○ DEEPEN ─ CLEAN 0

 ▌  Crashed early in R7 all-core on 00-07; no core named. Rerunning it with 08-15 at 0.

  R7   all-core load  on 00-07 · 08-15 parked at 0, idle   mprime AVX2 36K-248K · 8 workers           HUNT 1 · GROUP 1
 ███████████████████████████████████████████████████████████████████████████████████████████  1:20 left  0/5 ► · · · ·

 5/5 pass → group 2   none named → hunt ends   core named → hunt ends   backoffs per offset order

 CCD 0 all loaded 0  2 counts/cell       -50 fail            CCD 1 parked     0  2 counts/cell       -50 fail  back
 ► 00 -37 AT LIMIT ▄▄▄▄▄▄▄▄▄▄▄▄▄▄▄▄▄▄█         -38             08   0 PARKED   ·············█              -28  -27
 ► 01 -34 AT LIMIT ▄▄▄▄▄▄▄▄▄▄▄▄▄▄▄▄▄█          -35             09   0 PARKED   ·········█                  -19  -18
 ► 02 -35 AT LIMIT ▄▄▄▄▄▄▄▄▄▄▄▄▄▄▄▄▄█          -36             10   0 PARKED   ········█                   -17  -16
 ► 03 -17 AT LIMIT ▄▄▄▄▄▄▄▄█                   -18             11   0 PARKED   ···█                         -8   -7
 ► 04 -32 AT LIMIT ▄▄▄▄▄▄▄▄▄▄▄▄▄▄▄▄█           -33             12   0 PARKED   ·····█                      -11  -10
 ► 05  -9 AT LIMIT ▄▄▄▄█                       -10 top         13   0 PARKED   ············█               -25  -24
 ► 06 -29 AT LIMIT ▄▄▄▄▄▄▄▄▄▄▄▄▄▄█             -30             14   0 PARKED   ··█                          -5   -4
 ► 07 -32 AT LIMIT ▄▄▄▄▄▄▄▄▄▄▄▄▄▄▄▄█           -33             15   0 PARKED   ···················█        -40  -39

 HUNT 1 ────────────────────────────────────── 10:16 · 40s   WHAT HAPPENED ──────────────────────────────────── l: all

 cause  crash in the rerun of R7 all-core on 00-07, no       10:16  hunt     #1 started · locate: 08-15 at 0
                                                             10:16  crash    rerun of R7 all-core on 00-07 · rebooted
 group 1      locate: 08-15 at 0      running · 0/5 passed   10:14  backoff  core 06 -30 → -29
                                                             10:14  fail     core 06 fails at -30
 then   1  record a failure point or a combination           10:14  fail     rerun of R7 all-core on 00-07 · wrong
        2  back off past it                                  10:14  backoff  core 05 -10 → -9
        3  rerun R7 all-core: 5 x 2m                         10:14  fail     core 05 fails at -10
                                                             +193 more

  ?  help    l  log    esc  back    q  close view
