  togi   04:51:10   session 4h51m   7 failures · 7 crashes   last observed failure 04:50, a moment ago

  ■ SOLO LIMITS  16/16  ───  ○ CYCLE 1  paused at step 1 of 14  ───  ►  HUNT 1   member probes · core 03 at -9  ───  ○ DEEPEN  ───  CLEAN CYCLES 0  ·

  ▌  HUNT 1 The group was kept together. I probe each member: how shallow         last trial      FAILURE  0:00 on 00-07
  ▌  must it go for the rest to pass?

  NOW ──────────────────────────────────────────────────────────────────────────────────────────────────────────────────────────────────────────── trial 0188
   R7   all-core load  on 00-07 · 00-02 04-10 12-15 parked, idle 11   mprime AVX2 36K-248K · 8 workers                      HUNT 1 · GROUP 41 · CORE 03 AT -9
  █████████████████████████████████████████████████████████████████████████████████████████████████████████████████████████████████  1:20 left  0/5 ► · · · ·

  if all 5 pass        probe core 11 at -9; hold 03:-10 → next: hunt 1 group 42 on 00-07: R7 mprime AVX2 36K-248K
  if none is named     probe core 03 at -8; hold 11:-10 → next: hunt 1 group 42 on 00-07: R7 mprime AVX2 36K-248K
  if a core is named   hunt 1 ends; the named core is identified → record its failure point; back off the named core → next: rerun on 00-07: R7 mprime AVX2

  CCD 0               0  2 counts/cell       -50 fail pt  all under load          CCD 1               0  2 counts/cell       -50 fail pt  not under load
  ► 00    0  PARKED    ·····                              returns to -10            08    0  PARKED    ·····                              returns to -10
  ► 01    0  PARKED    ·····                              returns to -10            09    0  PARKED    ·····                              returns to -10
  ► 02    0  PARKED    ·····                              returns to -10            10    0  PARKED    ·····                              returns to -10
  ► 03   -9  PROBE     ▄▄▄▄▄                                                        11  -10  MEMBER    ▄▄▄▄▄                              
  ► 04    0  PARKED    ·····                              returns to -10            12    0  PARKED    ·····                              returns to -10
  ► 05    0  PARKED    ·····                              returns to -10            13    0  PARKED    ·····                              returns to -10
  ► 06    0  PARKED    ·····                              returns to -10            14    0  PARKED    ·····                              returns to -10
  ► 07    0  PARKED    ·····                              returns to -10            15    0  PARKED    ·····                              returns to -10

  HUNT 1 ────────────────────────────────────── started 04:01 · 49m40s so far     WHAT HAPPENED ────────────────────────────────────────────────────── l: all
                                                                                  
  cause     crash in R7 all-core load on 00-07 · no core named                    04:50  skip     hunt 1 groups 39-40: pass from carried trials
  candidates00-15, every core with an offset in the failing profile               04:50  crash    hunt 1 group 38: all-core load on cores 00-07, rebooted
                                                                                  04:50  resume   session resumed
                                                                                  04:49  skip     hunt 1 groups 34-37: pass from carried trials
  probes    member  now   group failed at      passed at           state          04:49  crash    hunt 1 group 33: all-core load on cores 00-07, rebooted
            03   -9  failed -10 · passed - · ► trial 1 of 5                       04:49  resume   session resumed
            11  -10  failed -10 · passed - · waiting                              04:47  skip     hunt 1 groups 27-32: pass from carried trials
                                                                                  04:47  crash    hunt 1 group 26: all-core load on cores 00-07, rebooted
  groups    most recent groups; carried answers need no trial                     04:47  resume   session resumed
            G38 03 11 · failure · 0/5 passed                                      04:46  skip     hunt 1 groups 22-25: pass from carried trials
            G39 03 · pass · 10/5 passed                                           04:46  crash    hunt 1 group 21: all-core load on cores 00-07, rebooted
            G40 11 · pass · 10/5 passed                                           04:46  resume   session resumed
            G41 11 · running · 0/5 passed                                         04:44  skip     hunt 1 groups 15-20: pass from carried trials
                                                                                  04:44  crash    hunt 1 group 14: all-core load on cores 00-07, rebooted
  +2 more                                                                         +31 more

   ?  help    l  log    esc  back    q  close view
