 togi   13:08:40   session 61h08m   8 failures · 8 crashes   last observed failure 08:22, 52h46m ago
 ■ SOLO ─ ■ CYCLE 2 ─ ○ DEEPEN ─ CLEAN 1

 ▌  The requested clean cycles are complete, so I restored safer offsets and stopped. togi run picks up where I left

 STOPPED  13:08:00 · requested clean cycles completed
 Rows show the saved profile, not applied now.

 CCD 0 idle       0  2 counts/cell       -50 fail            CCD 1 idle       0  2 counts/cell       -50 fail
   00 -50 AT LIMIT ▄▄▄▄▄▄▄▄▄▄▄▄▄▄▄▄▄▄▄▄▄▄▄▄▄                   08 -50 AT LIMIT ▄▄▄▄▄▄▄▄▄▄▄▄▄▄▄▄▄▄▄▄▄▄▄▄▄
   01 -50 AT LIMIT ▄▄▄▄▄▄▄▄▄▄▄▄▄▄▄▄▄▄▄▄▄▄▄▄▄                   09 -50 AT LIMIT ▄▄▄▄▄▄▄▄▄▄▄▄▄▄▄▄▄▄▄▄▄▄▄▄▄
   02 -50 AT LIMIT ▄▄▄▄▄▄▄▄▄▄▄▄▄▄▄▄▄▄▄▄▄▄▄▄▄                   10 -50 AT LIMIT ▄▄▄▄▄▄▄▄▄▄▄▄▄▄▄▄▄▄▄▄▄▄▄▄▄
   03 -50 AT LIMIT ▄▄▄▄▄▄▄▄▄▄▄▄▄▄▄▄▄▄▄▄▄▄▄▄▄                   11  -9 AT LIMIT ▄▄▄▄▄                           C1
   04 -50 AT LIMIT ▄▄▄▄▄▄▄▄▄▄▄▄▄▄▄▄▄▄▄▄▄▄▄▄▄                   12 -50 AT LIMIT ▄▄▄▄▄▄▄▄▄▄▄▄▄▄▄▄▄▄▄▄▄▄▄▄▄
   05 -50 AT LIMIT ▄▄▄▄▄▄▄▄▄▄▄▄▄▄▄▄▄▄▄▄▄▄▄▄▄                   13 -50 AT LIMIT ▄▄▄▄▄▄▄▄▄▄▄▄▄▄▄▄▄▄▄▄▄▄▄▄▄
   06 -50 AT LIMIT ▄▄▄▄▄▄▄▄▄▄▄▄▄▄▄▄▄▄▄▄▄▄▄▄▄                   14 -50 AT LIMIT ▄▄▄▄▄▄▄▄▄▄▄▄▄▄▄▄▄▄▄▄▄▄▄▄▄
   07 -50 AT LIMIT ▄▄▄▄▄▄▄▄▄▄▄▄▄▄▄▄▄▄▄▄▄▄▄▄▄                   15 -50 AT LIMIT ▄▄▄▄▄▄▄▄▄▄▄▄▄▄▄▄▄▄▄▄▄▄▄▄▄

 CYCLE 2 ────────────────────────────── 18 steps · 18 done   WHAT HAPPENED ─────────────────────────────── l: last 400

 ■  1 R7 all-core       4 parts       done                   13:08  stop     stopped
 ■  2 R7 all-core       4 parts       done                   13:08  cycle    cycle 2 passed, a full cycle of every
 ■  3 R7 all-core       4 parts       done                   13:08  pass     R6 idle + bursts on 00-15 · passed
 ■  4 R2 heavy vector   16 x 2m       done                   12:53  pass     R4 partial load on core 15 at -50
 +18 more                                                    12:51  pass     R4 partial load on core 07 at -50
                                                             12:49  pass     R4 partial load on core 14 at -50
 R7 ────────────── top ───────────── self-sufficient ─────   12:47  pass     R4 partial load on core 06 at -50
 mprime AVX2       00-0... by offset all                     12:45  pass     R4 partial load on core 13 at -50
 mprime AVX-512    00-0... by offset all                     12:43  pass     R4 partial load on core 05 at -50
 y-cruncher FFTv4  00-0... by offset all                     +634 more

  ?  help    l  log    esc  back    q  close view
