   togi   10:15:17  running 10h15m  28 failures  7 crashes

  █  TESTING TOGETHER
  █  now  lap 1, step 1 of 14
  █  all-core load on cores 00-07 (mprime AVX2 36K-248K)
  █  █████████████░░░░░░░░░░░░░░░░░░░░░░░░░░░  1m20s left
  ■ Find limits   ► Test together ○ Go deeper     ○ Clean lap     ∞ Keep checking
  █████████████   ░░░░░░░░░░░░░   ░░░░░░░░░░░░░   ░░░░░░░░░░░░░   ░░░░░░░░░░░░░
  16/16 cores     lap 1           after a         the goal        until stopped
                  step 1 of 14    clean lap                       
   HUNT      no hunt running
  
  CCD 0                                -10       -20       -30       -40       -50
► 00  -37  limit found          █████████████████████████████████████▌············
► 01  -34  limit found          ██████████████████████████████████▌···············
► 02  -35  limit found          ███████████████████████████████████▌··············
► 03  -17  limit found          █████████████████▌································
► 04  -32  limit found          ████████████████████████████████▌·················
► 05  -10  limit found          ██████████▌·······································
► 06  -30  limit found          ██████████████████████████████▌···················
► 07  -32  limit found          ████████████████████████████████▌·················

  CCD 1                                -10       -20       -30       -40       -50
  08  -27  limit found          ▒▒▒▒▒▒▒▒▒▒▒▒▒▒▒▒▒▒▒▒▒▒▒▒▒▒▒▌······················
  09  -18  limit found          ▒▒▒▒▒▒▒▒▒▒▒▒▒▒▒▒▒▒▌·······························
  10  -16  limit found          ▒▒▒▒▒▒▒▒▒▒▒▒▒▒▒▒▌·································
  11   -7  limit found          ▒▒▒▒▒▒▒▌··········································
  12  -10  limit found          ▒▒▒▒▒▒▒▒▒▒▌·······································
  13  -24  limit found          ▒▒▒▒▒▒▒▒▒▒▒▒▒▒▒▒▒▒▒▒▒▒▒▒▌·························
  14   -4  limit found          ▒▒▒▒▌·············································
  15  -39  limit found          ▒▒▒▒▒▒▒▒▒▒▒▒▒▒▒▒▒▒▒▒▒▒▒▒▒▒▒▒▒▒▒▒▒▒▒▒▒▒▒▌··········
  
  Coming up
  Rest of this lap: all-core load x2, heavy vector load x3, idle with short
  bursts, both threads, light load x3, load steps, partial load, idle with short
  bursts.
  If the lap finishes clean on offsets that can't go deeper, that's the goal.
  After that I keep checking.

  What happened
   10h14m  lap      #1 started, 14 steps
   10h14m  limit    core 15 solo limit -39
   10h13m  limit    core 01 solo limit -34
   10h13m  limit    core 00 solo limit -37
