  togi   10:16:57   session 10h16m   31 failures · 8 crashes   last observed failure 10:16, a moment ago

  ■ SOLO LIMITS  16/16  ───  ○ CYCLE 1  paused at step 1 of 18, part 1  ───  ►  HUNT 1   locate  ───  ○ DEEPEN  ───  CLEAN CYCLES 0  · repeats until stopped

  ▌  HUNT 1   Crashed early in R7 all-core on 00-07; no core named. Rerunning it with 08-15 at 0.                         last trial      CRASH  on 00-07


  NOW ──────────────────────────────────────────────────────────────────────────────────────────────────────────────────────────────────────────────────────────────────────────────────────────────────────────────────────────── trial 0428
   R7   all-core load  on 00-07 · 08-15 parked at 0, idle   mprime AVX2 36K-248K · 8 workers                                                                                                                                 HUNT 1 · GROUP 1

  ████████████████████████████████████████████████████████████████████████████████████████████████████████████████████████████████████████████████████████████████████████████████████████████████████████████████████          ▀█    ▀▀█ █▀█
  ████████████████████████████████████████████████████████████████████████████████████████████████████████████████████████████████████████████████████████████████████████████████████████████████████████████████████           █  ▀ █▀▀ █ █
  ▀▀▀▀▀▀▀▀▀▀▀▀▀▀▀▀▀▀▀▀▀▀▀▀▀▀▀▀▀▀▀▀▀▀▀▀▀▀▀▀▀▀▀▀▀▀▀▀▀▀▀▀▀▀▀▀▀▀▀▀▀▀▀▀▀▀▀▀▀▀▀▀▀▀▀▀▀▀▀▀▀▀▀▀▀▀▀▀▀▀▀▀▀▀▀▀▀▀▀▀▀▀▀▀▀▀▀▀▀▀▀▀▀▀▀▀▀▀▀▀▀▀▀▀▀▀▀▀▀▀▀▀▀▀▀▀▀▀▀▀▀▀▀▀▀▀▀▀▀▀▀▀▀▀▀▀▀▀▀▀▀▀▀▀▀▀▀▀▀▀▀▀▀▀▀▀▀▀▀▀▀▀▀▀▀▀▀▀▀▀▀▀▀▀▀▀▀▀▀▀▀▀▀▀▀▀▀▀▀▀▀▀          ▀▀▀ ▀ ▀▀▀ ▀▀▀
  0:40 of 2:00                                                                                                                                                                      0 passed · trial 1 of 5  ► · · · ·                   left

  if 5 of 5 pass       next: hunt 1 group 2: R7 all-core on 00-07 · 08-11 at failing offsets, 12-15 parked at 0, idle
  if none is named     hunt 1 keeps the failure on loaded 00-07 → core 05 -9 → -8 per offset order → next: rerun R7 all-core on 00-07 · 2m
  if a core is named   its failure point is recorded → hunt 1 keeps the failure on loaded 00-07 → it backs off per offset order → next: rerun R7 all-core on 00-07 · 2m

  CCD 0               0       -10       -20       -30       -40       -50 fail pt  all under load                         CCD 1               0       -10       -20       -30       -40       -50 fail pt  parked at 0, idle
  ► 00  -37  AT LIMIT  ▄▄▄▄▄▄▄▄▄▄▄▄▄▄▄▄▄▄▄▄▄▄▄▄▄▄▄▄▄▄▄▄▄▄▄▄▄█                -38                                            08    0  PARKED    ···························█                          -28   returns to -27
  ► 01  -34  AT LIMIT  ▄▄▄▄▄▄▄▄▄▄▄▄▄▄▄▄▄▄▄▄▄▄▄▄▄▄▄▄▄▄▄▄▄▄█                   -35                                            09    0  PARKED    ··················█                                   -19   returns to -18
  ► 02  -35  AT LIMIT  ▄▄▄▄▄▄▄▄▄▄▄▄▄▄▄▄▄▄▄▄▄▄▄▄▄▄▄▄▄▄▄▄▄▄▄█                  -36                                            10    0  PARKED    ················█                                     -17   returns to -16
  ► 03  -17  AT LIMIT  ▄▄▄▄▄▄▄▄▄▄▄▄▄▄▄▄▄█                                    -18                                            11    0  PARKED    ·······█                                               -8   returns to -7
  ► 04  -32  AT LIMIT  ▄▄▄▄▄▄▄▄▄▄▄▄▄▄▄▄▄▄▄▄▄▄▄▄▄▄▄▄▄▄▄▄█                     -33                                            12    0  PARKED    ··········█                                           -11   returns to -10
  ► 05   -9  AT LIMIT  ▄▄▄▄▄▄▄▄▄█                                            -10   top by offset                            13    0  PARKED    ························█                             -25   returns to -24
  ► 06  -29  AT LIMIT  ▄▄▄▄▄▄▄▄▄▄▄▄▄▄▄▄▄▄▄▄▄▄▄▄▄▄▄▄▄█                        -30                                            14    0  PARKED    ····█                                                  -5   returns to -4 · top by offset
  ► 07  -32  AT LIMIT  ▄▄▄▄▄▄▄▄▄▄▄▄▄▄▄▄▄▄▄▄▄▄▄▄▄▄▄▄▄▄▄▄█                     -33                                            15    0  PARKED    ·······································█              -40   returns to -39

  HUNT 1 ───────────────────────────────────────────────────────────────────────────────── started 10:16 · 40s so far     WHAT HAPPENED ─────────────────────────────────────────────────────────────────────── newest first · l: every event

  cause       crash in the rerun of R7 all-core on 00-07 · no core named                                                  10:16  hunt     #1 started · locate: 08-15 at 0
  evidence    core 06's worker had stalled by the last sample, 0:02 into the trial · not enough to attribute              10:16  crash    rerun of R7 all-core on 00-07 · rebooted · early in trial 1 of 5 · no core named
  candidates  08-15, every core with an offset in the failing profile                                                     10:14  backoff  core 06 -30 → -29
                                                                                                                          10:14  fail     core 06 fails at -30
  parts       group 1      locate: 08-15 at 0                           running · 0/5 passed                              10:14  fail     rerun of R7 all-core on 00-07 · wrong result · core 06 named
                                                                                                                          10:14  backoff  core 05 -10 → -9
  then        if the hunt resolves and the rerun passes:                                                                  10:14  fail     core 05 fails at -10
              1  record what it found: one core's failure point, or a combination                                         10:14  fail     R7 full CCD 0 on 00-07 · the stress program quit · core 05 named
              2  back off past it                                                                                         10:14  step     cycle 1 step 1: R7 all-core, mprime AVX2 36K-248K
              3  rerun R7 all-core on 00-07: 5 trials of 2m, its original length                                          10:14  cycle    cycle 1 started · 18 steps
              4  resume cycle 1                                                                                           10:14  limit    core 15 solo limit -39
                                                                                                                          10:13  limit    core 01 solo limit -34
                                                                                                                          10:13  limit    core 00 solo limit -37
                                                                                                                          10:11  limit    cores 04, 07 solo limit -32
                                                                                                                          10:05  limit    core 13 solo limit -24
                                                                                                                          10:04  limit    core 02 solo limit -35
                                                                                                                          10:02  limit    core 08 solo limit -27
                                                                                                                          09:58  limit    core 06 solo limit -30
                                                                                                                          09:53  limit    core 09 solo limit -18
                                                                                                                          09:41  limit    core 03 solo limit -17
                                                                                                                          09:25  limit    core 10 solo limit -16
                                                                                                                          09:14  limit    core 14 solo limit -4
                                                                                                                          09:10  limit    core 11 solo limit -7
                                                                                                                          08:52  limit    cores 05, 12 solo limit -10
                                                                                                                          07:50  confirm  core 15 confirming -39 as its solo limit
                                                                                                                          07:25  step     core 15 passed -38, next -39
                                                                                                                          07:04  confirm  core 01 confirming -34 as its solo limit
                                                                                                                          06:59  confirm  core 00 confirming -37 as its solo limit
                                                                                                                          06:59  fail     core 00 fails at -38
                                                                                                                          06:59  crash    core 00 · R1 light at -38 · rebooted · early in trial 1 of 1
                                                                                                                          06:57  step     core 15 passed -37, next -38
                                                                                                                          06:54  confirm  core 07 confirming -32 as its solo limit
                                                                                                                          +168 more

   ?  help    l  log    esc  back    q  close view
