  togi   15:29:24   session 15h28m   39 failures · 39 crashes   last observed failure 07:52, 7h36m ago

  ■ SOLO LIMITS  16/16  ───  ► CYCLE 1  step 14 of 14  ───  ○ DEEPEN  ───  CLEAN CYCLES 1  · repeats until stopped

  ▌  STOPPED   I restored safer offsets before stopping. togi run picks up        last trial      PASS  15:00 on 00-15 · Tctl max 62°C
  ▌            where I left off.

  STOPPED ───────────────────────────────────────────────────────────────────────────────────────────────────────────────────────────────────────────────────
  15:28:44 · requested clean cycles completed
  Rows show the saved profile, not applied now.

  CCD 0               0  2 counts/cell       -50 fail pt  not under load          CCD 1               0  2 counts/cell       -50 fail pt  not under load
    00  -10  AT LIMIT  ▄▄▄▄▄█                       -11                             08  -10  AT LIMIT  ▄▄▄▄▄█                       -11
    01  -10  AT LIMIT  ▄▄▄▄▄█                       -11                             09  -10  AT LIMIT  ▄▄▄▄▄█                       -11
    02  -10  AT LIMIT  ▄▄▄▄▄█                       -11                             10  -10  AT LIMIT  ▄▄▄▄▄█                       -11
    03  -10  AT LIMIT  ▄▄▄▄▄█                       -11                             11   -9  AT LIMIT  ▄▄▄▄▄█                       -11   C1 · solo -10
    04  -10  AT LIMIT  ▄▄▄▄▄█                       -11                             12  -10  AT LIMIT  ▄▄▄▄▄█                       -11
    05  -10  AT LIMIT  ▄▄▄▄▄█                       -11                             13  -10  AT LIMIT  ▄▄▄▄▄█                       -11
    06  -10  AT LIMIT  ▄▄▄▄▄█                       -11                             14  -10  AT LIMIT  ▄▄▄▄▄█                       -11
    07  -10  AT LIMIT  ▄▄▄▄▄█                       -11                             15  -10  AT LIMIT  ▄▄▄▄▄█                       -11

  CYCLE 1 ──────────────────────────────────────────────── 14 steps · 14 done     WHAT HAPPENED ────────────────────────────────────────────────────── l: all

    #  kind              where               schedule      result                 15:28  stop     stopped
  ■  1 R7 all-core       2 CCDs · 5 parts    5 parts       done                   15:28  cycle    #1 passed, a full cycle of every kind of test
  ■  2 R7 all-core       2 CCDs · 5 parts    5 parts       done                   15:28  pass     idle with short bursts on all 16 cores, 15 min, peak 62 C
  ■  3 R7 all-core       2 CCDs · 5 parts    5 parts       done                   15:13  pass     partial load on core 15 at -10, 2 min, peak 74 C
  ■  4 R2 heavy vector   one core at a time  16 x 2m       done                   15:11  pass     partial load on core 07 at -10, 2 min, peak 64 C
  ■  5 R2 heavy vector   one core at a time  16 x 2m       done                   15:09  pass     partial load on core 14 at -10, 2 min, peak 75 C
  ■  6 R2 heavy vector   one core at a time  16 x 2m       done                   15:07  pass     partial load on core 06 at -10, 2 min, peak 67 C
  ■  7 R6 idle + bursts  all cores idle      15m           done                   15:05  pass     partial load on core 13 at -10, 2 min, peak 71 C
  ■  8 R5 both threads   one core at a time  16 x 2m       done                   15:03  pass     partial load on core 05 at -10, 2 min, peak 75 C
  ■  9 R1 light          one core at a time  16 x 2m       done                   15:01  pass     partial load on core 12 at -10, 2 min, peak 68 C
  ■ 10 R1 light          one core at a time  16 x 2m       done                   14:59  pass     partial load on core 04 at -10, 2 min, peak 74 C
  ■ 11 R1 light          one core at a time  16 x 2m       done                   14:57  pass     partial load on core 11 at -9, 2 min, peak 66 C
  ■ 12 R3 load steps     one core at a time  16 x 2m       done                   14:55  pass     partial load on core 03 at -10, 2 min, peak 71 C
  ■ 13 R4 partial load   one core at a time  16 x 2m       done                   14:53  pass     partial load on core 10 at -10, 2 min, peak 67 C
  ■ 14 R6 idle + bursts  all cores idle      15m           done                   14:51  pass     partial load on core 02 at -10, 2 min, peak 74 C
                                                                                  14:49  pass     partial load on core 09 at -10, 2 min, peak 64 C
  COMBINATIONS ────────────────────────────────────────────── failed together     14:47  pass     partial load on core 01 at -10, 2 min, peak 67 C
                                                                                  14:45  pass     partial load on core 08 at -10, 2 min, peak 68 C
  +4 more                                                                         +182 more

   ?  help    l  log    esc  back    q  close view
