  [0;90mtogi   [0;97m08:22:00   [0;90msession [0;37m8h22m   8 [0;90mfailures · [0;37m8 [0;90mcrashes   last observed failure [0;37m08:22   [0;93mscreen paused until 08:24[m

  [0;92m■ [0;37mSOLO LIMITS  [0;90m16/16  [0;35m───  [0;93m○ [0;37mCYCLE 1  [0;93mpaused at step 7 of 14  [0;35m───  [0;93m► [0;30;43m HUNT 1 [0;93m  member probes · member 1 of 2  [0;35m───  [0;90m○ DEEPEN  [0;35m───  [0;90mCLEAN CYCLES 0  [0;35m· repeats until stopped[m

  [0;93m▌  HUNT 1   [0;37m03 11 crashed together at their offsets, and every smaller part of them that was tested passed.             [0;90mlast trial      [0;91mCRASH  [0;90mon 00-15[m
  [0;93m▌           [0;37mSo I probe each member: how shallow must it go for the rest to pass? Core 03 first.[m

  [0;90mNOW [0;35m──────────────────────────────────────────────────────────────────────────────────────────────────────────────────────────────────────────────────────────────────────────────────────────────────────────────────────────── [0;90mtrial 0273[m
  [0;97;45m R6 [m  [0;97midle + bursts  [0;37mon all 16 cores   [0;90mshort wake-ups, no workers in between                                                                                                                              [0;93mHUNT 1 · GROUP 42 · CORE 03 AT -9[m

  [0;35m░░░░░░░░░░░░░░░░░░░░░░░░░░░░░░░░░░░░░░░░░░░░░░░░░░░░░░░░░░░░░░░░░░░░░░░░░░░░░░░░░░░░░░░░░░░░░░░░░░░░░░░░░░░░░░░░░░░░░░░░░░░░░░░░░░░░░░░░░░░░░░░░░░░░░░░░░░░░░░░░░░░░░░░░░░░░░░░░░░░░░░░░░░░░░░░░░░░░░░░░░░░░░░░░░░░░      [0;90m█▀█ █▀█   ▀▀█ █ █[m
  [0;35m░░░░░░░░░░░░░░░░░░░░░░░░░░░░░░░░░░░░░░░░░░░░░░░░░░░░░░░░░░░░░░░░░░░░░░░░░░░  [0;37mscreen paused until 08:24 so it cannot wake the idle cores  [0;35m░░░░░░░░░░░░░░░░░░░░░░░░░░░░░░░░░░░░░░░░░░░░░░░░░░░░░░░░░░░░░░░░░░░░░░░░░░░      [0;90m█ █ █▀█ ▀ █▀▀ ▀▀█[m
  [0;35m▀▀▀▀▀▀▀▀▀▀▀▀▀▀▀▀▀▀▀▀▀▀▀▀▀▀▀▀▀▀▀▀▀▀▀▀▀▀▀▀▀▀▀▀▀▀▀▀▀▀▀▀▀▀▀▀▀▀▀▀▀▀▀▀▀▀▀▀▀▀▀▀▀▀▀▀▀▀▀▀▀▀▀▀▀▀▀▀▀▀▀▀▀▀▀▀▀▀▀▀▀▀▀▀▀▀▀▀▀▀▀▀▀▀▀▀▀▀▀▀▀▀▀▀▀▀▀▀▀▀▀▀▀▀▀▀▀▀▀▀▀▀▀▀▀▀▀▀▀▀▀▀▀▀▀▀▀▀▀▀▀▀▀▀▀▀▀▀▀▀▀▀▀▀▀▀▀▀▀▀▀▀▀▀▀▀▀▀▀▀▀▀▀▀▀▀▀▀▀▀▀▀▀▀▀▀▀▀▀▀▀▀      [0;90m▀▀▀ ▀▀▀ ▀ ▀▀▀   ▀[m
  [0;90mstarted [0;37m08:22 [0;90m· 2:00                                                                                                                                                                                                                ends at[m

  [0;92mif 5 of 5 pass       [0;37mnext: hunt 1 group 43: R6 idle + bursts on 00-15 · 03 at failing offsets, core 11 at -9, 00-02 04-10 12-15 parked at 0[m
  [0;91mif none is named     [0;37mnext: hunt 1 group 43: R6 idle + bursts on 00-15 · 11 at failing offsets, core 03 at -8, 00-02 04-10 12-15 parked at 0[m
  [0;91mif a core is named   [0;37mits failure point is recorded → the hunt ends → it backs off → next: rerun R6 idle + bursts on 00-15 · 2m · a core at 0: rerun[m

  [0;97mCCD 0               [0;90m0       -10       -20       -30       -40       -50 fail pt  all under load                         [0;97mCCD 1               [0;90m0       -10       -20       -30       -40       -50 fail pt  all under load[m
  [0;96m► [0;37m00    0  [0;90mPARKED    ·········[0;91m▀                                                  [0;90mreturns to -10                         [0;96m► [0;37m08    0  [0;90mPARKED    ·········[0;91m▀                                                  [0;90mreturns to -10[m
  [0;96m► [0;37m01    0  [0;90mPARKED    ·········[0;91m▀                                                  [0;90mreturns to -10                         [0;96m► [0;37m09    0  [0;90mPARKED    ·········[0;91m▀                                                  [0;90mreturns to -10[m
  [0;96m► [0;37m02    0  [0;90mPARKED    ·········[0;91m▀                                                  [0;90mreturns to -10                         [0;96m► [0;37m10    0  [0;90mPARKED    ·········[0;91m▀                                                  [0;90mreturns to -10[m
  [0;96m► [0;97m03   -9  [0;93mPROBE     [0;97m▄▄▄▄▄▄▄▄▄[0;91m▀                                                  [0;37mgroup failed at -10                    [0;96m► [0;97m11  -10  [0;37mMEMBER    [0;97m▄▄▄▄▄▄▄▄▄[0;91m▀                                        [m
  [0;96m► [0;37m04    0  [0;90mPARKED    ·········[0;91m▀                                                  [0;90mreturns to -10                         [0;96m► [0;37m12    0  [0;90mPARKED    ·········[0;91m▀                                                  [0;90mreturns to -10[m
  [0;96m► [0;37m05    0  [0;90mPARKED    ·········[0;91m▀                                                  [0;90mreturns to -10                         [0;96m► [0;37m13    0  [0;90mPARKED    ·········[0;91m▀                                                  [0;90mreturns to -10[m
  [0;96m► [0;37m06    0  [0;90mPARKED    ·········[0;91m▀                                                  [0;90mreturns to -10                         [0;96m► [0;37m14    0  [0;90mPARKED    ·········[0;91m▀                                                  [0;90mreturns to -10[m
  [0;96m► [0;37m07    0  [0;90mPARKED    ·········[0;91m▀                                                  [0;90mreturns to -10                         [0;96m► [0;37m15    0  [0;90mPARKED    ·········[0;91m▀                                                  [0;90mreturns to -10[m

  [0;90mHUNT 1 [0;35m────────────────────────────────────────────────────────────────────────────── [0;90mstarted 07:31 · 50m30s so far     WHAT HAPPENED [0;35m─────────────────────────────────────────────────────────────────────── [0;90mnewest first · l: every event[m

  [0;90mcause       [0;37mcrash in R6 idle + bursts on 00-15 · cycle 1 step 7, trial 1 of 1 · no core named                           [0;90m08:22  [0;93mgroup    [0;37mhunt 1 groups 40-41 · parts of 03 11 · all passed on existing evidence[m
  [0;90mcandidates  [0;37m00-15, every core with an offset in the failing profile                                                     [0;90m08:22  [0;91mcrash    [0;37mhunt 1 group 39 · 03 11 at failing offsets · rebooted[m
                                                                                                                          [0;90m08:20  [0;93mgroup    [0;37mhunt 1 groups 35-38 · parts of 03 10 11 · all passed on existing evidence[m
  [0;90mparts       [0;37mgroups 1-2   [0;90mparts of 00-15                               [0;92mall passed                                        [0;90m08:20  [0;91mcrash    [0;37mhunt 1 group 34 · 03 10 11 at failing offsets · rebooted[m
              [0;37mgroup 3      [0;90m00-15 at failing offsets                     [0;91mcrashed                                           [0;90m08:19  [0;93mgroup    [0;37mhunt 1 groups 28-33 · parts of 02 03 10 11 · all passed on existing evidence[m
              [0;37mgroups 4-8   [0;90mparts of 00-15 and their complements         [0;92mall passed                                        [0;90m08:19  [0;91mcrash    [0;37mhunt 1 group 27 · 02 03 10 11 at failing offsets · rebooted[m
              [0;37mgroup 9      [0;90m00-03 08-15 at failing offsets, 04-07 parked [0;91mcrashed                                           [0;90m08:17  [0;93mgroup    [0;37mhunt 1 groups 23-26 · parts of 02 03 08-11 · all passed on existing evidence[m
              [0;37mgroups 10-14 [0;90mparts of 00-03 08-15 and their complements   [0;92mall passed                                        [0;90m08:17  [0;91mcrash    [0;37mhunt 1 group 22 · 02 03 08-11 at failing offsets · rebooted[m
              [0;37mgroup 15     [0;90m00-03 08-11 at failing offsets               [0;91mcrashed                                           [0;90m08:16  [0;93mgroup    [0;37mhunt 1 groups 16-21 · parts of 00-03 08-11 · all passed on existing evidence[m
              [0;37mgroups 16-21 [0;90mparts of 00-03 08-11                         [0;92mall passed                                        [0;90m08:16  [0;91mcrash    [0;37mhunt 1 group 15 · 00-03 08-11 at failing offsets · rebooted[m
              [0;37mgroup 22     [0;90m02 03 08-11 at failing offsets               [0;91mcrashed                                           [0;90m08:14  [0;92mpass     [0;37mhunt 1 group 14 · 00-03 12-15 at failing offsets · 5 of 5 passed · Tctl max 76°C[m
              [0;37mgroups 23-26 [0;90mparts of 02 03 08-11 and their complements   [0;92mall passed                                        [0;90m08:04  [0;93mgroup    [0;37mhunt 1 groups 10-13 · parts of 00-03 08-15 · all passed on existing evidence[m
              [0;37mgroup 27     [0;90m02 03 10 11 at failing offsets               [0;91mcrashed                                           [0;90m08:04  [0;91mcrash    [0;37mhunt 1 group 9 · 00-03 08-15 at failing offsets · rebooted[m
              [0;37mgroups 28-33 [0;90mparts of 02 03 10 11                         [0;92mall passed                                        [0;90m08:03  [0;92mpass     [0;37mhunt 1 group 8 · 04-15 at failing offsets · 5 of 5 passed · Tctl max 74°C[m
              [0;37mgroup 34     [0;90m03 10 11 at failing offsets                  [0;91mcrashed                                           [0;90m07:53  [0;93mgroup    [0;37mhunt 1 groups 4-7 · parts of 00-15 · all passed on existing evidence[m
              [0;37mgroups 35-38 [0;90mparts of 03 10 11 and their complements      [0;92mall passed                                        [0;90m07:53  [0;91mcrash    [0;37mhunt 1 group 3 · 00-15 at failing offsets · rebooted[m
              [0;37mgroup 39     [0;90m03 11 at failing offsets                     [0;91mcrashed                                           [0;90m07:51  [0;92mpass     [0;37mhunt 1 group 2 · 08-15 at failing offsets · 5 of 5 passed · Tctl max 71°C[m
              [0;37mgroups 40-41 [0;90mparts of 03 11                               [0;92mall passed                                        [0;90m07:41  [0;92mpass     [0;37mhunt 1 group 1 · 00-07 at failing offsets · 5 of 5 passed · Tctl max 76°C[m
              [0;97m→ 03 11 kept together; probing members                                                                      [0;90m07:31  [0;93mhunt     [0;37m#1 started · part 1: 00-07 at failing offsets, 08-15 parked[m
                                                                                                                          [0;90m07:31  [0;91mcrash    [0;37mR6 idle + bursts on 00-15 · rebooted · no core named[m
  [0;90mprobes      member  now   group failed at     passed at              state                                              07:30  [0;92mpass     [0;37mR2 heavy vector on core 15 at -10 · passed · Tctl max 68°C[m
              [0;97m03      -9                                               [0;96m► trial 1 of 5                                     [0;90m07:28  [0;92mpass     [0;37mR2 heavy vector on core 07 at -10 · passed · Tctl max 73°C[m
              [0;37m11                                                       [0;90mwaiting                                            07:26  [0;92mpass     [0;37mR2 heavy vector on core 14 at -10 · passed · Tctl max 66°C[m
                                                                                                                          [0;90m07:24  [0;92mpass     [0;37mR2 heavy vector on core 06 at -10 · passed · Tctl max 69°C[m
  [0;90mthen        if the hunt resolves and the rerun passes:                                                                  07:22  [0;92mpass     [0;37mR2 heavy vector on core 13 at -10 · passed · Tctl max 73°C[m
              [0;90m1  [0;37mrecord the combination: 03 11 at the offsets that still fail                                             [0;90m07:20  [0;92mpass     [0;37mR2 heavy vector on core 05 at -10 · passed · Tctl max 74°C[m
              [0;90m2  [0;37mback off one member to a tested passing probe that keeps the profile clear                               [0;90m07:18  [0;92mpass     [0;37mR2 heavy vector on core 12 at -10 · passed · Tctl max 68°C[m
              [0;90m3  [0;37mrerun [0;97mR6 idle + bursts on 00-15[0;37m: 5 trials of 2m, then 1 of 15m                                           [0;90m07:16  [0;92mpass     [0;37mR2 heavy vector on core 04 at -10 · passed · Tctl max 67°C[m
              [0;90m4  [0;37mresume [0;97mcycle 1                                                                                           [0;90m07:14  [0;92mpass     [0;37mR2 heavy vector on core 11 at -10 · passed · Tctl max 76°C[m
                                                                                                                          [0;90m07:12  [0;92mpass     [0;37mR2 heavy vector on core 03 at -10 · passed · Tctl max 65°C[m
                                                                                                                          [0;90m07:10  [0;92mpass     [0;37mR2 heavy vector on core 10 at -10 · passed · Tctl max 76°C[m
                                                                                                                          [0;90m07:08  [0;92mpass     [0;37mR2 heavy vector on core 02 at -10 · passed · Tctl max 73°C[m
                                                                                                                          [0;90m+57 more[m


