  togi   00:00:40   session 0h00m   0 failures · 0 crashes

  ► SOLO LIMITS  0 of 16 found · core 00 confirming -10  ───  ○ CYCLES  ───  ○ DEEPEN  ───  CLEAN CYCLES 0  · repeats until stopped

  ▌  SOLO LIMITS -10 is core 00's candidate solo limit, and I'm confirming
  ▌  it.

  NOW ──────────────────────────────────────────────────────────────────────────────────────────────────────────────────────────────────────────── trial 0001
   R1   light load  on core 00 alone at -10   mprime SSE 4K-21K · 1 worker                                                     CONFIRM CORE 00 AT -10 · LIGHT
  █████████████████████████████████████████████████████████████████████████████████████████████████████████████████████████████████  0:50 left  0/5 ► · · · ·

  if all 5 pass        next: core 10 at -10: R1 mprime SSE 4K-21K
  if a core is named   record its failure point; back off the named core → next: retry the named core: R1 mprime SSE 4K-21K
  if inconclusive      next: core 00 at -10: R1 mprime SSE 4K-21K

  CCD 0               0  2 counts/cell       -50 fail pt  one core under          CCD 1               0  2 counts/cell       -50 fail pt  waiting at 0
  ► 00  -10  CONFIRM   ▄▄▄▄▄                              L0/5 H0/5                 08    0  CONFIRM                                      L0/5 H0/5
    01    0  CONFIRM                                      L0/5 H0/5                 09    0  CONFIRM                                      L0/5 H0/5
    02    0  CONFIRM                                      L0/5 H0/5                 10    0  CONFIRM                                      L0/5 H0/5
    03    0  CONFIRM                                      L0/5 H0/5                 11    0  CONFIRM                                      L0/5 H0/5
    04    0  CONFIRM                                      L0/5 H0/5                 12    0  CONFIRM                                      L0/5 H0/5
    05    0  CONFIRM                                      L0/5 H0/5                 13    0  CONFIRM                                      L0/5 H0/5
    06    0  CONFIRM                                      L0/5 H0/5                 14    0  CONFIRM                                      L0/5 H0/5
    07    0  CONFIRM                                      L0/5 H0/5                 15    0  CONFIRM                                      L0/5 H0/5

  TURNS ──────────────────────────────────── one core per turn, in this order     WHAT HAPPENED ────────────────────────────────────────────────────── l: all
                                                                                  
    08 -10 confirm: light, then heavy vector -10: light 0/5, heavy 0/5            00:00  start    session started on 16 cores
    01 -10 confirm: light, then heavy vector -10: light 0/5, heavy 0/5
    09 -10 confirm: light, then heavy vector -10: light 0/5, heavy 0/5
    02 -10 confirm: light, then heavy vector -10: light 0/5, heavy 0/5
    10 -10 confirm: light, then heavy vector -10: light 0/5, heavy 0/5
    03 -10 confirm: light, then heavy vector -10: light 0/5, heavy 0/5
    11 -10 confirm: light, then heavy vector -10: light 0/5, heavy 0/5
    04 -10 confirm: light, then heavy vector -10: light 0/5, heavy 0/5
    12 -10 confirm: light, then heavy vector -10: light 0/5, heavy 0/5
    05 -10 confirm: light, then heavy vector -10: light 0/5, heavy 0/5
    13 -10 confirm: light, then heavy vector -10: light 0/5, heavy 0/5
    06 -10 confirm: light, then heavy vector -10: light 0/5, heavy 0/5
    14 -10 confirm: light, then heavy vector -10: light 0/5, heavy 0/5
    07 -10 confirm: light, then heavy vector -10: light 0/5, heavy 0/5
  +2 more

   ?  help    l  log    esc  back    q  close view
