   togi   07:14:23  running 7h14m  33 failures  33 crashes

  █  FINDING THE CULPRIT
  █  
  █  The machine crashed moments ago during an all-core load on cores 00-07, and
  █  nothing in it names a single core.
  █  
  █  So I'm narrowing it down. Cores 08-15 are back at the offsets they failed
  █  with. Cores 00-07 are parked at 0, so they can't be the cause.
  █  
  █  The load runs on cores 00-07, as in the test that failed. Cores 08-15 are
  █  idle, but had these offsets when it failed, so they are under suspicion too.
  █  
  █  If this test fails, the cause is among cores 08-15 and I split them further.
  █  If it passes 5 times, I try a different group next.
  █  
  █  now  hunt 1, test 1, run 1 of 5
  █  all-core load on cores 00-07 (mprime AVX2 36K-248K)
  █  █████████████░░░░░░░░░░░░░░░░░░░░░░░░░░░  1m20s left
  
  
  ■ Find limits   ► Test together ○ Go deeper     ○ Clean lap     ∞ Keep checking
  █████████████   ░░░░░░░░░░░░░   ░░░░░░░░░░░░░   ░░░░░░░░░░░░░   ░░░░░░░░░░░░░
  16/16 cores     lap 1           after a         the goal        until stopped
                  paused          clean lap                       
  
   HUNT 1    Lap 1 waits at step 1 while I find which cores caused the crash
  
  
  CCD 0                                -10       -20       -30       -40       -50
► 00    0  parked               ░░░░░░░░░░▌·······································
► 01    0  parked               ░░░░░░░░░░▌·······································
► 02    0  parked               ░░░░░░░░░░▌·······································
► 03    0  parked               ░░░░░░░░░░▌·······································
► 04    0  parked               ░░░░░░░░░░▌·······································
► 05    0  parked               ░░░░░░░░░░▌·······································
► 06    0  parked               ░░░░░░░░░░▌·······································
► 07    0  parked               ░░░░░░░░░░▌·······································

  CCD 1                                -10       -20       -30       -40       -50
  08  -10  suspect              ██████████▌·······································
  09  -10  suspect              ██████████▌·······································
  10  -10  suspect              ██████████▌·······································
  11  -10  suspect              ██████████▌·······································
  12  -10  suspect              ██████████▌·······································
  13  -10  suspect              ██████████▌·······································
  14  -10  suspect              ██████████▌·······································
  15  -10  suspect              ██████████▌·······································
  
  Coming up
  When the hunt ends, I record its result and move the offsets back past it. Then
  the failed test needs 5 starts of 2 min, followed by one at its original length
  if that differs.
  Then the work the failure interrupted continues.

  What happened
    7h13m  hunt     #1 started: which cores caused it?
    7h13m  crash    all-core load on cores 00-07, rebooted
    7h12m  lap      #1 started, 14 steps
    7h12m  limit    core 15 solo limit -10
    7h12m  limit    core 07 solo limit -10
    7h12m  limit    core 14 solo limit -10
    7h12m  limit    core 06 solo limit -10
    7h12m  limit    core 13 solo limit -10
    7h12m  limit    core 05 solo limit -10
    7h12m  limit    core 12 solo limit -10
