 togi   00:03:28   session 48h03m   53 failures · 9 crashes   last observed failure 20:04, 3h58m ago
 ■ SOLO ─ ■ P1 ─ ■ P2 ─ CLEAN 1 ─ ► CYCLE 3

 ▌  Step 1, R7 all-core: part 1 of 3 loads 00-07 for 2 minutes.

  R7   all-core load  on 00-07   mprime AVX2 36K-248K · 8 workers                            CYCLE 3 · STEP 1 · PART 1
 ███████████████████████████████░░░░░░░░░░░░░░░░░░░░░░░░░░░░░░░░░░░░░░░░░░░░░░░░░░░░░░░░░░░░░░  1:20 left  0/4 ► · · ·

 3/4 pass → trial 4 of 4 · 5m   core named → backs off   none named → backs off   backoffs per offset order

 CCD 0 all loaded 0  2 counts/cell       -50 fail            CCD 1 idle       0  2 counts/cell       -50 fail
 ► 00 -37 AT LIMIT ▄▄▄▄▄▄▄▄▄▄▄▄▄▄▄▄▄▄█         -38             08 -24 AT LIMIT ▄▄▄▄▄▄▄▄▄▄▄▄█·              -25
 ► 01 -31 AT LIMIT ▄▄▄▄▄▄▄▄▄▄▄▄▄▄▄█·           -32             09 -16 AT LIMIT ▄▄▄▄▄▄▄▄█                   -17
 ► 02 -35 AT LIMIT ▄▄▄▄▄▄▄▄▄▄▄▄▄▄▄▄▄█          -36             10 -15 AT LIMIT ▄▄▄▄▄▄▄█                    -16
 ► 03 -17 AT LIMIT ▄▄▄▄▄▄▄▄█                   -18             11  -4 AT LIMIT ▄▄█·                         -5
 ► 04 -32 AT LIMIT ▄▄▄▄▄▄▄▄▄▄▄▄▄▄▄▄█           -33             12  -7 AT LIMIT ▄▄▄█·                        -8
 ► 05  -7 AT LIMIT ▄▄▄█·                        -8 top         13 -22 AT LIMIT ▄▄▄▄▄▄▄▄▄▄▄█                -23
 ► 06 -27 AT LIMIT ▄▄▄▄▄▄▄▄▄▄▄▄▄█·             -28             14   0 AT LIMIT █·                           -1 top
 ► 07 -30 AT LIMIT ▄▄▄▄▄▄▄▄▄▄▄▄▄▄▄█            -31             15 -35 AT LIMIT ▄▄▄▄▄▄▄▄▄▄▄▄▄▄▄▄▄█··        -36

 BIOS PROFILE ──────────────────────────── confirmed #9129   WHAT HAPPENED ─────────────────────────────── l: last 400
 slot      0    1    2    3    4    5    6    7 
 CCD 0   -37  -31  -35  -17  -32   -7  -27  -30              00:02  step     cycle 3 step 1: R7 all-core, mprime...
 CCD 1   -24  -16  -15   -4   -7  -22    0  -35              00:02  cycle    cycle 3 started · 18 steps
                                                             00:02  cycle    cycle 2 passed, a full cycle of every...
 R7 ────────────── top ───────────── self-sufficient ─────   00:02  pass     R6 idle + bursts on 00-15 · passed...
 mprime AVX2       05 14 by offset   01-14                   23:47  pass     R4 partial load on core 15 at -35...
 mprime AVX-512    05 14 by offset   01-14                   23:45  pass     R4 partial load on core 07 at -30...
 y-cruncher FFTv4  05 14 by offset   01-14                   23:43  pass     R4 partial load on core 14 at 0...
                                                             +1152 more

  ?  help    l  log    esc  back    q  close view
