 togi   10:15:17   session 10h15m   28 failures · 7 crashes   last observed failure 06:59, 3h15m ago
 ■ SOLO ─ ► CYCLE 1 ─ ○ DEEPEN ─ CLEAN 0

 ▌  Step 1, R7 all-core: part 1 of 5, on 00-04 06 07, is record only.

  R7   all-core load  on 00-04 06 07   mprime AVX2 36K-248K · 7 workers        CYCLE 1 · STEP 1 · PART 1 · RECORD ONLY
 █████████████████████████████████████████████████████████████████████████████████████████████  1:20 left  0/4 ► · · ·

 3/4 pass → trial 4 of 4 · 5m   pass or fail → trial 2 of 4   inconclusive → same trial again

 CCD 0 7 loaded   0  2 counts/cell       -50 fail            CCD 1 idle       0  2 counts/cell       -50 fail
 ► 00 -37 AT LIMIT ▄▄▄▄▄▄▄▄▄▄▄▄▄▄▄▄▄▄█         -38             08 -27 AT LIMIT ▄▄▄▄▄▄▄▄▄▄▄▄▄█              -28
 ► 01 -34 AT LIMIT ▄▄▄▄▄▄▄▄▄▄▄▄▄▄▄▄▄█          -35             09 -18 AT LIMIT ▄▄▄▄▄▄▄▄▄█                  -19
 ► 02 -35 AT LIMIT ▄▄▄▄▄▄▄▄▄▄▄▄▄▄▄▄▄█          -36             10 -16 AT LIMIT ▄▄▄▄▄▄▄▄█                   -17
 ► 03 -17 AT LIMIT ▄▄▄▄▄▄▄▄█                   -18             11  -7 AT LIMIT ▄▄▄█                         -8
 ► 04 -32 AT LIMIT ▄▄▄▄▄▄▄▄▄▄▄▄▄▄▄▄█           -33             12 -10 AT LIMIT ▄▄▄▄▄█                      -11
   05 -10 AT LIMIT ▄▄▄▄▄█                      -11             13 -24 AT LIMIT ▄▄▄▄▄▄▄▄▄▄▄▄█               -25
 ► 06 -30 AT LIMIT ▄▄▄▄▄▄▄▄▄▄▄▄▄▄▄█            -31             14  -4 AT LIMIT ▄▄█                          -5
 ► 07 -32 AT LIMIT ▄▄▄▄▄▄▄▄▄▄▄▄▄▄▄▄█           -33             15 -39 AT LIMIT ▄▄▄▄▄▄▄▄▄▄▄▄▄▄▄▄▄▄▄█        -40

 CYCLE 1 ─────────────────────────────── 14 steps · 0 done   WHAT HAPPENED ──────────────────────────────────── l: all

 ►  1 R7 all-core       5 parts       part 1 of 5            10:14  step     cycle 1 step 1: R7 all-core, mprime AVX2
 ►    ├ partial CCD 0   00-04 06 07   trial 1 of 4           10:14  cycle    cycle 1 started · 14 steps
      ├ full CCD 0      00-07                                10:14  limit    core 15 solo limit -39
      ├ partial CCD 1   08-13 15                             10:13  limit    core 01 solo limit -34
      ├ full CCD 1      08-15                                10:13  limit    core 00 solo limit -37
      └ full CCD 0+1    00-15                                10:11  limit    cores 04, 07 solo limit -32
 ○  2 R7 all-core       5 parts                              10:05  limit    core 13 solo limit -24
 +12 more                                                    +193 more

  ?  help    l  log    esc  back    q  close view
