  togi   12:49:10   session 12h49m   7 failures · 7 crashes   last observed failure 04:50, 7h58m ago

  ■ SOLO LIMITS  16/16  ───  ■ CYCLE 1  ───  ► DEEPEN  round 1  ───  CLEAN CYCLES 0  · repeats until stopped

  ▌  DEEPEN · ROUND 1 These offsets passed a full cycle. I check the              last trial      PASS  15:00 on 00-15 · Tctl max 62 C
  ▌  deepening plan's proposed profile together.

  NOW ──────────────────────────────────────────────────────────────────────────────────────────────────────────────────────────────────────────── trial 0390
   R1   light load  on 00   mprime SSE 4K-21K · 1 worker                                                                                     DEEPEN · ROUND 1
  █████████████████████████████████████████████████████████████████████████████████████████████████████████████████████████████████  1:20 left  0/5 ► · · · ·

  if all 5 pass        next: round 1: R2 mprime AVX2 36K-248K
  if a core is named   deepening round 1 ends: attributed failure #2932 → record its failure point; back off the named core → next: retry the named core: R1
  if none is named     deepening round 1 ends: a failure needs a hunt → hunt 2 starts over 00-10 12-15 → next: hunt 2 group 1 on 00: R1 mprime SSE 4K-21K

  CCD 0               0  2 counts/cell       -50 fail pt  one core under          CCD 1               0  2 counts/cell       -50 fail pt  not under load
  ► 00  -30  HAS ROOM  ▄▄▄▄▄▄▄▄▄▄▄▄▄▄▄                                              08  -30  HAS ROOM  ▄▄▄▄▄▄▄▄▄▄▄▄▄▄▄                    
    01  -30  HAS ROOM  ▄▄▄▄▄▄▄▄▄▄▄▄▄▄▄                                              09  -30  HAS ROOM  ▄▄▄▄▄▄▄▄▄▄▄▄▄▄▄                    
    02  -30  HAS ROOM  ▄▄▄▄▄▄▄▄▄▄▄▄▄▄▄                                              10  -30  HAS ROOM  ▄▄▄▄▄▄▄▄▄▄▄▄▄▄▄                    
    03  -30  HAS ROOM  ▄▄▄▄▄▄▄▄▄▄▄▄▄▄▄                                              11   -9  AT LIMIT  ▄▄▄▄▄                              C1 · solo -10
    04  -30  HAS ROOM  ▄▄▄▄▄▄▄▄▄▄▄▄▄▄▄                                              12  -30  HAS ROOM  ▄▄▄▄▄▄▄▄▄▄▄▄▄▄▄                    
    05  -30  HAS ROOM  ▄▄▄▄▄▄▄▄▄▄▄▄▄▄▄                                              13  -30  HAS ROOM  ▄▄▄▄▄▄▄▄▄▄▄▄▄▄▄                    
    06  -30  HAS ROOM  ▄▄▄▄▄▄▄▄▄▄▄▄▄▄▄                                              14  -30  HAS ROOM  ▄▄▄▄▄▄▄▄▄▄▄▄▄▄▄                    
    07  -30  HAS ROOM  ▄▄▄▄▄▄▄▄▄▄▄▄▄▄▄                                              15  -30  HAS ROOM  ▄▄▄▄▄▄▄▄▄▄▄▄▄▄▄                    

  DEEPEN · ROUND 1 ──────────────────────────────────────────────────────────     WHAT HAPPENED ────────────────────────────────────────────────────── l: all
                                                                                  
  has room  00-10 12-15 · in this order                                           12:48  room     core 15 -10 → -30
  move      core 00 goes deeper: -30 → -50                                        12:48  room     core 07 -10 → -30
  move      core 01 goes deeper: -30 → -50                                        12:48  room     core 14 -10 → -30
  move      core 02 goes deeper: -30 → -50                                        12:48  room     core 06 -10 → -30
  move      core 03 goes deeper: -30 → -50                                        12:48  room     core 13 -10 → -30
  move      core 04 goes deeper: -30 → -50                                        12:48  room     core 05 -10 → -30
  move      core 05 goes deeper: -30 → -50                                        12:48  room     core 12 -10 → -30
  move      core 06 goes deeper: -30 → -50                                        12:48  room     core 04 -10 → -30
  move      core 07 goes deeper: -30 → -50                                        12:48  room     core 03 -10 → -30
  move      core 08 goes deeper: -30 → -50                                        12:48  room     core 10 -10 → -30
  move      core 09 goes deeper: -30 → -50                                        12:48  room     core 02 -10 → -30
  move      core 10 goes deeper: -30 → -50                                        12:48  room     core 09 -10 → -30
  move      core 12 goes deeper: -30 → -50                                        12:48  room     core 01 -10 → -30
  move      core 13 goes deeper: -30 → -50                                        12:48  room     core 08 -10 → -30
  +37 more                                                                        +186 more

   ?  help    l  log    esc  back    q  close view
