  [0;90mtogi   [0;97m14:43:51   [0;90msession [0;37m14h43m   54 [0;90mfailures · [0;37m11 [0;90mcrashes   last observed failure [0;37m13:03   [0;93mscreen paused until 14:58[m

  [0;92m■ [0;37mSOLO LIMITS  [0;90m16/16  [0;35m───  [0;96m► [0;97mCYCLE 1  [0;37mstep 7 of 14  [0;35m───  [0;90m○ DEEPEN  [0;35m───  [0;90mCLEAN CYCLES 0  [0;35m· repeats until stopped[m

  [0;96m▌  CYCLE 1   [0;37mStep 7 leaves every core idle for 15 minutes, with short wake-ups, to test idle and boost states.          [0;90mlast trial      [0;92mPASS  [0;90m2:00 on core 15 · Tctl max 73°C[m
  [0;96m▌            [0;37mThis screen holds still until 14:58, clock included, so drawing it cannot wake the cores.[m

  [0;90mNOW [0;35m──────────────────────────────────────────────────────────────────────────────────────────────────────────────────────────────────────────────────────────────────────────────────────────────────────────────────────────── [0;90mtrial 0553[m
  [0;97;45m R6 [m  [0;97midle + bursts  [0;37mon all 16 cores   [0;90mshort wake-ups, no workers in between                                                                                                                                               [0;96mCYCLE 1 · STEP 7[m

  [0;35m░░░░░░░░░░░░░░░░░░░░░░░░░░░░░░░░░░░░░░░░░░░░░░░░░░░░░░░░░░░░░░░░░░░░░░░░░░░░░░░░░░░░░░░░░░░░░░░░░░░░░░░░░░░░░░░░░░░░░░░░░░░░░░░░░░░░░░░░░░░░░░░░░░░░░░░░░░░░░░░░░░░░░░░░░░░░░░░░░░░░░░░░░░░░░░░░░░░░░░░░░░░░░░░░░░░░      [0;90m▀█  █ █   █▀▀ █▀█[m
  [0;35m░░░░░░░░░░░░░░░░░░░░░░░░░░░░░░░░░░░░░░░░░░░░░░░░░░░░░░░░░░░░░░░░░░░░░░░░░░░  [0;37mscreen paused until 14:58 so it cannot wake the idle cores  [0;35m░░░░░░░░░░░░░░░░░░░░░░░░░░░░░░░░░░░░░░░░░░░░░░░░░░░░░░░░░░░░░░░░░░░░░░░░░░░       [0;90m█  ▀▀█ ▀ ▀▀█ █▀█[m
  [0;35m▀▀▀▀▀▀▀▀▀▀▀▀▀▀▀▀▀▀▀▀▀▀▀▀▀▀▀▀▀▀▀▀▀▀▀▀▀▀▀▀▀▀▀▀▀▀▀▀▀▀▀▀▀▀▀▀▀▀▀▀▀▀▀▀▀▀▀▀▀▀▀▀▀▀▀▀▀▀▀▀▀▀▀▀▀▀▀▀▀▀▀▀▀▀▀▀▀▀▀▀▀▀▀▀▀▀▀▀▀▀▀▀▀▀▀▀▀▀▀▀▀▀▀▀▀▀▀▀▀▀▀▀▀▀▀▀▀▀▀▀▀▀▀▀▀▀▀▀▀▀▀▀▀▀▀▀▀▀▀▀▀▀▀▀▀▀▀▀▀▀▀▀▀▀▀▀▀▀▀▀▀▀▀▀▀▀▀▀▀▀▀▀▀▀▀▀▀▀▀▀▀▀▀▀▀▀▀▀▀▀▀▀      [0;90m▀▀▀   ▀ ▀ ▀▀▀ ▀▀▀[m
  [0;90mstarted [0;37m14:43 [0;90m· 15:00                                                                                                                                                                                                               ends at[m

  [0;92mif it passes         [0;37mcycle 1 advances to step 1 → next: cycle 1 step 1: R7 mprime AVX2 36K-248K · record only[m
  [0;91mif a core is named   [0;37mrecord its failure point; back off the named core → next: rerun on 00-15: R6 mprime SSE 4K-21K[m
  [0;91mif none is named     [0;37mhunt 5 starts over 00-13 15 → hunt 5 group 1: 00-07 at failing offsets → next: hunt 5 group 1 on 00-15: R6 mprime SSE 4K-21K[m

  [0;97mCCD 0               [0;90m0       -10       -20       -30       -40       -50 fail pt  all under load                         [0;97mCCD 1               [0;90m0       -10       -20       -30       -40       -50 fail pt  all under load[m
  [0;96m► [0;97m00  -37  [0;37mAT LIMIT  [0;97m▄▄▄▄▄▄▄▄▄▄▄▄▄▄▄▄▄▄▄▄▄▄▄▄▄▄▄▄▄▄▄▄▄▄▄▄▄[0;91m█                [0;37m-38                                          [0;96m► [0;97m08  -26  [0;37mAT LIMIT  [0;97m▄▄▄▄▄▄▄▄▄▄▄▄▄▄▄▄▄▄▄▄▄▄▄▄▄▄[0;91m█                           [0;37m-27[m
  [0;96m► [0;97m01  -33  [0;37mAT LIMIT  [0;97m▄▄▄▄▄▄▄▄▄▄▄▄▄▄▄▄▄▄▄▄▄▄▄▄▄▄▄▄▄▄▄▄▄[0;91m█                    [0;37m-34                                          [0;96m► [0;97m09  -16  [0;37mAT LIMIT  [0;97m▄▄▄▄▄▄▄▄▄▄▄▄▄▄▄▄[0;91m█[0;90m·                                    [0;37m-17[m
  [0;96m► [0;97m02  -35  [0;37mAT LIMIT  [0;97m▄▄▄▄▄▄▄▄▄▄▄▄▄▄▄▄▄▄▄▄▄▄▄▄▄▄▄▄▄▄▄▄▄▄▄[0;91m█                  [0;37m-36                                          [0;96m► [0;97m10  -16  [0;37mAT LIMIT  [0;97m▄▄▄▄▄▄▄▄▄▄▄▄▄▄▄▄[0;91m█                                     [0;37m-17[m
  [0;96m► [0;97m03  -17  [0;37mAT LIMIT  [0;97m▄▄▄▄▄▄▄▄▄▄▄▄▄▄▄▄▄[0;91m█                                    [0;37m-18                                          [0;96m► [0;97m11   -4  [0;37mAT LIMIT  [0;97m▄▄▄▄[0;91m█[0;90m··                                                [0;37m-5[m
  [0;96m► [0;97m04  -32  [0;37mAT LIMIT  [0;97m▄▄▄▄▄▄▄▄▄▄▄▄▄▄▄▄▄▄▄▄▄▄▄▄▄▄▄▄▄▄▄▄[0;91m█                     [0;37m-33                                          [0;96m► [0;97m12  -10  [0;37mAT LIMIT  [0;97m▄▄▄▄▄▄▄▄▄▄[0;91m█                                           [0;37m-11[m
  [0;96m► [0;97m05   -7  [0;37mAT LIMIT  [0;97m▄▄▄▄▄▄▄[0;91m█[0;90m··                                             [0;37m-8                                          [0;96m► [0;97m13  -22  [0;37mAT LIMIT  [0;97m▄▄▄▄▄▄▄▄▄▄▄▄▄▄▄▄▄▄▄▄▄▄[0;91m█[0;90m·                              [0;37m-23[m
  [0;96m► [0;97m06  -27  [0;37mAT LIMIT  [0;97m▄▄▄▄▄▄▄▄▄▄▄▄▄▄▄▄▄▄▄▄▄▄▄▄▄▄▄[0;91m█[0;90m··                        [0;37m-28                                          [0;96m► [0;97m14    0  [0;37mAT LIMIT  [0;91m█[0;90m···                                                   [0;37m-1[m
  [0;96m► [0;97m07  -32  [0;37mAT LIMIT  [0;97m▄▄▄▄▄▄▄▄▄▄▄▄▄▄▄▄▄▄▄▄▄▄▄▄▄▄▄▄▄▄▄▄[0;91m█                     [0;37m-33                                          [0;96m► [0;97m15  -38  [0;37mAT LIMIT  [0;97m▄▄▄▄▄▄▄▄▄▄▄▄▄▄▄▄▄▄▄▄▄▄▄▄▄▄▄▄▄▄▄▄▄▄▄▄▄▄[0;91m█               [0;37m-39[m

  [0;90mCYCLE 1 [0;35m───────────────────────────────────────────────────────────────────────────────────────── [0;90m14 steps · 3 done     WHAT HAPPENED [0;35m─────────────────────────────────────────────────────────────────────── [0;90mnewest first · l: every event[m

    [0;90m#   kind                  where                   workload                      schedule       result                 14:43  [0;92mpass     [0;37mheavy vector load on core 15 at -38, 2 min, peak 73 C[m
  [0;96m►  [0;97m1  R7 all-core           2 CCDs · 5 parts        [0;90mmprime AVX2 36K-248K          [0;97m5 parts        [0;96mpart 1 of 5            [0;90m14:41  [0;92mpass     [0;37mheavy vector load on core 07 at -32, 2 min, peak 73 C[m
        [0;35m├ [0;37mpartial CCD 0       00-04 06 07 · record only                             [0;90m3 x 2m + 5m                           14:39  [0;92mpass     [0;37mheavy vector load on core 14 at 0, 2 min, peak 62 C[m
        [0;35m├ [0;37mfull CCD 0          00-07                                                 [0;90m3 x 2m + 5m    [0;91m6 failed               [0;90m14:37  [0;92mpass     [0;37mheavy vector load on core 06 at -27, 2 min, peak 71 C[m
        [0;35m├ [0;37mpartial CCD 1       08-13 15 · record only                                [0;90m3 x 2m + 5m                           14:35  [0;92mpass     [0;37mheavy vector load on core 13 at -22, 2 min, peak 76 C[m
        [0;35m├ [0;37mfull CCD 1          08-15                                                 [0;90m3 x 2m + 5m    [0;91m13 failed              [0;90m14:33  [0;92mpass     [0;37mheavy vector load on core 05 at -7, 2 min, peak 74 C[m
        [0;35m└ [0;37mfull CCD 0+1        00-15                                                 [0;90m3 x 2m + 10m   [0;92m4/4 passed             [0;90m14:31  [0;92mpass     [0;37mheavy vector load on core 12 at -10, 2 min, peak 71 C[m
  [0;35m○  [0;90m2  [0;37mR7 [0;90mall-core           2 CCDs · 5 parts        mprime AVX-512 36K-248K       5 parts                               14:29  [0;92mpass     [0;37mheavy vector load on core 04 at -32, 2 min, peak 73 C[m
  [0;35m○  [0;90m3  [0;37mR7 [0;90mall-core           2 CCDs · 5 parts        y-cruncher FFTv4 + N63 + VT3  5 parts                               14:27  [0;92mpass     [0;37mheavy vector load on core 11 at -4, 2 min, peak 67 C[m
  [0;92m■  [0;37m4  [0;97mR2 [0;37mheavy vector       one core at a time      [0;90mmprime AVX2 36K-248K          [0;37m16 x 2m        [0;92mdone                   [0;90m14:25  [0;92mpass     [0;37mheavy vector load on core 03 at -17, 2 min, peak 76 C[m
  [0;92m■  [0;37m5  [0;97mR2 [0;37mheavy vector       one core at a time      [0;90mmprime AVX-512 36K-248K       [0;37m16 x 2m        [0;92mdone                   [0;90m14:23  [0;92mpass     [0;37mheavy vector load on core 10 at -16, 2 min, peak 73 C[m
  [0;92m■  [0;37m6  [0;97mR2 [0;37mheavy vector       one core at a time      [0;90my-cruncher FFTv4 + N63 + VT3  [0;37m16 x 2m        [0;92mdone                   [0;90m14:21  [0;92mpass     [0;37mheavy vector load on core 02 at -35, 2 min, peak 63 C[m
  [0;35m○  [0;90m7  [0;37mR6 [0;90midle + bursts      all cores idle          mprime SSE 4K-21K             15m                                   14:19  [0;92mpass     [0;37mheavy vector load on core 09 at -16, 2 min, peak 64 C[m
  [0;35m○  [0;90m8  [0;37mR5 [0;90mboth threads       one core at a time      mprime SSE 4K-21K             16 x 2m                               14:17  [0;92mpass     [0;37mheavy vector load on core 01 at -33, 2 min, peak 66 C[m
  [0;35m○  [0;90m9  [0;37mR1 [0;90mlight              one core at a time      mprime SSE 4K-21K             16 x 2m                               14:15  [0;92mpass     [0;37mheavy vector load on core 08 at -26, 2 min, peak 69 C[m
  [0;35m○ [0;90m10  [0;37mR1 [0;90mlight              one core at a time      y-cruncher BKT + SFTv4        16 x 2m                               14:13  [0;92mpass     [0;37mheavy vector load on core 00 at -37, 2 min, peak 74 C[m
  [0;35m○ [0;90m11  [0;37mR1 [0;90mlight              one core at a time      y-cruncher SNT + SVT          16 x 2m                               14:11  [0;92mpass     [0;37mheavy vector load on core 15 at -38, 2 min, peak 62 C[m
  [0;35m○ [0;90m12  [0;37mR3 [0;90mload steps         one core at a time      mprime SSE 4K-21K             16 x 2m                               14:09  [0;92mpass     [0;37mheavy vector load on core 07 at -32, 2 min, peak 62 C[m
  [0;35m○ [0;90m13  [0;37mR4 [0;90mpartial load       one core at a time      mprime SSE 4K-21K             16 x 2m                               14:07  [0;92mpass     [0;37mheavy vector load on core 14 at 0, 2 min, peak 70 C[m
  [0;35m○ [0;90m14  [0;37mR6 [0;90midle + bursts      all cores idle          y-cruncher BKT + SFTv4        15m                                   14:05  [0;92mpass     [0;37mheavy vector load on core 06 at -27, 2 min, peak 72 C[m
                                                                                                                          [0;90m14:03  [0;92mpass     [0;37mheavy vector load on core 13 at -22, 2 min, peak 70 C[m
                                                                                                                          [0;90m14:01  [0;92mpass     [0;37mheavy vector load on core 05 at -7, 2 min, peak 69 C[m
                                                                                                                          [0;90m13:59  [0;92mpass     [0;37mheavy vector load on core 12 at -10, 2 min, peak 68 C[m
                                                                                                                          [0;90m13:57  [0;92mpass     [0;37mheavy vector load on core 04 at -32, 2 min, peak 69 C[m
                                                                                                                          [0;90m13:55  [0;92mpass     [0;37mheavy vector load on core 11 at -4, 2 min, peak 69 C[m
                                                                                                                          [0;90m13:53  [0;92mpass     [0;37mheavy vector load on core 03 at -17, 2 min, peak 64 C[m
                                                                                                                          [0;90m13:51  [0;92mpass     [0;37mheavy vector load on core 10 at -16, 2 min, peak 66 C[m
                                                                                                                          [0;90m13:49  [0;92mpass     [0;37mheavy vector load on core 02 at -35, 2 min, peak 66 C[m
                                                                                                                          [0;90m13:47  [0;92mpass     [0;37mheavy vector load on core 09 at -16, 2 min, peak 63 C[m
                                                                                                                          [0;90m13:45  [0;92mpass     [0;37mheavy vector load on core 01 at -33, 2 min, peak 62 C[m
                                                                                                                          [0;90m13:43  [0;92mpass     [0;37mheavy vector load on core 08 at -26, 2 min, peak 68 C[m
                                                                                                                          [0;90m13:41  [0;92mpass     [0;37mheavy vector load on core 00 at -37, 2 min, peak 72 C[m
                                                                                                                          [0;90m+168 more[m


