  togi   15:29:24   session 15h28m   39 failures · 39 crashes   last observed failure 07:52, 7h36m ago

  ■ SOLO LIMITS  16/16  ───  ► CYCLE 1  step 14 of 14  ───  ○ DEEPEN  ───  CLEAN CYCLES 1  · repeats until stopped

  ▌  STOPPED   I restored safer offsets before stopping. togi run picks up where I left off.                              last trial      PASS  15:00 on 00-15 · Tctl max 62°C


  STOPPED ───────────────────────────────────────────────────────────────────────────────────────────────────────────────────────────────────────────────────────────────────────────────────────────────────────────────────────────────────
  15:28:44 · requested clean cycles completed
  Rows show the saved profile, not applied now.

  CCD 0               0       -10       -20       -30       -40       -50 fail pt  not under load                         CCD 1               0       -10       -20       -30       -40       -50 fail pt  not under load
    00  -10  AT LIMIT  ▄▄▄▄▄▄▄▄▄▄█                                           -11                                            08  -10  AT LIMIT  ▄▄▄▄▄▄▄▄▄▄█                                           -11
    01  -10  AT LIMIT  ▄▄▄▄▄▄▄▄▄▄█                                           -11                                            09  -10  AT LIMIT  ▄▄▄▄▄▄▄▄▄▄█                                           -11
    02  -10  AT LIMIT  ▄▄▄▄▄▄▄▄▄▄█                                           -11                                            10  -10  AT LIMIT  ▄▄▄▄▄▄▄▄▄▄█                                           -11
    03  -10  AT LIMIT  ▄▄▄▄▄▄▄▄▄▄█                                           -11                                            11   -9  AT LIMIT  ▄▄▄▄▄▄▄▄▄░█                                           -11   held by C1 · solo -10
    04  -10  AT LIMIT  ▄▄▄▄▄▄▄▄▄▄█                                           -11                                            12  -10  AT LIMIT  ▄▄▄▄▄▄▄▄▄▄█                                           -11
    05  -10  AT LIMIT  ▄▄▄▄▄▄▄▄▄▄█                                           -11                                            13  -10  AT LIMIT  ▄▄▄▄▄▄▄▄▄▄█                                           -11
    06  -10  AT LIMIT  ▄▄▄▄▄▄▄▄▄▄█                                           -11                                            14  -10  AT LIMIT  ▄▄▄▄▄▄▄▄▄▄█                                           -11
    07  -10  AT LIMIT  ▄▄▄▄▄▄▄▄▄▄█                                           -11                                            15  -10  AT LIMIT  ▄▄▄▄▄▄▄▄▄▄█                                           -11

  CYCLE 1 ──────────────────────────────────────────────────────────────────────────────────────── 14 steps · 14 done     WHAT HAPPENED ─────────────────────────────────────────────────────────────────────── newest first · l: every event

    #   kind                  where                   workload                      schedule       result                 15:28  stop     stopped
  ■  1  R7 all-core           2 CCDs · 5 parts        mprime AVX2 36K-248K          5 parts        done                   15:28  cycle    cycle 1 passed, a full cycle of every kind of test
  ■  2  R7 all-core           2 CCDs · 5 parts        mprime AVX-512 36K-248K       5 parts        done                   15:28  pass     R6 idle + bursts on 00-15 · passed · Tctl max 62°C
  ■  3  R7 all-core           2 CCDs · 5 parts        y-cruncher FFTv4 + N63 + VT3  5 parts        done                   15:13  pass     R4 partial load on core 15 at -10 · passed · Tctl max 74°C
  ■  4  R2 heavy vector       one core at a time      mprime AVX2 36K-248K          16 x 2m        done                   15:11  pass     R4 partial load on core 07 at -10 · passed · Tctl max 64°C
  ■  5  R2 heavy vector       one core at a time      mprime AVX-512 36K-248K       16 x 2m        done                   15:09  pass     R4 partial load on core 14 at -10 · passed · Tctl max 75°C
  ■  6  R2 heavy vector       one core at a time      y-cruncher FFTv4 + N63 + VT3  16 x 2m        done                   15:07  pass     R4 partial load on core 06 at -10 · passed · Tctl max 67°C
  ■  7  R6 idle + bursts      all cores idle          mprime SSE 4K-21K             15m            done                   15:05  pass     R4 partial load on core 13 at -10 · passed · Tctl max 71°C
  ■  8  R5 both threads       one core at a time      mprime SSE 4K-21K             16 x 2m        done                   15:03  pass     R4 partial load on core 05 at -10 · passed · Tctl max 75°C
  ■  9  R1 light              one core at a time      mprime SSE 4K-21K             16 x 2m        done                   15:01  pass     R4 partial load on core 12 at -10 · passed · Tctl max 68°C
  ■ 10  R1 light              one core at a time      y-cruncher BKT + SFTv4        16 x 2m        done                   14:59  pass     R4 partial load on core 04 at -10 · passed · Tctl max 74°C
  ■ 11  R1 light              one core at a time      y-cruncher SNT + SVT          16 x 2m        done                   14:57  pass     R4 partial load on core 11 at -9 · passed · Tctl max 66°C
  ■ 12  R3 load steps         one core at a time      mprime SSE 4K-21K             16 x 2m        done                   14:55  pass     R4 partial load on core 03 at -10 · passed · Tctl max 71°C
  ■ 13  R4 partial load       one core at a time      mprime SSE 4K-21K             16 x 2m        done                   14:53  pass     R4 partial load on core 10 at -10 · passed · Tctl max 67°C
  ■ 14  R6 idle + bursts      all cores idle          y-cruncher BKT + SFTv4        15m            done                   14:51  pass     R4 partial load on core 02 at -10 · passed · Tctl max 74°C
                                                                                                                          14:49  pass     R4 partial load on core 09 at -10 · passed · Tctl max 64°C
  COMBINATIONS ───────────────────────────────────────────────────────── offsets at which these cores failed together     14:47  pass     R4 partial load on core 01 at -10 · passed · Tctl max 67°C
                                                                                                                          14:45  pass     R4 partial load on core 08 at -10 · passed · Tctl max 68°C
         03   11                                  found by              against the profile now                           14:43  pass     R4 partial load on core 00 at -10 · passed · Tctl max 67°C
  C1    -10  -10                                  hunt 1, probed        holds core 11 at -9                               14:41  pass     R3 load steps on core 15 at -10 · passed · Tctl max 71°C
                                                                                                                          14:39  pass     R3 load steps on core 07 at -10 · passed · Tctl max 71°C
  now   -10   -9                                                                                                          14:37  pass     R3 load steps on core 14 at -10 · passed · Tctl max 69°C
                                                                                                                          14:35  pass     R3 load steps on core 06 at -10 · passed · Tctl max 62°C
                                                                                                                          14:33  pass     R3 load steps on core 13 at -10 · passed · Tctl max 64°C
                                                                                                                          14:31  pass     R3 load steps on core 05 at -10 · passed · Tctl max 75°C
                                                                                                                          14:29  pass     R3 load steps on core 12 at -10 · passed · Tctl max 63°C
                                                                                                                          14:27  pass     R3 load steps on core 04 at -10 · passed · Tctl max 67°C
                                                                                                                          14:25  pass     R3 load steps on core 11 at -9 · passed · Tctl max 62°C
                                                                                                                          14:23  pass     R3 load steps on core 03 at -10 · passed · Tctl max 74°C
                                                                                                                          14:21  pass     R3 load steps on core 10 at -10 · passed · Tctl max 67°C
                                                                                                                          14:19  pass     R3 load steps on core 02 at -10 · passed · Tctl max 66°C
                                                                                                                          14:17  pass     R3 load steps on core 09 at -10 · passed · Tctl max 72°C
                                                                                                                          14:15  pass     R3 load steps on core 01 at -10 · passed · Tctl max 75°C
                                                                                                                          14:13  pass     R3 load steps on core 08 at -10 · passed · Tctl max 63°C
                                                                                                                          14:11  pass     R3 load steps on core 00 at -10 · passed · Tctl max 76°C
                                                                                                                          14:09  pass     R1 light on core 15 at -10 · passed · Tctl max 69°C
                                                                                                                          14:07  pass     R1 light on core 07 at -10 · passed · Tctl max 71°C
                                                                                                                          14:05  pass     R1 light on core 14 at -10 · passed · Tctl max 76°C
                                                                                                                          14:03  pass     R1 light on core 06 at -10 · passed · Tctl max 65°C
                                                                                                                          14:01  pass     R1 light on core 13 at -10 · passed · Tctl max 67°C
                                                                                                                          +160 more

   ?  help    l  log    esc  back    q  close view
