  [0;90mtogi   [0;97m20:04:20   [0;90msession [0;37m20h04m   39 [0;90mfailures · [0;37m8 [0;90mcrashes   last observed failure [0;37m11:33   [0;93mscreen paused until 20:19[m

  [0;92m■ [0;37mSOLO LIMITS  [0;90m16/16  [0;35m───  [0;96m► [0;97mCYCLE 1  [0;37mstep 7 of 18  [0;35m───  [0;90m○ DEEPEN  after a passed full cycle · 10 cores have room  [0;35m───  [0;90mCLEAN CYCLES 0  [0;35m· repeats until stopped[m

  [0;96m▌  CYCLE 1   [0;37mStep 7 leaves every core idle for 15 minutes, with short wake-ups, to test idle and boost states.          [0;90mlast trial      [0;92mPASS  [0;90m2:00 on core 15 · Tctl max 73°C[m
  [0;96m▌            [0;37mThis screen holds still until 20:19, clock included, so drawing it cannot wake the cores.[m

  [0;90mNOW [0;35m──────────────────────────────────────────────────────────────────────────────────────────────────────────────────────────────────────────────────────────────────────────────────────────────────────────────────────────── [0;90mtrial 0656[m
  [0;97;45m R6 [m  [0;97midle + bursts  [0;37mon all 16 cores   [0;90mshort wake-ups, no workers in between                                                                                                                                               [0;96mCYCLE 1 · STEP 7[m

  [0;35m░░░░░░░░░░░░░░░░░░░░░░░░░░░░░░░░░░░░░░░░░░░░░░░░░░░░░░░░░░░░░░░░░░░░░░░░░░░░░░░░░░░░░░░░░░░░░░░░░░░░░░░░░░░░░░░░░░░░░░░░░░░░░░░░░░░░░░░░░░░░░░░░░░░░░░░░░░░░░░░░░░░░░░░░░░░░░░░░░░░░░░░░░░░░░░░░░░░░░░░░░░░░░░░░░░░░      [0;90m▀▀█ █▀█   ▀█  █▀█[m
  [0;35m░░░░░░░░░░░░░░░░░░░░░░░░░░░░░░░░░░░░░░░░░░░░░░░░░░░░░░░░░░░░░░░░░░░░░░░░░░░  [0;37mscreen paused until 20:19 so it cannot wake the idle cores  [0;35m░░░░░░░░░░░░░░░░░░░░░░░░░░░░░░░░░░░░░░░░░░░░░░░░░░░░░░░░░░░░░░░░░░░░░░░░░░░      [0;90m█▀▀ █ █ ▀  █  ▀▀█[m
  [0;35m▀▀▀▀▀▀▀▀▀▀▀▀▀▀▀▀▀▀▀▀▀▀▀▀▀▀▀▀▀▀▀▀▀▀▀▀▀▀▀▀▀▀▀▀▀▀▀▀▀▀▀▀▀▀▀▀▀▀▀▀▀▀▀▀▀▀▀▀▀▀▀▀▀▀▀▀▀▀▀▀▀▀▀▀▀▀▀▀▀▀▀▀▀▀▀▀▀▀▀▀▀▀▀▀▀▀▀▀▀▀▀▀▀▀▀▀▀▀▀▀▀▀▀▀▀▀▀▀▀▀▀▀▀▀▀▀▀▀▀▀▀▀▀▀▀▀▀▀▀▀▀▀▀▀▀▀▀▀▀▀▀▀▀▀▀▀▀▀▀▀▀▀▀▀▀▀▀▀▀▀▀▀▀▀▀▀▀▀▀▀▀▀▀▀▀▀▀▀▀▀▀▀▀▀▀▀▀▀▀▀▀▀      [0;90m▀▀▀ ▀▀▀ ▀ ▀▀▀ ▀▀▀[m
  [0;90mstarted [0;37m20:04 [0;90m· 15:00                                                                                                                                                                                                               ends at[m

  [0;92mif it passes         [0;37mstep 7 is done → next: step 8: R5 both threads with mprime SSE 4K-21K[m
  [0;91mif a core is named   [0;37mits failure point is recorded → it backs off → next: rerun R6 idle + bursts on 00-15 · 2m · a core at 0: rerun at CO 0[m
  [0;91mif none is named     [0;37mhunt 1 starts over 00-13 15 → next: hunt 1 group 1: R6 idle + bursts on 00-15 · 00-07 at failing offsets, 08-13 15 parked at 0[m

  [0;97mCCD 0               [0;90m0       -10       -20       -30       -40       -50 fail pt  all under load                         [0;97mCCD 1               [0;90m0       -10       -20       -30       -40       -50 fail pt  all under load[m
  [0;96m► [0;97m00  -36  [0;37mHAS ROOM  [0;97m▄▄▄▄▄▄▄▄▄▄▄▄▄▄▄▄▄▄▄▄▄▄▄▄▄▄▄▄▄▄▄▄▄▄▄▄[0;90m·[0;91m█                [0;37m-38                                          [0;96m► [0;97m08  -26  [0;37mHAS ROOM  [0;97m▄▄▄▄▄▄▄▄▄▄▄▄▄▄▄▄▄▄▄▄▄▄▄▄▄▄[0;90m·[0;91m█                          [0;37m-28[m
  [0;96m► [0;97m01  -33  [0;37mHAS ROOM  [0;97m▄▄▄▄▄▄▄▄▄▄▄▄▄▄▄▄▄▄▄▄▄▄▄▄▄▄▄▄▄▄▄▄▄[0;90m·[0;91m█                   [0;37m-35                                          [0;96m► [0;97m09  -16  [0;37mAT LIMIT  [0;97m▄▄▄▄▄▄▄▄▄▄▄▄▄▄▄▄[0;91m█                                     [0;37m-17[m
  [0;96m► [0;97m02  -34  [0;37mHAS ROOM  [0;97m▄▄▄▄▄▄▄▄▄▄▄▄▄▄▄▄▄▄▄▄▄▄▄▄▄▄▄▄▄▄▄▄▄▄[0;90m·[0;91m█                  [0;37m-36                                          [0;96m► [0;97m10  -15  [0;37mHAS ROOM  [0;97m▄▄▄▄▄▄▄▄▄▄▄▄▄▄▄[0;90m·[0;91m█                                     [0;37m-17[m
  [0;96m► [0;97m03  -16  [0;37mHAS ROOM  [0;97m▄▄▄▄▄▄▄▄▄▄▄▄▄▄▄▄[0;90m·[0;91m█                                    [0;37m-18                                          [0;96m► [0;97m11   -4  [0;37mAT LIMIT  [0;97m▄▄▄▄[0;91m█[0;90m·                                                 [0;37m-5[m
  [0;96m► [0;97m04  -31  [0;37mHAS ROOM  [0;97m▄▄▄▄▄▄▄▄▄▄▄▄▄▄▄▄▄▄▄▄▄▄▄▄▄▄▄▄▄▄▄[0;90m·[0;91m█                     [0;37m-33                                          [0;96m► [0;97m12   -9  [0;37mHAS ROOM  [0;97m▄▄▄▄▄▄▄▄▄[0;90m·[0;91m█                                           [0;37m-11[m
  [0;96m► [0;97m05   -7  [0;37mAT LIMIT  [0;97m▄▄▄▄▄▄▄[0;91m█[0;90m·                                              [0;37m-8                                          [0;96m► [0;97m13  -22  [0;37mAT LIMIT  [0;97m▄▄▄▄▄▄▄▄▄▄▄▄▄▄▄▄▄▄▄▄▄▄[0;91m█                               [0;37m-23[m
  [0;96m► [0;97m06  -27  [0;37mAT LIMIT  [0;97m▄▄▄▄▄▄▄▄▄▄▄▄▄▄▄▄▄▄▄▄▄▄▄▄▄▄▄[0;91m█[0;90m·                         [0;37m-28                                          [0;96m► [0;97m14    0  [0;37mAT LIMIT  [0;91m█[0;90m··                                                    [0;37m-1[m
  [0;96m► [0;97m07  -31  [0;37mHAS ROOM  [0;97m▄▄▄▄▄▄▄▄▄▄▄▄▄▄▄▄▄▄▄▄▄▄▄▄▄▄▄▄▄▄▄[0;90m·[0;91m█                     [0;37m-33                                          [0;96m► [0;97m15  -38  [0;37mHAS ROOM  [0;97m▄▄▄▄▄▄▄▄▄▄▄▄▄▄▄▄▄▄▄▄▄▄▄▄▄▄▄▄▄▄▄▄▄▄▄▄▄▄[0;90m·[0;91m█              [0;37m-40[m

  [0;90mCYCLE 1 [0;35m───────────────────────────────────────────────────────────────────────────────────────── [0;90m18 steps · 6 done     WHAT HAPPENED [0;35m─────────────────────────────────────────────────────────────────── [0;90mnewest first · l: last 400 events[m

    [0;90m#   kind                  where                   workload                      schedule       result                 20:04  [0;92mpass     [0;37mR2 heavy vector on core 15 at -38 · passed · Tctl max 73°C[m
  [0;92m■  [0;37m1  [0;97mR7 [0;37mall-core           2 CCDs · 14 parts       [0;90mmprime AVX2 36K-248K          [0;37m14 parts       [0;92mdone                   [0;90m20:02  [0;92mpass     [0;37mR2 heavy vector on core 07 at -31 · passed · Tctl max 62°C[m
  [0;92m■  [0;37m2  [0;97mR7 [0;37mall-core           2 CCDs · 14 parts       [0;90mmprime AVX-512 36K-248K       [0;37m14 parts       [0;92mdone                   [0;90m20:00  [0;92mpass     [0;37mR2 heavy vector on core 14 at 0 · passed · Tctl max 62°C[m
  [0;92m■  [0;37m3  [0;97mR7 [0;37mall-core           2 CCDs · 14 parts       [0;90my-cruncher FFTv4 + N63 + VT3  [0;37m14 parts       [0;92mdone                   [0;90m19:58  [0;92mpass     [0;37mR2 heavy vector on core 06 at -27 · passed · Tctl max 71°C[m
  [0;92m■  [0;37m4  [0;97mR2 [0;37mheavy vector       one core at a time      [0;90mmprime AVX2 36K-248K          [0;37m16 x 2m        [0;92mdone                   [0;90m19:56  [0;92mpass     [0;37mR2 heavy vector on core 13 at -22 · passed · Tctl max 76°C[m
  [0;92m■  [0;37m5  [0;97mR2 [0;37mheavy vector       one core at a time      [0;90mmprime AVX-512 36K-248K       [0;37m16 x 2m        [0;92mdone                   [0;90m19:54  [0;92mpass     [0;37mR2 heavy vector on core 05 at -7 · passed · Tctl max 74°C[m
  [0;92m■  [0;37m6  [0;97mR2 [0;37mheavy vector       one core at a time      [0;90my-cruncher FFTv4 + N63 + VT3  [0;37m16 x 2m        [0;92mdone                   [0;90m19:52  [0;92mpass     [0;37mR2 heavy vector on core 12 at -9 · passed · Tctl max 62°C[m
  [0;96m►  [0;97m7  R6 idle + bursts      all cores idle          [0;90mmprime SSE 4K-21K             [0;97m15m            [0;96mtrial 1 of 1           [0;90m19:50  [0;92mpass     [0;37mR2 heavy vector on core 04 at -31 · passed · Tctl max 71°C[m
  [0;35m○  [0;90m8  [0;37mR5 [0;90mboth threads       one core at a time      mprime SSE 4K-21K             16 x 2m                               19:48  [0;92mpass     [0;37mR2 heavy vector on core 11 at -4 · passed · Tctl max 67°C[m
  [0;35m○  [0;90m9  [0;37mR1 [0;90mlight              one core at a time      mprime SSE 4K-21K             16 x 2m                               19:46  [0;92mpass     [0;37mR2 heavy vector on core 03 at -16 · passed · Tctl max 66°C[m
  [0;35m○ [0;90m10  [0;37mR1 [0;90mlight              one core at a time      y-cruncher BKT + SFTv4        16 x 2m                               19:44  [0;92mpass     [0;37mR2 heavy vector on core 10 at -15 · passed · Tctl max 68°C[m
  [0;35m○ [0;90m11  [0;37mR1 [0;90mlight              one core at a time      y-cruncher SNT + SVT          16 x 2m                               19:42  [0;92mpass     [0;37mR2 heavy vector on core 02 at -34 · passed · Tctl max 74°C[m
  [0;35m○ [0;90m12  [0;37mR3 [0;90mload steps         one core at a time      mprime SSE 4K-21K             16 x 2m                               19:40  [0;92mpass     [0;37mR2 heavy vector on core 09 at -16 · passed · Tctl max 64°C[m
  [0;35m○ [0;90m13  [0;37mR3 [0;90mload steps         one core at a time      y-cruncher BKT + SFTv4        16 x 2m                               19:38  [0;92mpass     [0;37mR2 heavy vector on core 01 at -33 · passed · Tctl max 62°C[m
  [0;35m○ [0;90m14  [0;37mR3 [0;90mload steps         one core at a time      y-cruncher SNT + SVT          16 x 2m                               19:36  [0;92mpass     [0;37mR2 heavy vector on core 08 at -26 · passed · Tctl max 69°C[m
  [0;35m○ [0;90m15  [0;37mR4 [0;90mpartial load       one core at a time      mprime SSE 4K-21K             16 x 2m                               19:34  [0;92mpass     [0;37mR2 heavy vector on core 00 at -36 · passed · Tctl max 75°C[m
  [0;35m○ [0;90m16  [0;37mR4 [0;90mpartial load       one core at a time      y-cruncher BKT + SFTv4        16 x 2m                               19:32  [0;92mpass     [0;37mR2 heavy vector on core 15 at -38 · passed · Tctl max 62°C[m
  [0;35m○ [0;90m17  [0;37mR4 [0;90mpartial load       one core at a time      y-cruncher SNT + SVT          16 x 2m                               19:30  [0;92mpass     [0;37mR2 heavy vector on core 07 at -31 · passed · Tctl max 75°C[m
  [0;35m○ [0;90m18  [0;37mR6 [0;90midle + bursts      all cores idle          y-cruncher BKT + SFTv4        15m                                   19:28  [0;92mpass     [0;37mR2 heavy vector on core 14 at 0 · passed · Tctl max 70°C[m
                                                                                                                          [0;90m19:26  [0;92mpass     [0;37mR2 heavy vector on core 06 at -27 · passed · Tctl max 72°C[m
  [0;90mR7 [0;35m─────────────────────────── [0;90mtop requesters [0;35m───────── [0;90mself-sufficient [0;35m───────────────── [0;90mobserved, not a guarantee     19:24  [0;92mpass     [0;37mR2 heavy vector on core 13 at -22 · passed · Tctl max 70°C[m
  [0;90mmprime AVX2 36K-248K           05 14 by offset          01-14                                                           19:22  [0;92mpass     [0;37mR2 heavy vector on core 05 at -7 · passed · Tctl max 69°C[m
  [0;90mmprime AVX-512 36K-248K        05 14 by offset          01-14                                                           19:20  [0;92mpass     [0;37mR2 heavy vector on core 12 at -9 · passed · Tctl max 75°C[m
  [0;90my-cruncher FFTv4 + N63 + VT3   05 14 by offset          01-14                                                           19:18  [0;92mpass     [0;37mR2 heavy vector on core 04 at -31 · passed · Tctl max 73°C[m
                                                                                                                          [0;90m19:16  [0;92mpass     [0;37mR2 heavy vector on core 11 at -4 · passed · Tctl max 69°C[m
                                                                                                                          [0;90m19:14  [0;92mpass     [0;37mR2 heavy vector on core 03 at -16 · passed · Tctl max 68°C[m
                                                                                                                          [0;90m19:12  [0;92mpass     [0;37mR2 heavy vector on core 10 at -15 · passed · Tctl max 68°C[m
                                                                                                                          [0;90m19:10  [0;92mpass     [0;37mR2 heavy vector on core 02 at -34 · passed · Tctl max 62°C[m
                                                                                                                          [0;90m19:08  [0;92mpass     [0;37mR2 heavy vector on core 09 at -16 · passed · Tctl max 63°C[m
                                                                                                                          [0;90m19:06  [0;92mpass     [0;37mR2 heavy vector on core 01 at -33 · passed · Tctl max 68°C[m
                                                                                                                          [0;90m19:04  [0;92mpass     [0;37mR2 heavy vector on core 08 at -26 · passed · Tctl max 68°C[m
                                                                                                                          [0;90m19:02  [0;92mpass     [0;37mR2 heavy vector on core 00 at -36 · passed · Tctl max 72°C[m
                                                                                                                          [0;90m+356 more[m


