  togi   12:49:10   session 12h49m   7 failures · 7 crashes   last observed failure 04:50, 7h58m ago

  ■ SOLO LIMITS  16/16  ───  ■ CYCLE 1  ───  ► DEEPEN  round 1  ───  CLEAN CYCLES 0  · repeats until stopped

  ▌  DEEPEN · ROUND 1   These offsets passed a full cycle. I check the deepening plan's proposed profile together.        last trial      PASS  15:00 on 00-15 · Tctl max 62°C
  ▌                     The checks below distinguish cores that go deeper from members that yield shallower.

  NOW ──────────────────────────────────────────────────────────────────────────────────────────────────────────────────────────────────────────────────────────────────────────────────────────────────────────────────────────── trial 0390
   R1   light load  on 00   mprime SSE 4K-21K · 1 worker                                                                                                                                                                     DEEPEN · ROUND 1

  ████████████████████████████████████████████████████████████████████████████████████████████████████████████████████████████████████████████████████████████████████████████████████████████████████████████████████          ▀█    ▀▀█ █▀█
  ████████████████████████████████████████████████████████████████████████████████████████████████████████████████████████████████████████████████████████████████████████████████████████████████████████████████████           █  ▀ █▀▀ █ █
  ▀▀▀▀▀▀▀▀▀▀▀▀▀▀▀▀▀▀▀▀▀▀▀▀▀▀▀▀▀▀▀▀▀▀▀▀▀▀▀▀▀▀▀▀▀▀▀▀▀▀▀▀▀▀▀▀▀▀▀▀▀▀▀▀▀▀▀▀▀▀▀▀▀▀▀▀▀▀▀▀▀▀▀▀▀▀▀▀▀▀▀▀▀▀▀▀▀▀▀▀▀▀▀▀▀▀▀▀▀▀▀▀▀▀▀▀▀▀▀▀▀▀▀▀▀▀▀▀▀▀▀▀▀▀▀▀▀▀▀▀▀▀▀▀▀▀▀▀▀▀▀▀▀▀▀▀▀▀▀▀▀▀▀▀▀▀▀▀▀▀▀▀▀▀▀▀▀▀▀▀▀▀▀▀▀▀▀▀▀▀▀▀▀▀▀▀▀▀▀▀▀▀▀▀▀▀▀▀▀▀▀▀          ▀▀▀ ▀ ▀▀▀ ▀▀▀
  0:40 of 2:00                                                                                                                                                                      0 passed · trial 1 of 5  ► · · · ·                   left

  if all 5 pass        next: round 1: R2 mprime AVX2 36K-248K
  if a core is named   deepening round 1 ends: attributed failure #2932 → record its failure point; back off the named core → next: retry the named core: R1 mprime SSE 4K-21K
  if none is named     deepening round 1 ends: a failure needs a hunt → hunt 2 starts over 00-10 12-15 → next: hunt 2 group 1 on 00: R1 mprime SSE 4K-21K

  CCD 0               0       -10       -20       -30       -40       -50 fail pt  one core under load at a time          CCD 1               0       -10       -20       -30       -40       -50 fail pt  not under load
  ► 00  -30  HAS ROOM  ▄▄▄▄▄▄▄▄▄▄▄▄▄▄▄▄▄▄▄▄▄▄▄▄▄▄▄▄▄▄                                                                       08  -30  HAS ROOM  ▄▄▄▄▄▄▄▄▄▄▄▄▄▄▄▄▄▄▄▄▄▄▄▄▄▄▄▄▄▄                    
    01  -30  HAS ROOM  ▄▄▄▄▄▄▄▄▄▄▄▄▄▄▄▄▄▄▄▄▄▄▄▄▄▄▄▄▄▄                                                                       09  -30  HAS ROOM  ▄▄▄▄▄▄▄▄▄▄▄▄▄▄▄▄▄▄▄▄▄▄▄▄▄▄▄▄▄▄                    
    02  -30  HAS ROOM  ▄▄▄▄▄▄▄▄▄▄▄▄▄▄▄▄▄▄▄▄▄▄▄▄▄▄▄▄▄▄                                                                       10  -30  HAS ROOM  ▄▄▄▄▄▄▄▄▄▄▄▄▄▄▄▄▄▄▄▄▄▄▄▄▄▄▄▄▄▄                    
    03  -30  HAS ROOM  ▄▄▄▄▄▄▄▄▄▄▄▄▄▄▄▄▄▄▄▄▄▄▄▄▄▄▄▄▄▄                                                                       11   -9  AT LIMIT  ▄▄▄▄▄▄▄▄▄░                                                  held by C1 · solo -10
    04  -30  HAS ROOM  ▄▄▄▄▄▄▄▄▄▄▄▄▄▄▄▄▄▄▄▄▄▄▄▄▄▄▄▄▄▄                                                                       12  -30  HAS ROOM  ▄▄▄▄▄▄▄▄▄▄▄▄▄▄▄▄▄▄▄▄▄▄▄▄▄▄▄▄▄▄                    
    05  -30  HAS ROOM  ▄▄▄▄▄▄▄▄▄▄▄▄▄▄▄▄▄▄▄▄▄▄▄▄▄▄▄▄▄▄                                                                       13  -30  HAS ROOM  ▄▄▄▄▄▄▄▄▄▄▄▄▄▄▄▄▄▄▄▄▄▄▄▄▄▄▄▄▄▄                    
    06  -30  HAS ROOM  ▄▄▄▄▄▄▄▄▄▄▄▄▄▄▄▄▄▄▄▄▄▄▄▄▄▄▄▄▄▄                                                                       14  -30  HAS ROOM  ▄▄▄▄▄▄▄▄▄▄▄▄▄▄▄▄▄▄▄▄▄▄▄▄▄▄▄▄▄▄                    
    07  -30  HAS ROOM  ▄▄▄▄▄▄▄▄▄▄▄▄▄▄▄▄▄▄▄▄▄▄▄▄▄▄▄▄▄▄                                                                       15  -30  HAS ROOM  ▄▄▄▄▄▄▄▄▄▄▄▄▄▄▄▄▄▄▄▄▄▄▄▄▄▄▄▄▄▄                    

  DEEPEN · ROUND 1 ──────────────────────────────────────────────────────────────────────────────────────────────────     WHAT HAPPENED ─────────────────────────────────────────────────────────────────────── newest first · l: every event

  has room    00-10 12-15 · in this order                                                                                 12:48  room     core 15 -10 → -30
  move        core 00 goes deeper: -30 → -50                                                                              12:48  room     core 07 -10 → -30
  move        core 01 goes deeper: -30 → -50                                                                              12:48  room     core 14 -10 → -30
  move        core 02 goes deeper: -30 → -50                                                                              12:48  room     core 06 -10 → -30
  move        core 03 goes deeper: -30 → -50                                                                              12:48  room     core 13 -10 → -30
  move        core 04 goes deeper: -30 → -50                                                                              12:48  room     core 05 -10 → -30
  move        core 05 goes deeper: -30 → -50                                                                              12:48  room     core 12 -10 → -30
  move        core 06 goes deeper: -30 → -50                                                                              12:48  room     core 04 -10 → -30
  move        core 07 goes deeper: -30 → -50                                                                              12:48  room     core 03 -10 → -30
  move        core 08 goes deeper: -30 → -50                                                                              12:48  room     core 10 -10 → -30
  move        core 09 goes deeper: -30 → -50                                                                              12:48  room     core 02 -10 → -30
  move        core 10 goes deeper: -30 → -50                                                                              12:48  room     core 09 -10 → -30
  move        core 12 goes deeper: -30 → -50                                                                              12:48  room     core 01 -10 → -30
  move        core 13 goes deeper: -30 → -50                                                                              12:48  room     core 08 -10 → -30
  move        core 14 goes deeper: -30 → -50                                                                              12:48  room     core 00 -10 → -30
  move        core 15 goes deeper: -30 → -50                                                                              12:48  round    #1: core 00 goes deeper to -30, core 01 goes deeper to -30, core 02 goes deeper to -30, core 03
                                                                                                                          12:48  cycle    #1 passed, a full cycle of every kind of test
  CHECKS                                                                                                                  12:48  pass     idle with short bursts on all 16 cores, 15 min, peak 62 C
  R1 on 00  0/5 passed  mprime SSE 4K-21K                                                                                 12:33  pass     partial load on core 15 at -10, 2 min, peak 74 C
  R2 on 00  0/5 passed  mprime AVX2 36K-248K                                                                              12:31  pass     partial load on core 07 at -10, 2 min, peak 64 C
  R1 on 08  0/5 passed  mprime SSE 4K-21K                                                                                 12:29  pass     partial load on core 14 at -10, 2 min, peak 75 C
  R2 on 08  0/5 passed  mprime AVX2 36K-248K                                                                              12:27  pass     partial load on core 06 at -10, 2 min, peak 67 C
  R1 on 01  0/5 passed  mprime SSE 4K-21K                                                                                 12:25  pass     partial load on core 13 at -10, 2 min, peak 71 C
  R2 on 01  0/5 passed  mprime AVX2 36K-248K                                                                              12:23  pass     partial load on core 05 at -10, 2 min, peak 75 C
  R1 on 09  0/5 passed  mprime SSE 4K-21K                                                                                 12:21  pass     partial load on core 12 at -10, 2 min, peak 68 C
  R2 on 09  0/5 passed  mprime AVX2 36K-248K                                                                              12:19  pass     partial load on core 04 at -10, 2 min, peak 74 C
  R1 on 02  0/5 passed  mprime SSE 4K-21K                                                                                 12:17  pass     partial load on core 11 at -9, 2 min, peak 66 C
  R2 on 02  0/5 passed  mprime AVX2 36K-248K                                                                              12:15  pass     partial load on core 03 at -10, 2 min, peak 71 C
  R1 on 10  0/5 passed  mprime SSE 4K-21K                                                                                 12:13  pass     partial load on core 10 at -10, 2 min, peak 67 C
  R2 on 10  0/5 passed  mprime AVX2 36K-248K                                                                              12:11  pass     partial load on core 02 at -10, 2 min, peak 74 C
  R1 on 03  0/5 passed  mprime SSE 4K-21K                                                                                 12:09  pass     partial load on core 09 at -10, 2 min, peak 64 C
  R2 on 03  0/5 passed  mprime AVX2 36K-248K                                                                              12:07  pass     partial load on core 01 at -10, 2 min, peak 67 C
  +19 more                                                                                                                +168 more

   ?  help    l  log    esc  back    q  close view
