  togi   10:15:17   session 10h15m   28 failures · 7 crashes   last observed failure 06:59, 3h15m ago

  ■ SOLO LIMITS  16/16  ───  ► CYCLE 1  step 1 of 14  ───  ○ DEEPEN  ───  CLEAN CYCLES 0  · repeats until stopped

  ▌  CYCLE 1   The last trial has ended; the tuner records what it decided        last trial      FAILURE  0:00 on 00-07 · the stress program quit · core 05
  ▌            before the next one starts.

  BETWEEN TRIALS ────────────────────────────────────────────────────────────────────────────────────────────────────────────────────────────────────────────
  last: FAILURE after 0:00 · R7 all-core on 00-07 · the stress program quit · core 05 named · Tctl max 65°C
  next: rerun R7 all-core on 00-07 · 2m

  CCD 0               0  2 counts/cell       -50 fail pt  not under load          CCD 1               0  2 counts/cell       -50 fail pt  not under load
    00  -37  AT LIMIT  ▄▄▄▄▄▄▄▄▄▄▄▄▄▄▄▄▄▄█          -38                             08  -27  AT LIMIT  ▄▄▄▄▄▄▄▄▄▄▄▄▄█               -28
    01  -34  AT LIMIT  ▄▄▄▄▄▄▄▄▄▄▄▄▄▄▄▄▄█           -35                             09  -18  AT LIMIT  ▄▄▄▄▄▄▄▄▄█                   -19
    02  -35  AT LIMIT  ▄▄▄▄▄▄▄▄▄▄▄▄▄▄▄▄▄█           -36                             10  -16  AT LIMIT  ▄▄▄▄▄▄▄▄█                    -17
    03  -17  AT LIMIT  ▄▄▄▄▄▄▄▄█                    -18                             11   -7  AT LIMIT  ▄▄▄█                          -8
    04  -32  AT LIMIT  ▄▄▄▄▄▄▄▄▄▄▄▄▄▄▄▄█            -33                             12  -10  AT LIMIT  ▄▄▄▄▄█                       -11
    05  -10  AT LIMIT  ▄▄▄▄▄█                       -11                             13  -24  AT LIMIT  ▄▄▄▄▄▄▄▄▄▄▄▄█                -25
    06  -30  AT LIMIT  ▄▄▄▄▄▄▄▄▄▄▄▄▄▄▄█             -31                             14   -4  AT LIMIT  ▄▄█                           -5
    07  -32  AT LIMIT  ▄▄▄▄▄▄▄▄▄▄▄▄▄▄▄▄█            -33                             15  -39  AT LIMIT  ▄▄▄▄▄▄▄▄▄▄▄▄▄▄▄▄▄▄▄█         -40

  CYCLE 1 ───────────────────────────────────────────────── 14 steps · 0 done     WHAT HAPPENED ────────────────────────────────────────────────────── l: all

    #  kind              where               schedule      result                 10:14  fail     R7 full CCD 0 on 00-07 · the stress program quit · core 05
  ►  1 R7 all-core       2 CCDs · 5 parts    5 parts       part 1 of 5            10:14  cycle    cycle 1 started · 14 steps
       ├ partial CCD 0   00-04 06 07         3 x 2m + 5m                          10:14  limit    core 15 solo limit -39
       ├ full CCD 0      00-07               3 x 2m + 5m   1 failed               10:13  limit    core 01 solo limit -34
       ├ partial CCD 1   08-13 15            3 x 2m + 5m                          10:13  limit    core 00 solo limit -37
       ├ full CCD 1      08-15               3 x 2m + 5m                          10:11  limit    cores 04, 07 solo limit -32
       └ full CCD 0+1    00-15               3 x 2m + 10m                         10:05  limit    core 13 solo limit -24
  ○  2 R7 all-core       2 CCDs · 5 parts    5 parts                              10:04  limit    core 02 solo limit -35
  ○  3 R7 all-core       2 CCDs · 5 parts    5 parts                              10:02  limit    core 08 solo limit -27
  ○  4 R2 heavy vector   one core at a time  16 x 2m                              09:58  limit    core 06 solo limit -30
  ○  5 R2 heavy vector   one core at a time  16 x 2m                              09:53  limit    core 09 solo limit -18
  ○  6 R2 heavy vector   one core at a time  16 x 2m                              09:41  limit    core 03 solo limit -17
  ○  7 R6 idle + bursts  all cores idle      15m                                  09:25  limit    core 10 solo limit -16
  ○  8 R5 both threads   one core at a time  16 x 2m                              09:14  limit    core 14 solo limit -4
  ○  9 R1 light          one core at a time  16 x 2m                              09:10  limit    core 11 solo limit -7
  ○ 10 R1 light          one core at a time  16 x 2m                              08:52  limit    cores 05, 12 solo limit -10
  ○ 11 R1 light          one core at a time  16 x 2m                              07:50  confirm  core 15 confirming -39 as its solo limit
  ○ 12 R3 load steps     one core at a time  16 x 2m                              07:25  step     core 15 passed -38, next -39
  +2 more                                                                         +182 more

   ?  help    l  log    esc  back    q  close view
