 togi  20:22:28  paused until 20:37  session 20h22m  55 failures · 15 crashes
 ■ SOLO ─ ► CYCLE 1 ─ ○ DEEPEN ─ CLEAN 0

 ▌  Every core idle with short wake-ups; this screen holds still.

  R6   idle + bursts  on all 16 cores   short wake-ups, no workers in between                         CYCLE 1 · STEP 7
 ░░░░░░░░░░░░░░░░░░░░░░░░░░░░░░░░░░░░░░░░░░░░░░░░░░░░░░░░░░░░░░░░░░░░░░░░░░░░░░░░░░░░░░  screen paused · ends at 20:37

 pass → step 8   core named → backs off · a core at 0: rerun at CO 0   none named → hunt 8

 CCD 0 all loaded 0  2 counts/cell       -50 fail            CCD 1 all loaded 0  2 counts/cell       -50 fail
 ► 00 -37 AT LIMIT ▄▄▄▄▄▄▄▄▄▄▄▄▄▄▄▄▄▄█         -38           ► 08 -26 AT LIMIT ▄▄▄▄▄▄▄▄▄▄▄▄▄█              -27
 ► 01 -33 AT LIMIT ▄▄▄▄▄▄▄▄▄▄▄▄▄▄▄▄█           -34           ► 09 -16 AT LIMIT ▄▄▄▄▄▄▄▄█                   -17
 ► 02 -35 AT LIMIT ▄▄▄▄▄▄▄▄▄▄▄▄▄▄▄▄▄█          -36           ► 10 -16 AT LIMIT ▄▄▄▄▄▄▄▄█                   -17
 ► 03 -17 AT LIMIT ▄▄▄▄▄▄▄▄█                   -18           ► 11  -4 AT LIMIT ▄▄█·                         -5
 ► 04 -32 AT LIMIT ▄▄▄▄▄▄▄▄▄▄▄▄▄▄▄▄█           -33           ► 12 -10 AT LIMIT ▄▄▄▄▄█                      -11
 ► 05  -7 AT LIMIT ▄▄▄█·                        -8           ► 13 -22 AT LIMIT ▄▄▄▄▄▄▄▄▄▄▄█                -23
 ► 06 -27 AT LIMIT ▄▄▄▄▄▄▄▄▄▄▄▄▄█·             -28           ► 14   0 AT LIMIT █·                           -1
 ► 07 -32 AT LIMIT ▄▄▄▄▄▄▄▄▄▄▄▄▄▄▄▄█           -33           ► 15 -38 AT LIMIT ▄▄▄▄▄▄▄▄▄▄▄▄▄▄▄▄▄▄▄█        -39

 CYCLE 1 ─────────────────────────────── 18 steps · 6 done   WHAT HAPPENED ──────────────────────────────────── l: all

 ■  6 R2 heavy vector   16 x 2m       done                   20:22  pass     R2 heavy vector on core 15 at -38
 ►  7 R6 idle + bursts  15m           trial 1 of 1           20:20  pass     R2 heavy vector on core 07 at -32
 +11 more                                                    20:18  pass     R2 heavy vector on core 14 at 0 · passed
                                                             20:16  pass     R2 heavy vector on core 06 at -27
 R7 ────────────── top ───────────── self-sufficient ─────   20:14  pass     R2 heavy vector on core 13 at -22
 mprime AVX2       05 14 by offset   01-14                   20:12  pass     R2 heavy vector on core 05 at -7
 mprime AVX-512    05 14 by offset   01-14                   20:10  pass     R2 heavy vector on core 12 at -10
 y-cruncher FFTv4  05 14 by offset   01-14                   +193 more

  ?  help    l  log    esc  back    q  close view
