  [30;47m togi [m  [97m01:28:09[m  [90mrunning [m[97m1h28m[m  [37m1 failure  0 crashes[m

  [94m█[m  [37mFINDING LIMITS[m
  [94m█[m  
  [94m█[m  [37mI'm finding each core's limit, one core at a time. Core 07 runs a light load[m
  [94m█[m  [37malone at -5 while every other core waits at 0, so a failure can only be its[m
  [94m█[m  [37mown.[m
  [94m█[m  
  [94m█[m  [37mSo far it passed down to 0 and hasn't failed yet. If this step passes, it[m
  [94m█[m  [37mgoes 5 counts deeper.[m
  [94m█[m  
  [94m█[m  [37m0 of 16 cores have found their limit, 16 to go.[m
  [94m█[m  
  [94m█[m  [90mnow  [m[97msearch step[m
  [94m█[m  [37mlight load on core 07 alone at -5[m[90m (y-cruncher BKT + SFTv4)[m
  [94m█[m  [96m██████████████████[m[90m░░░░░░░░░░░░░░░░░░░░░░[m  [97m0m50s left[m
  
  
  [93m► Find limits[m   [90m○ Test together[m [90m○ Go deeper[m     [97m○ Clean lap[m     [90m∞ Keep checking[m
  [93m[m[90m░░░░░░░░░░░░░[m   [90m[m[90m░░░░░░░░░░░░░[m   [90m[m[90m░░░░░░░░░░░░░[m   [90m[m[90m░░░░░░░░░░░░░[m   [90m[m[90m░░░░░░░░░░░░░[m
  [37m0/16 cores[m      [90mall together[m    [90mafter a[m         [90mthe goal[m        [90muntil stopped[m
  [90m[m                [90m[m                [90mclean lap[m       [90m[m                [90m[m
  
  [90m HUNT    [m  [90mno hunt running[m
  
  
  [90mCCD 0                                -10       -20       -30       -40       -50[m
  [90m00    0[m  [90msearching          [m  [90m░[m[90m░[m[90m░[m[90m░[m[90m░[m[90m·[m[90m·[m[90m·[m[90m·[m[90m·[m[90m·[m[90m·[m[90m·[m[90m·[m[90m·[m[90m·[m[90m·[m[90m·[m[90m·[m[90m·[m[90m·[m[90m·[m[90m·[m[90m·[m[90m·[m[90m·[m[90m·[m[90m·[m[90m·[m[90m·[m[90m·[m[90m·[m[90m·[m[90m·[m[90m·[m[90m·[m[90m·[m[90m·[m[90m·[m[90m·[m[90m·[m[90m·[m[90m·[m[90m·[m[90m·[m[90m·[m[90m·[m[90m·[m[90m·[m[90m·[m
  [90m01    0[m  [90msearching          [m  [90m░[m[90m░[m[90m░[m[90m░[m[90m░[m[90m·[m[90m·[m[90m·[m[90m·[m[90m·[m[90m·[m[90m·[m[90m·[m[90m·[m[90m·[m[90m·[m[90m·[m[90m·[m[90m·[m[90m·[m[90m·[m[90m·[m[90m·[m[90m·[m[90m·[m[90m·[m[90m·[m[90m·[m[90m·[m[90m·[m[90m·[m[90m·[m[90m·[m[90m·[m[90m·[m[90m·[m[90m·[m[90m·[m[90m·[m[90m·[m[90m·[m[90m·[m[90m·[m[90m·[m[90m·[m[90m·[m[90m·[m[90m·[m[90m·[m[90m·[m
  [90m02    0[m  [90msearching          [m  [90m░[m[90m░[m[90m░[m[90m░[m[90m░[m[90m·[m[90m·[m[90m·[m[90m·[m[90m·[m[90m·[m[90m·[m[90m·[m[90m·[m[90m·[m[90m·[m[90m·[m[90m·[m[90m·[m[90m·[m[90m·[m[90m·[m[90m·[m[90m·[m[90m·[m[90m·[m[90m·[m[90m·[m[90m·[m[90m·[m[90m·[m[90m·[m[90m·[m[90m·[m[90m·[m[90m·[m[90m·[m[90m·[m[90m·[m[90m·[m[90m·[m[90m·[m[90m·[m[90m·[m[90m·[m[90m·[m[90m·[m[90m·[m[90m·[m[90m·[m
  [90m03    0[m  [90msearching          [m  [90m░[m[90m░[m[90m░[m[90m░[m[90m░[m[90m·[m[90m·[m[90m·[m[90m·[m[90m·[m[90m·[m[90m·[m[90m·[m[90m·[m[90m·[m[90m·[m[90m·[m[90m·[m[90m·[m[90m·[m[90m·[m[90m·[m[90m·[m[90m·[m[90m·[m[90m·[m[90m·[m[90m·[m[90m·[m[90m·[m[90m·[m[90m·[m[90m·[m[90m·[m[90m·[m[90m·[m[90m·[m[90m·[m[90m·[m[90m·[m[90m·[m[90m·[m[90m·[m[90m·[m[90m·[m[90m·[m[90m·[m[90m·[m[90m·[m[90m·[m
  [90m04    0[m  [90msearching          [m  [90m░[m[90m░[m[90m░[m[90m░[m[90m░[m[90m·[m[90m·[m[90m·[m[90m·[m[90m·[m[90m·[m[90m·[m[90m·[m[90m·[m[90m·[m[90m·[m[90m·[m[90m·[m[90m·[m[90m·[m[90m·[m[90m·[m[90m·[m[90m·[m[90m·[m[90m·[m[90m·[m[90m·[m[90m·[m[90m·[m[90m·[m[90m·[m[90m·[m[90m·[m[90m·[m[90m·[m[90m·[m[90m·[m[90m·[m[90m·[m[90m·[m[90m·[m[90m·[m[90m·[m[90m·[m[90m·[m[90m·[m[90m·[m[90m·[m[90m·[m
  [90m05    0[m  [90msearching          [m  [90m░[m[90m░[m[90m░[m[90m░[m[90m░[m[90m·[m[90m·[m[90m·[m[90m·[m[90m·[m[90m·[m[90m·[m[90m·[m[90m·[m[90m·[m[90m·[m[90m·[m[90m·[m[90m·[m[90m·[m[90m·[m[90m·[m[90m·[m[90m·[m[90m·[m[90m·[m[90m·[m[90m·[m[90m·[m[90m·[m[90m·[m[90m·[m[90m·[m[90m·[m[90m·[m[90m·[m[90m·[m[90m·[m[90m·[m[90m·[m[90m·[m[90m·[m[90m·[m[90m·[m[90m·[m[90m·[m[90m·[m[90m·[m[90m·[m[90m·[m
  [90m06    0[m  [90msearching          [m  [90m░[m[90m░[m[90m░[m[90m░[m[90m░[m[90m·[m[90m·[m[90m·[m[90m·[m[90m·[m[90m·[m[90m·[m[90m·[m[90m·[m[90m·[m[90m·[m[90m·[m[90m·[m[90m·[m[90m·[m[90m·[m[90m·[m[90m·[m[90m·[m[90m·[m[90m·[m[90m·[m[90m·[m[90m·[m[90m·[m[90m·[m[90m·[m[90m·[m[90m·[m[90m·[m[90m·[m[90m·[m[90m·[m[90m·[m[90m·[m[90m·[m[90m·[m[90m·[m[90m·[m[90m·[m[90m·[m[90m·[m[90m·[m[90m·[m[90m·[m
[97m►[m [97m07   -5[m  [37msearching          [m  [96m█[m[96m█[m[96m█[m[96m█[m[96m█[m[36m·[m[36m·[m[36m·[m[36m·[m[36m·[m[36m·[m[36m·[m[36m·[m[36m·[m[36m·[m[36m·[m[36m·[m[36m·[m[36m·[m[36m·[m[36m·[m[36m·[m[36m·[m[36m·[m[36m·[m[36m·[m[36m·[m[36m·[m[36m·[m[36m·[m[36m·[m[36m·[m[36m·[m[36m·[m[36m·[m[36m·[m[36m·[m[36m·[m[36m·[m[36m·[m[36m·[m[36m·[m[36m·[m[36m·[m[36m·[m[36m·[m[36m·[m[36m·[m[36m·[m[36m·[m

  [90mCCD 1                                -10       -20       -30       -40       -50[m
  [90m08    0[m  [90msearching          [m  [90m░[m[90m░[m[90m░[m[90m░[m[90m░[m[90m·[m[90m·[m[90m·[m[90m·[m[90m·[m[90m·[m[90m·[m[90m·[m[90m·[m[90m·[m[90m·[m[90m·[m[90m·[m[90m·[m[90m·[m[90m·[m[90m·[m[90m·[m[90m·[m[90m·[m[90m·[m[90m·[m[90m·[m[90m·[m[90m·[m[90m·[m[90m·[m[90m·[m[90m·[m[90m·[m[90m·[m[90m·[m[90m·[m[90m·[m[90m·[m[90m·[m[90m·[m[90m·[m[90m·[m[90m·[m[90m·[m[90m·[m[90m·[m[90m·[m[90m·[m
  [90m09    0[m  [90msearching          [m  [90m░[m[90m░[m[90m░[m[90m░[m[90m░[m[90m·[m[90m·[m[90m·[m[90m·[m[90m·[m[90m·[m[90m·[m[90m·[m[90m·[m[90m·[m[90m·[m[90m·[m[90m·[m[90m·[m[90m·[m[90m·[m[90m·[m[90m·[m[90m·[m[90m·[m[90m·[m[90m·[m[90m·[m[90m·[m[90m·[m[90m·[m[90m·[m[90m·[m[90m·[m[90m·[m[90m·[m[90m·[m[90m·[m[90m·[m[90m·[m[90m·[m[90m·[m[90m·[m[90m·[m[90m·[m[90m·[m[90m·[m[90m·[m[90m·[m[90m·[m
  [90m10    0[m  [90msearching          [m  [90m░[m[90m░[m[90m░[m[90m░[m[90m░[m[90m·[m[90m·[m[90m·[m[90m·[m[90m·[m[90m·[m[90m·[m[90m·[m[90m·[m[90m·[m[90m·[m[90m·[m[90m·[m[90m·[m[90m·[m[90m·[m[90m·[m[90m·[m[90m·[m[90m·[m[90m·[m[90m·[m[90m·[m[90m·[m[90m·[m[90m·[m[90m·[m[90m·[m[90m·[m[90m·[m[90m·[m[90m·[m[90m·[m[90m·[m[90m·[m[90m·[m[90m·[m[90m·[m[90m·[m[90m·[m[90m·[m[90m·[m[90m·[m[90m·[m[90m·[m
  [90m11    0[m  [90msearching          [m  [90m░[m[90m░[m[90m░[m[90m░[m[90m░[m[90m·[m[90m·[m[90m·[m[90m·[m[90m·[m[90m·[m[90m·[m[90m·[m[90m·[m[90m·[m[90m·[m[90m·[m[90m·[m[90m·[m[90m·[m[90m·[m[90m·[m[90m·[m[90m·[m[90m·[m[90m·[m[90m·[m[90m·[m[90m·[m[90m·[m[90m·[m[90m·[m[90m·[m[90m·[m[90m·[m[90m·[m[90m·[m[90m·[m[90m·[m[90m·[m[90m·[m[90m·[m[90m·[m[90m·[m[90m·[m[90m·[m[90m·[m[90m·[m[90m·[m[90m·[m
  [90m12    0[m  [90msearching          [m  [90m░[m[90m░[m[90m░[m[90m░[m[90m░[m[90m·[m[90m·[m[90m·[m[90m·[m[90m·[m[90m·[m[90m·[m[90m·[m[90m·[m[90m·[m[90m·[m[90m·[m[90m·[m[90m·[m[90m·[m[90m·[m[90m·[m[90m·[m[90m·[m[90m·[m[90m·[m[90m·[m[90m·[m[90m·[m[90m·[m[90m·[m[90m·[m[90m·[m[90m·[m[90m·[m[90m·[m[90m·[m[90m·[m[90m·[m[90m·[m[90m·[m[90m·[m[90m·[m[90m·[m[90m·[m[90m·[m[90m·[m[90m·[m[90m·[m[90m·[m
  [90m13    0[m  [90msearching          [m  [90m░[m[90m░[m[90m░[m[90m░[m[90m░[m[90m·[m[90m·[m[90m·[m[90m·[m[90m·[m[90m·[m[90m·[m[90m·[m[90m·[m[90m·[m[90m·[m[90m·[m[90m·[m[90m·[m[90m·[m[90m·[m[90m·[m[90m·[m[90m·[m[90m·[m[90m·[m[90m·[m[90m·[m[90m·[m[90m·[m[90m·[m[90m·[m[90m·[m[90m·[m[90m·[m[90m·[m[90m·[m[90m·[m[90m·[m[90m·[m[90m·[m[90m·[m[90m·[m[90m·[m[90m·[m[90m·[m[90m·[m[90m·[m[90m·[m[90m·[m
  [90m14    0[m  [90msearching          [m  [90m·[m[90m·[m[90m·[m[90m·[m[91m▌[m[90m·[m[90m·[m[90m·[m[90m·[m[90m·[m[90m·[m[90m·[m[90m·[m[90m·[m[90m·[m[90m·[m[90m·[m[90m·[m[90m·[m[90m·[m[90m·[m[90m·[m[90m·[m[90m·[m[90m·[m[90m·[m[90m·[m[90m·[m[90m·[m[90m·[m[90m·[m[90m·[m[90m·[m[90m·[m[90m·[m[90m·[m[90m·[m[90m·[m[90m·[m[90m·[m[90m·[m[90m·[m[90m·[m[90m·[m[90m·[m[90m·[m[90m·[m[90m·[m[90m·[m[90m·[m
  [90m15    0[m  [90msearching          [m  [90m·[m[90m·[m[90m·[m[90m·[m[90m·[m[90m·[m[90m·[m[90m·[m[90m·[m[90m·[m[90m·[m[90m·[m[90m·[m[90m·[m[90m·[m[90m·[m[90m·[m[90m·[m[90m·[m[90m·[m[90m·[m[90m·[m[90m·[m[90m·[m[90m·[m[90m·[m[90m·[m[90m·[m[90m·[m[90m·[m[90m·[m[90m·[m[90m·[m[90m·[m[90m·[m[90m·[m[90m·[m[90m·[m[90m·[m[90m·[m[90m·[m[90m·[m[90m·[m[90m·[m[90m·[m[90m·[m[90m·[m[90m·[m[90m·[m[90m·[m
  
  [90mComing up[m
  [37mNext in line, taking turns so each core cools down between its own tests: 15,[m
  [37m00, 08, 01, 09, 02, 10, 03, 11, 04, 12, 05, 13, 06, 14.[m
  [37mWhen every core has its limit, they all run together through laps of every kind[m
  [37mof test.[m

  [90mWhat happened[m
  [90m  1h27m  [m[93mbackoff[m  [37mcore 14 -5 → -1[m
  [90m  1h27m  [m[93mcause  [m  [37mcore 14 fails at -5[m
  [90m  1h27m  [m[91mfail   [m  [37mlight load on core 14 alone at -5, wrong result[m
  [90m  1h27m  [m[37msearch [m  [37mcore 06 passed -5, next -10[m
  [90m  1h24m  [m[37msearch [m  [37mcore 13 passed -5, next -10[m
  [90m  1h21m  [m[37msearch [m  [37mcore 05 passed -5, next -10[m
  [90m  1h18m  [m[37msearch [m  [37mcore 12 passed -5, next -10[m
  [90m  1h15m  [m[37msearch [m  [37mcore 04 passed -5, next -10[m
  [90m  1h12m  [m[37msearch [m  [37mcore 11 passed -5, next -10[m
  [90m  1h09m  [m[37msearch [m  [37mcore 03 passed -5, next -10[m
  [90m  1h06m  [m[37msearch [m  [37mcore 10 passed -5, next -10[m
  [90m  1h03m  [m[37msearch [m  [37mcore 02 passed -5, next -10[m
  [90m  1h00m  [m[37msearch [m  [37mcore 09 passed -5, next -10[m
