 togi   10:15:17   session 10h15m   28 failures · 7 crashes   last observed failure 06:59, 3h15m ago
 ■ SOLO ─ ► CYCLE 1 ─ ○ DEEPEN ─ CLEAN 0

 ▌  The last trial has ended; the tuner records what it decided before the next one starts.

 BETWEEN TRIALS  last: FAILURE after 0:00 · R7 all-core on 00-07 · the stress program quit · core 05 named · Tctl max
 next: rerun R7 all-core on 00-07 · 2m

 CCD 0 idle       0  2 counts/cell       -50 fail            CCD 1 idle       0  2 counts/cell       -50 fail
   00 -37 AT LIMIT ▄▄▄▄▄▄▄▄▄▄▄▄▄▄▄▄▄▄█         -38             08 -27 AT LIMIT ▄▄▄▄▄▄▄▄▄▄▄▄▄█              -28
   01 -34 AT LIMIT ▄▄▄▄▄▄▄▄▄▄▄▄▄▄▄▄▄█          -35             09 -18 AT LIMIT ▄▄▄▄▄▄▄▄▄█                  -19
   02 -35 AT LIMIT ▄▄▄▄▄▄▄▄▄▄▄▄▄▄▄▄▄█          -36             10 -16 AT LIMIT ▄▄▄▄▄▄▄▄█                   -17
   03 -17 AT LIMIT ▄▄▄▄▄▄▄▄█                   -18             11  -7 AT LIMIT ▄▄▄█                         -8
   04 -32 AT LIMIT ▄▄▄▄▄▄▄▄▄▄▄▄▄▄▄▄█           -33             12 -10 AT LIMIT ▄▄▄▄▄█                      -11
   05 -10 AT LIMIT ▄▄▄▄▄█                      -11 top         13 -24 AT LIMIT ▄▄▄▄▄▄▄▄▄▄▄▄█               -25
   06 -30 AT LIMIT ▄▄▄▄▄▄▄▄▄▄▄▄▄▄▄█            -31             14  -4 AT LIMIT ▄▄█                          -5 top
   07 -32 AT LIMIT ▄▄▄▄▄▄▄▄▄▄▄▄▄▄▄▄█           -33             15 -39 AT LIMIT ▄▄▄▄▄▄▄▄▄▄▄▄▄▄▄▄▄▄▄█        -40

 CYCLE 1 ─────────────────────────────── 14 steps · 0 done   WHAT HAPPENED ──────────────────────────────────── l: all

 ►  1 R7 all-core       3+ parts      part 1 of 3            10:14  fail     R7 full CCD 0 on 00-07 · the stress
      ├ full CCD 0      00-07         1 failed               10:14  step     cycle 1 step 1: R7 all-core, mprime AVX2
      ├ full CCD 1      08-15                                10:14  cycle    cycle 1 started · 14 steps
      ├ full CCD 0+1    00-15                                10:14  limit    core 15 solo limit -39
      └ partials may follow                                  10:13  limit    core 01 solo limit -34
                                                             10:13  limit    core 00 solo limit -37
 R7 ────────────── top ───────────── self-sufficient ─────   10:11  limit    cores 04, 07 solo limit -32
 mprime AVX2       05 14 by offset   none yet                10:05  limit    core 13 solo limit -24
 mprime AVX-512    05 14 by offset   none yet                10:04  limit    core 02 solo limit -35
 y-cruncher FFTv4  05 14 by offset   none yet                +191 more

  ?  help    l  log    esc  back    q  close view
