ruleset 9 simulated with recorded BIOS context; evidence epoch 1
carried facts: 0 passes, 2 failures
candidate-solo-limit completions citing carried passes: 0
live solo-limit-check trials: 0
first cycle live trials: 2; live passes: 1
first live trial #11: checking R1 trial at [-5 -5]
first live trial #13: checking R2 trial at [-5 -5]
first live trial #16: checking R1 trial at [-4 -5]
known-failure skip #4 cause=[1]: skip carried failure
carried-failure hunt #5 cause=[1]: source failure #1 trial 1; class R7 fixture cores=[0 1] duration=90s; failing=[-10 -10]; hunt carried failure
carried group inference #6 cause=[5 1]: infer carried failure
first passed full cycle #18: passed full cycle
